[toc]

`MySQL` 中有多种表示日期的数据类型，主要有 `DATETIME`、`DATE`、`TIMESTAMP`、`TIME` 和 `YEAR`。

<center><b>日期与时间数据类型</b></center>

| 类型名称    | 日期格式              | 日期范围                                          | 存储需求 |
| ----------- | --------------------- | ------------------------------------------------- | -------- |
| `YEAR`      | `YYYY`                | 1901 ~ 2155                                       | 1 字节   |
| `TIME`      | `HH:MM:SS`            | -838:59:59 ~ 838:59:59                            | 3 字节   |
| `DATE`      | `YYYY-MM-DD`          | 1000-01-01 ~ 9999-12-3                            | 3 字节   |
| `TIMESTAMP` | `YYYY-MM-DD HH:MM:SS` | 1970-01-01 00:00:01 UTC ~ 2038-01-19 03:14:07 UTC | 4 字节   |

### 1. YEAR

`YEAR` 类型是一个单字节类型，用于表示年，在存储时只需要 1 个字节。可以使用各种格式指定 `YEAR` 值，如下所示：

（1）以 4 位字符串或者 4 位数字格式表示的 `YEAR`，范围为 1901 ~ 2155。输入格式为 `YYYY` 或者 `'YYYY'`。例如，输入 '2010' 或 2010，插入到数据库的值均为 2010。

（2）以 2 位字符串格式表示的 `YEAR`，范围为 '00' 到 '99'。'00' ~ '69' 和 '70' ~ '99' 范围的值分别被转换为 2000 ~ 2069 和 1970 ~ 1999 范围的 `YEAR` 值。'0' 与 '00' 的作用相同。插入超过取值范围的值将被转换为 2000。

（3）以 2 位数字表示的 `YEAR`，范围为 1 ~ 99。 1 ~ 69 和 70 ~99 范围的值分别被转换为 2001 ~ 2069 和 1970 ~ 1999 范围的 `YEAR` 值。注意：在这里 0 值将被转换为 0000，而不是 2000。

例如：

```sql
mysql> CREATE TABLE tmp3 (y YEAR);
Query OK, 0 rows affected (0.02 sec)

mysql> INSERT INTO tmp3 VALUES (2010), ('2010');
Query OK, 2 rows affected (0.00 sec)
Records: 2  Duplicates: 0  Warnings: 0

mysql> INSERT INTO tmp3 VALUES ('2166');
ERROR 1264 (22003): Out of range value for column 'y' at row 1
mysql> SHOW WARNINGS;
+-------+------+--------------------------------------------+
| Level | Code | Message                                    |
+-------+------+--------------------------------------------+
| Error | 1264 | Out of range value for column 'y' at row 1 |
+-------+------+--------------------------------------------+
1 row in set (0.00 sec)

mysql> SELECT * FROM tmp3;
+------+
| y    |
+------+
| 2010 |
| 2010 |
+------+
2 rows in set (0.00 sec)

mysql> DELETE FROM tmp3;
Query OK, 2 rows affected (0.00 sec)

mysql> ^C
mysql> INSERT INTO tmp3 values('0'), ('00'), ('77'), ('10');
Query OK, 4 rows affected (0.00 sec)
Records: 4  Duplicates: 0  Warnings: 0

mysql> SELECT * FROM tmp3;
+------+
| y    |
+------+
| 2000 |
| 2000 |
| 1977 |
| 2010 |
+------+
4 rows in set (0.00 sec)

mysql> DELETE FROM tmp3;
Query OK, 4 rows affected (0.00 sec)

mysql> INSERT INTO tmp3 VALUES (0), (78), (11);
Query OK, 3 rows affected (0.00 sec)
Records: 3  Duplicates: 0  Warnings: 0

mysql> SELECT * FROM tmp3;
+------+
| y    |
+------+
| 0000 |
| 1978 |
| 2011 |
+------+
3 rows in set (0.00 sec)
```

### 2. TIME

`TIME` 类型用在只需要时间信息的值，在存储时需要 3 个字节，格式为 `HH:MM:SS`。其中，`HH` 表示小时，`MM` 表示分钟，`SS` 表示秒。`TIME` 类型的取值范围为 `-838:59:59 ~ 838:59:59`，小数部分会如此大的原因是 `TIME` 类型不仅可以用于表示一天的时间。可以使用各种格式指定 `TIME` 值：

（1）'D HH:MM:SS' 格式的字符串。可以使用下面任何一种 "非严格" 的语法：'HH:MM:SS'、'HH:MM'、'D HH:MM'、'D HH' 或 'SS'。这里的 `D` 表示日，可以取  0 ~ 34 之间的值。在插入数据库时，`D` 被转换为小时保存，格式为 'D*24 + HH'。

（2）'HHMMSS' 格式的、没有间隔符的字符串或者 'HHMMSS' 格式的数值，假定是有意义的时间。例如：'101112' 被理解为 '10:11:12'，但 '109712' 是不合法的。

> 提示：为 `TIME` 列分配简写值时应该注意：如果没有冒号，`MySQL` 解释值时，假定最右边的两位表示秒。（`MySQL` 解释 `TIME` 值为过去的时间而不是当天的时间。）例如，读者可能认为 '1112' 和 1112 表示 11:12:00（11 点 12 分），但 `MySQL` 将它们解释为 00:11:12（11 分 12 秒）。相反，`TIME` 值中如果使用冒号则肯定被看做当天的时间。也就是说，'11:12' 表示 11:12:00，而不是 00:11:12。

> 提示：在使用 'D HH' 格式时，小时一定要使用双位数值，如果是小于 10 的小时数，应在前面加 0。

例如：

```sql
mysql> CREATE TABLE tmp4 (t TIME);
Query OK, 0 rows affected (0.01 sec)

mysql> INSERT INTO tmp4 VALUES ('10:05:05'), ('23:23'), ('2 10:10'), ('3 02'), ('10');
Query OK, 5 rows affected (0.00 sec)
Records: 5  Duplicates: 0  Warnings: 0

mysql> SELECT * FROM tmp4;
+----------+
| t        |
+----------+
| 10:05:05 |
| 23:23:00 |
| 58:10:00 |
| 74:00:00 |
| 00:00:10 |
+----------+
5 rows in set (0.00 sec)

mysql> DELETE FROM tmp4;
Query OK, 5 rows affected (0.00 sec)

mysql> INSERT INTO tmp4 VALUES ('101112'), (111213), ('0');
Query OK, 3 rows affected (0.00 sec)
Records: 3  Duplicates: 0  Warnings: 0

mysql> INSERT INTO tmp4 VALUES (107010);
ERROR 1292 (22007): Incorrect time value: '107010' for column 't' at row 1
mysql> SHOW WARNINGS;
+-------+------+--------------------------------------------------------+
| Level | Code | Message                                                |
+-------+------+--------------------------------------------------------+
| Error | 1292 | Incorrect time value: '107010' for column 't' at row 1 |
+-------+------+--------------------------------------------------------+
1 row in set (0.00 sec)

mysql> SELECT * FROM tmp4;
+----------+
| t        |
+----------+
| 10:11:12 |
| 11:12:13 |
| 00:00:00 |
+----------+
3 rows in set (0.00 sec)
```

也可以使用系统日期函数向 `TIME` 字段列插入值：

```sql
mysql> INSERT INTO tmp4 VALUES (CURRENT_TIME), (NOW());
Query OK, 2 rows affected (0.01 sec)
Records: 2  Duplicates: 0  Warnings: 0

mysql> SELECT * FROM tmp4;
+----------+
| t        |
+----------+
| 11:15:09 |
| 11:15:09 |
+----------+
2 rows in set (0.00 sec)
```

### 3. DATE 类型

在给 `DATE` 类型的字段赋值时，可以使用字符串类型或者数字类型的数据插入，只要符合 `DATE` 的日期格式即可。

（1）以 'YYYY-MM-DD' 或者 'YYYYMMDD' 字符串格式表示的日期，取值范围为 '1000-01-01' ~ '9999-12-3'。

（2）以 'YY-MM-DD' 或者 'YYMMDD' 字符串格式表示的日期，在这里 `YY` 表示两位的年值。`MySQL` 使用以下规则解释两位年值： '00 ~ 69' 范围的年值转换为 '2000 ~ 2069'；'70 ~ 99' 范围的年值转换为 '1970 ~ 1999'。

（3）以 YY-MM-DD 或者 YYMMDD 数字格式表示的日期。

（4）使用 `CURRENT_DATE` 或者 `NOW()`，插入当前系统日期。

例如：

```sql
mysql> CREATE TABLE tmp5 (d DATE);
Query OK, 0 rows affected (0.01 sec)

mysql> INSERT INTO tmp5 VALUES ('1998-08-08'), ('19980808'), ('20101010');
Query OK, 3 rows affected (0.00 sec)
Records: 3  Duplicates: 0  Warnings: 0

mysql> SELECT * FROM tmp5;
+------------+
| d          |
+------------+
| 1998-08-08 |
| 1998-08-08 |
| 2010-10-10 |
+------------+
3 rows in set (0.00 sec)

mysql> DELETE FROM tmp5;
Query OK, 3 rows affected (0.01 sec)

mysql> INSERT INTO tmp5 VALUES ('99-09-09'), ('990909'), ('000101'), ('111111');
Query OK, 4 rows affected (0.01 sec)
Records: 4  Duplicates: 0  Warnings: 0

mysql> SELECT * FROM tmp5;
+------------+
| d          |
+------------+
| 1999-09-09 |
| 1999-09-09 |
| 2000-01-01 |
| 2011-11-11 |
+------------+
4 rows in set (0.00 sec)

mysql> DELETE FROM tmp5;
Query OK, 4 rows affected (0.00 sec)

mysql> INSERT INTO tmp5 VALUES (19990909), (990909), (000101), (111111);
Query OK, 4 rows affected (0.00 sec)
Records: 4  Duplicates: 0  Warnings: 0

mysql> SELECT * FROM tmp5;
+------------+
| d          |
+------------+
| 1999-09-09 |
| 1999-09-09 |
| 2000-01-01 |
| 2011-11-11 |
+------------+
4 rows in set (0.00 sec)

mysql> DELETE FROM tmp5;
Query OK, 4 rows affected (0.00 sec)

mysql> INSERT INTO tmp5 VALUES (CURRENT_DATE()), (NOW());
Query OK, 2 rows affected, 1 warning (0.01 sec)
Records: 2  Duplicates: 0  Warnings: 1

mysql> SELECT * FROM tmp5;
+------------+
| d          |
+------------+
| 2023-07-27 |
| 2023-07-27 |
+------------+
2 rows in set (0.00 sec)
```

`CURRENT_DATE` 只返回当前日期值，不包括时间部分；`NOW()` 函数返回日期和时间值，在保存到数据库时，只保留其日期部分。

> 提示：`MySQL` 允许 “不严格” 语法：任何标点符号都可以用作日期部分之间的间隔符。例如：'98-11-31'、’98.11.31‘、'98/11/31'。

### 4. DATETIME

`DATETIME` 类型用于需要同时包含日期和时间信息的值。日期格式为 'YYYY-MM-DD HH:MM:SS'。其中，YYYY 表示年，MM 表示月，DD 表示日， HH 表示小时，MM 表示分钟，SS 表示秒。在给 `DATETIME` 类型的字段赋值时，可以使用字符串类型或者数字类型的数据插入，只要符合 `DATETIME` 的日期格式即可。

（1）以 'YYYY-MM-DD HH:MM:SS' 或者 'YYYYMMDDHHMMSS' 字符串格式表示的值，取值范围为 '1000-01-01 00:00:00' ~ '9999-12-3 23:59:59'。

（2）以 'YY-MM-DD HH:MM:SS' 或者 'YYMMDDHHMMSS' 字符串格式表示的日期，在这里 `YY` 表示两位的年值。

（3）以 YYYYMMDDHHMMSS 或者 YYMMDDHHMMSS 数字格式表示的日期和时间。

例如：

```sql
mysql> CREATE TABLE tmp6 (dt DATETIME);
Query OK, 0 rows affected (0.01 sec)

mysql> INSERT INTO tmp6 VALUES ('1998-08-08 08:08:08'), ('19980808080808'), ('20101010101010');
Query OK, 3 rows affected (0.00 sec)
Records: 3  Duplicates: 0  Warnings: 0

mysql> SELECT * FROM tmp6;
+---------------------+
| dt                  |
+---------------------+
| 1998-08-08 08:08:08 |
| 1998-08-08 08:08:08 |
| 2010-10-10 10:10:10 |
+---------------------+
3 rows in set (0.00 sec)

mysql> DELETE FROM tmp6;
Query OK, 3 rows affected (0.00 sec)

mysql> INSERT INTO tmp6 VALUES ('99-09-09 09:09:09'), ('990909090909'), ('101010101010');
Query OK, 3 rows affected (0.01 sec)
Records: 3  Duplicates: 0  Warnings: 0

mysql> SELECT * FROM tmp6;
+---------------------+
| dt                  |
+---------------------+
| 1999-09-09 09:09:09 |
| 1999-09-09 09:09:09 |
| 2010-10-10 10:10:10 |
+---------------------+
3 rows in set (0.00 sec)

mysql> DELETE FROM tmp6;
Query OK, 3 rows affected (0.00 sec)

mysql> INSERT INTO tmp6 VALUES (19990909090909), (101010101010);
Query OK, 2 rows affected (0.00 sec)
Records: 2  Duplicates: 0  Warnings: 0

mysql> SELECT * FROM tmp6;
+---------------------+
| dt                  |
+---------------------+
| 1999-09-09 09:09:09 |
| 2010-10-10 10:10:10 |
+---------------------+
2 rows in set (0.00 sec)

mysql> DELETE FROM tmp6;
Query OK, 2 rows affected (0.00 sec)

mysql> INSERT INTO tmp6 VALUES (NOW());
Query OK, 1 row affected (0.00 sec)

mysql> SELECT * FROM tmp6;
+---------------------+
| dt                  |
+---------------------+
| 2023-07-27 13:42:29 |
+---------------------+
1 row in set (0.00 sec)
```

> 提示：`MySQL` 允许 “不严格” 语法：任何标点符号都可以用作日期部分或时间部分之间的间隔符。例如：'98-11-31 11:30:45'、’98.11.31 11+30+45‘、`98/11/31 11*30*45`。

### 5. TIMESTAMP

`TIMESTAMP` 的显示格式与 `DATETIME` 相同，显示宽度固定在 19 个字符，日期格式为 `YYYY-MM-DD HH:MM:SS`。`TIMESTAMP` 列的取值范围小于 `DATETIME` 的取值范围，为 '1970-01-01 00:00:01' UTC ~ '2038-01-19 03:14:07' UTC。其中，UTC （Coordinated Universal Time）为世界标准时间，因此在插入数据时，要保证在合法的取值范围内。

例如：

```sql
mysql> CREATE TABLE tmp7 ( ts TIMESTAMP);
Query OK, 0 rows affected (0.10 sec)

mysql> INSERT INTO tmp7 VALUES ('19950101010101'), ('950505050505'), ('1996-02-02 02:02:02'), ('97@03@03 03@03@03'), (121212121212), (NOW());
Query OK, 6 rows affected (0.00 sec)
Records: 6  Duplicates: 0  Warnings: 0

mysql> SELECT * FROM tmp7;
+---------------------+
| ts                  |
+---------------------+
| 1995-01-01 01:01:01 |
| 1995-05-05 05:05:05 |
| 1996-02-02 02:02:02 |
| 1997-03-03 03:03:03 |
| 2012-12-12 12:12:12 |
| 2023-07-27 14:29:45 |
+---------------------+
6 rows in set (0.00 sec)

mysql> DELETE FROM tmp7;
Query OK, 6 rows affected (0.00 sec)

mysql> INSERT INTO tmp7 VALUES (NOW());
Query OK, 1 row affected (0.00 sec)

mysql> SELECT * FROM tmp7;
+---------------------+
| ts                  |
+---------------------+
| 2023-07-27 14:31:43 |
+---------------------+
1 row in set (0.00 sec)

mysql> set time_zone='+10:00';
Query OK, 0 rows affected (0.00 sec)

mysql> INSERT INTO tmp7 VALUES (NOW());
Query OK, 1 row affected (0.00 sec)

mysql> SELECT * FROM tmp7;
+---------------------+
| ts                  |
+---------------------+
| 2023-07-27 16:31:43 |
| 2023-07-27 16:33:06 |
+---------------------+
2 rows in set (0.00 sec)
```

> 提示：`TIMESTAMP` 与 `DATETIME` 除了存储字节和支持的范围不同外，还有一个最大的区别就是：`DATETIME` 在存储日期数据时，按实际输入的格式存储，即输入什么就存储什么，与时区无关；而 `TIMESTAMP` 值的存储是以 `UTC`（世界标准时间）格式保存的，存储时间对当前时区进行转换，检索时在转换回当前时区。查询时，不同时区显示的时间值时不同的。
