03-10 22:12:15.265   963  1026 W BroadcastQueue: Background execution not allowed: receiving Intent { act=android.intent.action.DROPBOX_ENTRY_ADDED flg=0x10 (has extras) } to com.google.android.gms/.stats.service.DropBoxEntryAddedReceiver
03-10 22:12:15.265   963  1026 W BroadcastQueue: Background execution not allowed: receiving Intent { act=android.intent.action.DROPBOX_ENTRY_ADDED flg=0x10 (has extras) } to com.google.android.gms/.chimera.GmsIntentOperationService$PersistentTrustedReceiver
03-10 22:12:15.308   963  1017 W WindowManager: Changing focus fromWindow{618112f u0 com.google.android.apps.photos/com.google.android.apps.photos.pager.HostPhotoPagerActivity} to Window{40f30cb u0 Application Error: com.google.android.apps.photos} displayId=0 Callers=com.android.server.wm.RootWindowContainer.updateFocusedWindowLocked:457 com.android.server.wm.WindowManagerService.updateFocusedWindowLocked:5599 com.android.server.wm.WindowManagerService.addWindow:1731 com.android.server.wm.Session.addToDisplayAsUser:176 
03-10 22:12:15.378   963  1776 W UriGrantsManagerService: No permission grants found for com.google.android.apps.photos
03-10 22:12:15.378   963  3003 W UriGrantsManagerService: No permission grants found for com.google.android.apps.photos
03-10 22:12:15.747   963  1019 W ActivityTaskManager: Activity top resumed state loss timeout for ActivityRecord{bf60cd1 u0 com.google.android.apps.photos/.pager.HostPhotoPagerActivity t10 f}}
03-10 22:12:15.748   963  1019 W ActivityTaskManager: Activity pause timeout for ActivityRecord{bf60cd1 u0 com.google.android.apps.photos/.pager.HostPhotoPagerActivity t10 f}}
03-10 22:12:15.796   963  5651 I WindowManager: Relayout Window{e3158b1 u0 com.mediatek.camera/com.mediatek.camera.CameraLauncher}: oldVis=4 newVis=0 focusMayChange = true
03-10 22:12:15.818  1418  1418 D SyncTransactionQueue: Nothing in queue, so skip queueing up WindowContainerTransaction { changes = {android.os.BinderProxy@4f414a1={bounds:Rect(0, 0 - 1200, 975),ssw:662,}, android.os.BinderProxy@fbc06c6={bounds:Rect(0, 989 - 1200, 2000),ssw:662,}} hops = [] }
03-10 22:12:15.821   963  1019 W ActivityTaskManager: Current config: {1.0 ?mcc?mnc [zh_CN_#Hans,en_US] ldltr sw800dp w1333dp h728dp 240dpi xlrg land finger -keyb/v/h -nav/h winConfig={ mBounds=Rect(0, 0 - 2000, 1200) mAppBounds=Rect(0, 0 - 2000, 1128) mWindowingMode=fullscreen mDisplayWindowingMode=fullscreen mActivityType=undefined mAlwaysOnTop=undefined mRotation=ROTATION_90} s.1286} unchanged for IME proc com.google.android.inputmethod.latin
03-10 22:12:15.824   963  1019 I ActivityTaskManager: Config changes=20000480 {1.0 ?mcc?mnc [zh_CN_#Hans,en_US] ldltr sw800dp w800dp h1261dp 240dpi xlrg port finger -keyb/v/h -nav/h winConfig={ mBounds=Rect(0, 0 - 1200, 2000) mAppBounds=Rect(0, 0 - 1200, 1928) mWindowingMode=fullscreen mDisplayWindowingMode=fullscreen mActivityType=undefined mAlwaysOnTop=undefined mRotation=ROTATION_0} s.1286}
03-10 22:12:15.840   963  1019 W ActivityTaskManager: Current config: {1.0 ?mcc?mnc [zh_CN_#Hans,en_US] ldltr sw800dp w1333dp h728dp 240dpi xlrg land finger -keyb/v/h -nav/h winConfig={ mBounds=Rect(0, 0 - 2000, 1200) mAppBounds=Rect(0, 0 - 2000, 1128) mWindowingMode=fullscreen mDisplayWindowingMode=fullscreen mActivityType=undefined mAlwaysOnTop=undefined mRotation=ROTATION_90} s.1286} unchanged for IME proc com.google.android.inputmethod.latin
03-10 22:12:15.841   963  1019 I WindowManager: Override config changes=20000480 {1.0 ?mcc?mnc [zh_CN_#Hans,en_US] ldltr sw800dp w800dp h1261dp 240dpi xlrg port finger -keyb/v/h -nav/h winConfig={ mBounds=Rect(0, 0 - 1200, 2000) mAppBounds=Rect(0, 0 - 1200, 1928) mWindowingMode=fullscreen mDisplayWindowingMode=fullscreen mActivityType=undefined mAlwaysOnTop=undefined mRotation=ROTATION_0} s.1286} for displayId=0
03-10 22:12:15.845   963  1019 V ActivityTaskManager: Sending to IME proc com.google.android.inputmethod.latin new config {1.0 ?mcc?mnc [zh_CN_#Hans,en_US] ldltr sw800dp w800dp h1261dp 240dpi xlrg port finger -keyb/v/h -nav/h winConfig={ mBounds=Rect(0, 0 - 1200, 2000) mAppBounds=Rect(0, 0 - 1200, 1928) mWindowingMode=fullscreen mDisplayWindowingMode=fullscreen mActivityType=undefined mAlwaysOnTop=undefined mRotation=ROTATION_0} s.1286}
03-10 22:12:15.846   963  1019 W ActivityTaskManager: Current config: {1.0 ?mcc?mnc [zh_CN_#Hans,en_US] ldltr sw800dp w800dp h1261dp 240dpi xlrg port finger -keyb/v/h -nav/h winConfig={ mBounds=Rect(0, 0 - 1200, 2000) mAppBounds=Rect(0, 0 - 1200, 1928) mWindowingMode=fullscreen mDisplayWindowingMode=fullscreen mActivityType=undefined mAlwaysOnTop=undefined mRotation=ROTATION_0} s.1286} unchanged for IME proc com.google.android.inputmethod.latin
03-10 22:12:15.875   963  1026 W BroadcastQueue: Skipping deliver [foreground] BroadcastRecord{6a5ed7c u-1 android.intent.action.CONFIGURATION_CHANGED} to ReceiverList{edaf0eb 10409 com.google.android.apps.photos/10120/u0 remote:7d36c3a}: process gone or crashing
03-10 22:12:19.718   963  1017 V WindowOrientationListener: Proposed rotation changed!  proposedRotation=0, oldProposedRotation=-1
03-10 22:12:20.278   963  1101 I WindowManager: Input event dispatching timed out sending to com.google.android.apps.photos/com.google.android.apps.photos.pager.HostPhotoPagerActivity.  Reason: 618112f com.google.android.apps.photos/com.google.android.apps.photos.pager.HostPhotoPagerActivity (server) is not responding. Waited 5001ms for FocusEvent(hasFocus=false)
03-10 22:12:20.594   963  1101 D WindowManager: notifyANR took 318ms
03-10 22:12:20.653   963 13355 I ActivityManager: Crashing app skipping ANR: ProcessRecord{df8c2cc 10409:com.google.android.apps.photos/u0a120} Input dispatching timed out (618112f com.google.android.apps.photos/com.google.android.apps.photos.pager.HostPhotoPagerActivity (server) is not responding. Waited 5001ms for FocusEvent(hasFocus=false))
03-10 22:12:20.653   963 13355 D ActivityManager: Completed ANR of com.google.android.apps.photos in 59ms, latency 1ms
03-10 22:12:25.944   963  1019 W ActivityTaskManager: Activity destroy timeout for ActivityRecord{bf60cd1 u0 com.google.android.apps.photos/.pager.HostPhotoPagerActivity t10 f}}
03-10 22:12:29.876   963  4054 I ActivityManager: Killing 10409:com.google.android.apps.photos/u0a120 (adj 0): crash
03-10 22:12:29.966   963  1017 W WindowManager: Changing focus fromWindow{40f30cb u0 Application Error: com.google.android.apps.photos EXITING} to Window{e3158b1 u0 com.mediatek.camera/com.mediatek.camera.CameraLauncher} displayId=0 Callers=com.android.server.wm.RootWindowContainer.updateFocusedWindowLocked:457 com.android.server.wm.WindowManagerService.updateFocusedWindowLocked:5599 com.android.server.wm.WindowState.setupWindowForRemoveOnExit:2358 com.android.server.wm.WindowState.removeIfPossible:2327 
03-10 22:12:30.052   963  3003 D MtkConnectivityService: ConnectivityService NetworkRequestInfo binderDied(NetworkRequest [ TRACK_DEFAULT id=111, [ Capabilities: INTERNET&NOT_RESTRICTED&TRUSTED Uid: 10120 AdministratorUids: [] RequestorUid: 10120 RequestorPackageName: com.google.android.apps.photos] ], android.os.BinderProxy@e039a1b)
03-10 22:12:30.052   963  2594 D MediaRouterService: Client com.google.android.apps.photos (pid 10409): Died!
03-10 22:12:30.052   963  1347 D MtkConnectivityService: releasing NetworkRequest [ TRACK_DEFAULT id=111, [ Capabilities: INTERNET&NOT_RESTRICTED&TRUSTED Uid: 10120 AdministratorUids: [] RequestorUid: 10120 RequestorPackageName: com.google.android.apps.photos] ] (release request)
03-10 22:12:30.054   963  1019 W ActivityManager: setHasOverlayUi called on unknown pid: 10409
03-10 22:12:30.098  1418  1418 I EmergencyButton: mLocateAtNonSecureView = true
03-10 22:12:30.098  1418  1418 I EmergencyButton: ECC Button is located on Notification Keygaurd and OP do not ask to show. So this is a normal case ,we never show it.
03-10 22:12:31.934   963  1509 I ActivityTaskManager: START u0 {act=com.android.camera.action.REVIEW dat=content://media/external/video/media/31 typ=video/mp4 cmp=com.google.android.apps.photos/.pager.HostPhotoPagerActivity (has extras)} from uid 10144
03-10 22:12:31.953   963  1509 D DuraSpeed: onAppSwitched, packageName:com.google.android.apps.photos
03-10 22:12:31.960   963  1019 D CompatibilityChangeReporter: Compat change id reported: 135634846; UID 10120; state: DISABLED
03-10 22:12:31.960   963  1019 D CompatibilityChangeReporter: Compat change id reported: 135754954; UID 10120; state: ENABLED
03-10 22:12:31.961   963  1027 D CompatibilityChangeReporter: Compat change id reported: 143937733; UID 10120; state: ENABLED
03-10 22:12:31.964   963  1024 D DexOptExtImpl: com.google.android.apps.photos reason is prebuilt
03-10 22:12:31.976   963  1027 E BOOTPROF: Failure open /proc/bootprof, not found!
03-10 22:12:31.976   963  1027 E BOOTPROF: java.io.FileNotFoundException: /proc/bootprof: open failed: ENOENT (No such file or directory)
03-10 22:12:31.976   963  1027 E BOOTPROF: 	at libcore.io.IoBridge.open(IoBridge.java:492)
03-10 22:12:31.976   963  1027 E BOOTPROF: 	at java.io.FileOutputStream.<init>(FileOutputStream.java:236)
03-10 22:12:31.976   963  1027 E BOOTPROF: 	at java.io.FileOutputStream.<init>(FileOutputStream.java:125)
03-10 22:12:31.976   963  1027 E BOOTPROF: 	at com.mediatek.server.MtkSystemServerImpl.addBootEvent(MtkSystemServerImpl.java:322)
03-10 22:12:31.976   963  1027 E BOOTPROF: 	at com.android.server.am.ProcessList.handleProcessStartedLocked(ProcessList.java:2544)
03-10 22:12:31.976   963  1027 E BOOTPROF: 	at com.android.server.am.ProcessList.handleProcessStartedLocked(ProcessList.java:2508)
03-10 22:12:31.976   963  1027 E BOOTPROF: 	at com.android.server.am.ProcessList.handleProcessStart(ProcessList.java:2077)
03-10 22:12:31.976   963  1027 E BOOTPROF: 	at com.android.server.am.ProcessList.lambda$startProcessLocked$0$ProcessList(ProcessList.java:2007)
03-10 22:12:31.976   963  1027 E BOOTPROF: 	at com.android.server.am.-$$Lambda$ProcessList$jjoaAPSQT_weAnGqu0R0SCcvKqw.run(Unknown Source:22)
03-10 22:12:31.976   963  1027 E BOOTPROF: 	at android.os.Handler.handleCallback(Handler.java:938)
03-10 22:12:31.976   963  1027 E BOOTPROF: 	at android.os.Handler.dispatchMessage(Handler.java:99)
03-10 22:12:31.976   963  1027 E BOOTPROF: 	at android.os.Looper.loop(Looper.java:223)
03-10 22:12:31.976   963  1027 E BOOTPROF: 	at android.os.HandlerThread.run(HandlerThread.java:67)
03-10 22:12:31.976   963  1027 E BOOTPROF: 	at com.android.server.ServiceThread.run(ServiceThread.java:44)
03-10 22:12:31.976   963  1027 E BOOTPROF: Caused by: android.system.ErrnoException: open failed: ENOENT (No such file or directory)
03-10 22:12:31.976   963  1027 E BOOTPROF: 	at libcore.io.Linux.open(Native Method)
03-10 22:12:31.976   963  1027 E BOOTPROF: 	at libcore.io.ForwardingOs.open(ForwardingOs.java:166)
03-10 22:12:31.976   963  1027 E BOOTPROF: 	at libcore.io.BlockGuardOs.open(BlockGuardOs.java:254)
03-10 22:12:31.976   963  1027 E BOOTPROF: 	at libcore.io.IoBridge.open(IoBridge.java:478)
03-10 22:12:31.976   963  1027 E BOOTPROF: 	... 13 more
03-10 22:12:31.976   963  1027 I ActivityManager: Start proc 13363:com.google.android.apps.photos/u0a120 for pre-top-activity {com.google.android.apps.photos/com.google.android.apps.photos.pager.HostPhotoPagerActivity}
03-10 22:12:31.992   963  1020 W WindowManager: Changing focus fromWindow{e3158b1 u0 com.mediatek.camera/com.mediatek.camera.CameraLauncher} to null displayId=0 Callers=com.android.server.wm.RootWindowContainer.updateFocusedWindowLocked:457 com.android.server.wm.WindowManagerService.updateFocusedWindowLocked:5599 com.android.server.wm.WindowManagerService.relayoutWindow:2392 com.android.server.wm.Session.relayout:213 
03-10 22:12:32.005   963  5651 V ActivityManager: New death recipient com.android.server.am.ActivityManagerService$AppDeathRecipient@2e6178a for thread android.os.BinderProxy@5e041fb
03-10 22:12:32.298   963  5695 V SettingsProvider: packageValueForCallResult, name = null, value : Bundle[{_track_generation=android.util.MemoryIntArray@92, value=null, _generation_index=0, _generation=60}]
03-10 22:12:32.332   963  1509 D CompatibilityChangeReporter: Compat change id reported: 136274596; UID 10120; state: ENABLED
03-10 22:12:32.430  1418  1418 D SyncTransactionQueue: Nothing in queue, so skip queueing up WindowContainerTransaction { changes = {android.os.BinderProxy@4f414a1={bounds:Rect(0, 0 - 993, 1200),ssw:662,}, android.os.BinderProxy@fbc06c6={bounds:Rect(1007, 0 - 2000, 1200),ssw:662,}} hops = [] }
03-10 22:12:32.434   963  1019 W ActivityTaskManager: Current config: {1.0 ?mcc?mnc [zh_CN_#Hans,en_US] ldltr sw800dp w800dp h1261dp 240dpi xlrg port finger -keyb/v/h -nav/h winConfig={ mBounds=Rect(0, 0 - 1200, 2000) mAppBounds=Rect(0, 0 - 1200, 1928) mWindowingMode=fullscreen mDisplayWindowingMode=fullscreen mActivityType=undefined mAlwaysOnTop=undefined mRotation=ROTATION_0} s.1318} unchanged for IME proc com.google.android.inputmethod.latin
03-10 22:12:32.436   963  1019 I ActivityTaskManager: Config changes=20000480 {1.0 ?mcc?mnc [zh_CN_#Hans,en_US] ldltr sw800dp w1333dp h728dp 240dpi xlrg land finger -keyb/v/h -nav/h winConfig={ mBounds=Rect(0, 0 - 2000, 1200) mAppBounds=Rect(0, 0 - 2000, 1128) mWindowingMode=fullscreen mDisplayWindowingMode=fullscreen mActivityType=undefined mAlwaysOnTop=undefined mRotation=ROTATION_90} s.1318}
03-10 22:12:32.453   963  1019 W ActivityTaskManager: Current config: {1.0 ?mcc?mnc [zh_CN_#Hans,en_US] ldltr sw800dp w800dp h1261dp 240dpi xlrg port finger -keyb/v/h -nav/h winConfig={ mBounds=Rect(0, 0 - 1200, 2000) mAppBounds=Rect(0, 0 - 1200, 1928) mWindowingMode=fullscreen mDisplayWindowingMode=fullscreen mActivityType=undefined mAlwaysOnTop=undefined mRotation=ROTATION_0} s.1318} unchanged for IME proc com.google.android.inputmethod.latin
03-10 22:12:32.453   963  1019 I WindowManager: Override config changes=20000480 {1.0 ?mcc?mnc [zh_CN_#Hans,en_US] ldltr sw800dp w1333dp h728dp 240dpi xlrg land finger -keyb/v/h -nav/h winConfig={ mBounds=Rect(0, 0 - 2000, 1200) mAppBounds=Rect(0, 0 - 2000, 1128) mWindowingMode=fullscreen mDisplayWindowingMode=fullscreen mActivityType=undefined mAlwaysOnTop=undefined mRotation=ROTATION_90} s.1318} for displayId=0
03-10 22:12:32.455   963  1019 V ActivityTaskManager: Sending to IME proc com.google.android.inputmethod.latin new config {1.0 ?mcc?mnc [zh_CN_#Hans,en_US] ldltr sw800dp w1333dp h728dp 240dpi xlrg land finger -keyb/v/h -nav/h winConfig={ mBounds=Rect(0, 0 - 2000, 1200) mAppBounds=Rect(0, 0 - 2000, 1128) mWindowingMode=fullscreen mDisplayWindowingMode=fullscreen mActivityType=undefined mAlwaysOnTop=undefined mRotation=ROTATION_90} s.1318}
03-10 22:12:32.455   963  1019 W ActivityTaskManager: Current config: {1.0 ?mcc?mnc [zh_CN_#Hans,en_US] ldltr sw800dp w1333dp h728dp 240dpi xlrg land finger -keyb/v/h -nav/h winConfig={ mBounds=Rect(0, 0 - 2000, 1200) mAppBounds=Rect(0, 0 - 2000, 1128) mWindowingMode=fullscreen mDisplayWindowingMode=fullscreen mActivityType=undefined mAlwaysOnTop=undefined mRotation=ROTATION_90} s.1318} unchanged for IME proc com.google.android.inputmethod.latin
03-10 22:12:32.494   963  5695 V SettingsProvider: name : hide_rotation_lock_toggle_for_accessibility appId : 10142
03-10 22:12:32.495   963  5695 V SettingsProvider: Package name : com.android.systemui privateFlags : -1938812824
03-10 22:12:32.496   963  5695 V SettingsProvider: name : accelerometer_rotation appId : 1000
03-10 22:12:32.496   963  5695 V SettingsProvider: name : user_rotation appId : 1000
03-10 22:12:32.504   963  5618 I WindowManager: Relayout Window{40e3a9f u0 com.google.android.apps.photos/com.google.android.apps.photos.pager.HostPhotoPagerActivity}: oldVis=4 newVis=0 focusMayChange = true
03-10 22:12:32.510   963  5618 W WindowManager: Changing focus fromnull to Window{40e3a9f u0 com.google.android.apps.photos/com.google.android.apps.photos.pager.HostPhotoPagerActivity} displayId=0 Callers=com.android.server.wm.RootWindowContainer.updateFocusedWindowLocked:457 com.android.server.wm.WindowManagerService.updateFocusedWindowLocked:5599 com.android.server.wm.WindowManagerService.relayoutWindow:2392 com.android.server.wm.Session.relayout:213 
03-10 22:12:32.758   963  1025 E BOOTPROF: Failure open /proc/bootprof, not found!
03-10 22:12:32.758   963  1025 E BOOTPROF: java.io.FileNotFoundException: /proc/bootprof: open failed: ENOENT (No such file or directory)
03-10 22:12:32.758   963  1025 E BOOTPROF: 	at libcore.io.IoBridge.open(IoBridge.java:492)
03-10 22:12:32.758   963  1025 E BOOTPROF: 	at java.io.FileOutputStream.<init>(FileOutputStream.java:236)
03-10 22:12:32.758   963  1025 E BOOTPROF: 	at java.io.FileOutputStream.<init>(FileOutputStream.java:125)
03-10 22:12:32.758   963  1025 E BOOTPROF: 	at com.mediatek.server.MtkSystemServerImpl.addBootEvent(MtkSystemServerImpl.java:322)
03-10 22:12:32.758   963  1025 E BOOTPROF: 	at com.android.server.wm.ActivityMetricsLogger.logAppDisplayed(ActivityMetricsLogger.java:903)
03-10 22:12:32.758   963  1025 E BOOTPROF: 	at com.android.server.wm.ActivityMetricsLogger.lambda$logAppTransitionFinished$2$ActivityMetricsLogger(ActivityMetricsLogger.java:804)
03-10 22:12:32.758   963  1025 E BOOTPROF: 	at com.android.server.wm.-$$Lambda$ActivityMetricsLogger$fTBXciy3VZJ2vTW_ZJXaKfUj7_I.run(Unknown Source:4)
03-10 22:12:32.758   963  1025 E BOOTPROF: 	at android.os.Handler.handleCallback(Handler.java:938)
03-10 22:12:32.758   963  1025 E BOOTPROF: 	at android.os.Handler.dispatchMessage(Handler.java:99)
03-10 22:12:32.758   963  1025 E BOOTPROF: 	at android.os.Looper.loop(Looper.java:223)
03-10 22:12:32.758   963  1025 E BOOTPROF: 	at android.os.HandlerThread.run(HandlerThread.java:67)
03-10 22:12:32.758   963  1025 E BOOTPROF: Caused by: android.system.ErrnoException: open failed: ENOENT (No such file or directory)
03-10 22:12:32.758   963  1025 E BOOTPROF: 	at libcore.io.Linux.open(Native Method)
03-10 22:12:32.758   963  1025 E BOOTPROF: 	at libcore.io.ForwardingOs.open(ForwardingOs.java:166)
03-10 22:12:32.758   963  1025 E BOOTPROF: 	at libcore.io.BlockGuardOs.open(BlockGuardOs.java:254)
03-10 22:12:32.758   963  1025 E BOOTPROF: 	at libcore.io.IoBridge.open(IoBridge.java:478)
03-10 22:12:32.758   963  1025 E BOOTPROF: 	... 10 more
03-10 22:12:33.144   963  5695 V SettingsProvider: packageValueForCallResult, name = null, value : Bundle[{_track_generation=android.util.MemoryIntArray@92, value=null, _generation_index=2, _generation=103}]
03-10 22:12:33.305   963  2592 D MediaRouterService: Client com.google.android.apps.photos (pid 13363): Registered
03-10 22:12:33.373   963  2592 D MtkConnectivityService: requestNetwork for uid/pid:10120/13363 NetworkRequest [ TRACK_DEFAULT id=112, [ Capabilities: INTERNET&NOT_RESTRICTED&TRUSTED Uid: 10120 AdministratorUids: [] RequestorUid: 10120 RequestorPackageName: com.google.android.apps.photos] ]
03-10 22:12:33.373   963  1347 D MtkConnectivityService: NetReassign [no changes]
03-10 22:12:33.382  1418  1418 I EmergencyButton: mLocateAtNonSecureView = true
03-10 22:12:33.382  1418  1418 I EmergencyButton: ECC Button is located on Notification Keygaurd and OP do not ask to show. So this is a normal case ,we never show it.
03-10 22:12:33.400   963  2592 D MediaRouterService: Client com.google.android.apps.photos (pid 13363): Set discovery request, routeTypes=0x800000, activeScan=false
03-10 22:12:33.427   963  1509 W UriGrantsManagerService: No permission grants found for com.google.android.apps.photos
03-10 22:12:33.428   963  1509 W UriGrantsManagerService: No permission grants found for com.google.android.apps.photos
03-10 22:12:33.486   963  5695 W UriGrantsManagerService: No permission grants found for com.google.android.apps.photos
03-10 22:12:33.516   963  5695 I chatty  : uid=1000(system) Binder:963_1E identical 2 lines
03-10 22:12:33.516   963  5695 W UriGrantsManagerService: No permission grants found for com.google.android.apps.photos
03-10 22:12:34.470   963  2592 V SettingsProvider: packageValueForCallResult, name = sound_effects_enabled, value : Bundle[{_track_generation=android.util.MemoryIntArray@92, value=1, _generation_index=3, _generation=25}]
03-10 22:12:40.108   963  1017 D AutofillManagerService: onBackKeyPressed()
03-10 22:12:40.122   963  5695 D DuraSpeed: onAppSwitched, packageName:com.mediatek.camera
03-10 22:12:40.150   963  5695 W WindowManager: Changing focus fromWindow{40e3a9f u0 com.google.android.apps.photos/com.google.android.apps.photos.pager.HostPhotoPagerActivity} to null displayId=0 Callers=com.android.server.wm.RootWindowContainer.updateFocusedWindowLocked:457 com.android.server.wm.WindowManagerService.updateFocusedWindowLocked:5599 com.android.server.wm.DisplayContent.setFocusedApp:5517 com.android.server.wm.ActivityTaskManagerService.setResumedActivityUncheckLocked:5510 
03-10 22:12:40.191   963  2592 I WindowManager: Relayout Window{e3158b1 u0 com.mediatek.camera/com.mediatek.camera.CameraLauncher}: oldVis=4 newVis=0 focusMayChange = true
03-10 22:12:40.195   963  2592 W WindowManager: Changing focus fromnull to Window{e3158b1 u0 com.mediatek.camera/com.mediatek.camera.CameraLauncher} displayId=0 Callers=com.android.server.wm.RootWindowContainer.updateFocusedWindowLocked:457 com.android.server.wm.WindowManagerService.updateFocusedWindowLocked:5599 com.android.server.wm.WindowManagerService.relayoutWindow:2392 com.android.server.wm.Session.relayout:213 
03-10 22:12:40.222  1418  1418 D SyncTransactionQueue: Nothing in queue, so skip queueing up WindowContainerTransaction { changes = {android.os.BinderProxy@4f414a1={bounds:Rect(0, 0 - 1200, 975),ssw:662,}, android.os.BinderProxy@fbc06c6={bounds:Rect(0, 989 - 1200, 2000),ssw:662,}} hops = [] }
03-10 22:12:40.229   963  1019 W ActivityTaskManager: Current config: {1.0 ?mcc?mnc [zh_CN_#Hans,en_US] ldltr sw800dp w1333dp h728dp 240dpi xlrg land finger -keyb/v/h -nav/h winConfig={ mBounds=Rect(0, 0 - 2000, 1200) mAppBounds=Rect(0, 0 - 2000, 1128) mWindowingMode=fullscreen mDisplayWindowingMode=fullscreen mActivityType=undefined mAlwaysOnTop=undefined mRotation=ROTATION_90} s.1350} unchanged for IME proc com.google.android.inputmethod.latin
03-10 22:12:40.230   963  1019 I ActivityTaskManager: Config changes=20000480 {1.0 ?mcc?mnc [zh_CN_#Hans,en_US] ldltr sw800dp w800dp h1261dp 240dpi xlrg port finger -keyb/v/h -nav/h winConfig={ mBounds=Rect(0, 0 - 1200, 2000) mAppBounds=Rect(0, 0 - 1200, 1928) mWindowingMode=fullscreen mDisplayWindowingMode=fullscreen mActivityType=undefined mAlwaysOnTop=undefined mRotation=ROTATION_0} s.1350}
03-10 22:12:40.249   963  1019 W ActivityTaskManager: Current config: {1.0 ?mcc?mnc [zh_CN_#Hans,en_US] ldltr sw800dp w1333dp h728dp 240dpi xlrg land finger -keyb/v/h -nav/h winConfig={ mBounds=Rect(0, 0 - 2000, 1200) mAppBounds=Rect(0, 0 - 2000, 1128) mWindowingMode=fullscreen mDisplayWindowingMode=fullscreen mActivityType=undefined mAlwaysOnTop=undefined mRotation=ROTATION_90} s.1350} unchanged for IME proc com.google.android.inputmethod.latin
03-10 22:12:40.249   963  1019 I WindowManager: Override config changes=20000480 {1.0 ?mcc?mnc [zh_CN_#Hans,en_US] ldltr sw800dp w800dp h1261dp 240dpi xlrg port finger -keyb/v/h -nav/h winConfig={ mBounds=Rect(0, 0 - 1200, 2000) mAppBounds=Rect(0, 0 - 1200, 1928) mWindowingMode=fullscreen mDisplayWindowingMode=fullscreen mActivityType=undefined mAlwaysOnTop=undefined mRotation=ROTATION_0} s.1350} for displayId=0
03-10 22:12:40.251   963  1019 V ActivityTaskManager: Sending to IME proc com.google.android.inputmethod.latin new config {1.0 ?mcc?mnc [zh_CN_#Hans,en_US] ldltr sw800dp w800dp h1261dp 240dpi xlrg port finger -keyb/v/h -nav/h winConfig={ mBounds=Rect(0, 0 - 1200, 2000) mAppBounds=Rect(0, 0 - 1200, 1928) mWindowingMode=fullscreen mDisplayWindowingMode=fullscreen mActivityType=undefined mAlwaysOnTop=undefined mRotation=ROTATION_0} s.1350}
03-10 22:12:40.252   963  1019 W ActivityTaskManager: Current config: {1.0 ?mcc?mnc [zh_CN_#Hans,en_US] ldltr sw800dp w800dp h1261dp 240dpi xlrg port finger -keyb/v/h -nav/h winConfig={ mBounds=Rect(0, 0 - 1200, 2000) mAppBounds=Rect(0, 0 - 1200, 1928) mWindowingMode=fullscreen mDisplayWindowingMode=fullscreen mActivityType=undefined mAlwaysOnTop=undefined mRotation=ROTATION_0} s.1350} unchanged for IME proc com.google.android.inputmethod.latin
03-10 22:12:40.674   963  2592 D MediaRouterService: Client com.google.android.apps.photos (pid 13363): Set discovery request, routeTypes=0x0, activeScan=false
03-10 22:12:40.975   963  1017 V WindowOrientationListener: Proposed rotation changed!  proposedRotation=1, oldProposedRotation=-1
03-10 22:12:41.114   963   963 W JobServiceContext: Time-out while trying to bind 87e8e1c #u0a120/1034 com.google.android.apps.photos/com.google.android.libraries.social.mediamonitor.MediaMonitorJobSchedulerService, dropping.
03-10 22:12:41.637   963  5695 W UriGrantsManagerService: No permission grants found for com.google.android.apps.photos
03-10 22:12:41.638   963  5695 W UriGrantsManagerService: No permission grants found for com.google.android.apps.photos
03-10 22:12:41.780   963  1509 W UriGrantsManagerService: No permission grants found for com.google.android.apps.photos
03-10 22:12:41.781   963  1509 W UriGrantsManagerService: No permission grants found for com.google.android.apps.photos
03-10 22:12:42.052   963  2592 W UriGrantsManagerService: No permission grants found for com.google.android.apps.photos
03-10 22:12:42.052   963  2592 W UriGrantsManagerService: No permission grants found for com.google.android.apps.photos
03-10 22:12:42.519   963  1509 W UriGrantsManagerService: No permission grants found for com.google.android.apps.photos
03-10 22:12:42.586   963  1509 I chatty  : uid=1000(system) Binder:963_7 identical 2 lines
03-10 22:12:42.587   963  1509 W UriGrantsManagerService: No permission grants found for com.google.android.apps.photos
03-10 22:12:42.778   963  2592 W UriGrantsManagerService: No permission grants found for com.google.android.apps.photos
03-10 22:12:42.779   963  2592 W UriGrantsManagerService: No permission grants found for com.google.android.apps.photos
03-10 22:12:50.541   963  5695 W UriGrantsManagerService: No permission grants found for com.google.android.apps.photos
03-10 22:12:50.541   963  5695 W UriGrantsManagerService: No permission grants found for com.google.android.apps.photos
03-10 22:12:50.719   963  5618 W UriGrantsManagerService: No permission grants found for com.google.android.apps.photos
03-10 22:12:50.722   963  5618 W UriGrantsManagerService: No permission grants found for com.google.android.apps.photos
03-10 22:12:51.055   963  5695 W UriGrantsManagerService: No permission grants found for com.google.android.apps.photos
03-10 22:12:51.112   963  5695 I chatty  : uid=1000(system) Binder:963_1E identical 2 lines
03-10 22:12:51.113   963  5695 W UriGrantsManagerService: No permission grants found for com.google.android.apps.photos
03-10 22:12:51.270   963  5695 I ActivityTaskManager: START u0 {act=com.android.camera.action.REVIEW dat=content://media/external/video/media/32 typ=video/mp4 cmp=com.google.android.apps.photos/.pager.HostPhotoPagerActivity (has extras)} from uid 10144
03-10 22:12:51.278   963  5695 D DuraSpeed: onAppSwitched, packageName:com.google.android.apps.photos
03-10 22:12:51.293   963  1509 W ActivityTaskManager: Tried to set launchTime (0) < mLastActivityLaunchTime (2866991)
03-10 22:12:51.299   963  1509 W WindowManager: Changing focus fromWindow{e3158b1 u0 com.mediatek.camera/com.mediatek.camera.CameraLauncher} to null displayId=0 Callers=com.android.server.wm.RootWindowContainer.updateFocusedWindowLocked:457 com.android.server.wm.WindowManagerService.updateFocusedWindowLocked:5599 com.android.server.wm.DisplayContent.setFocusedApp:5517 com.android.server.wm.ActivityTaskManagerService.setResumedActivityUncheckLocked:5510 
03-10 22:12:51.389   963  5695 I WindowManager: Relayout Window{4c7985b u0 com.google.android.apps.photos/com.google.android.apps.photos.pager.HostPhotoPagerActivity}: oldVis=4 newVis=0 focusMayChange = true
03-10 22:12:51.392   963  5695 W WindowManager: Changing focus fromnull to Window{4c7985b u0 com.google.android.apps.photos/com.google.android.apps.photos.pager.HostPhotoPagerActivity} displayId=0 Callers=com.android.server.wm.RootWindowContainer.updateFocusedWindowLocked:457 com.android.server.wm.WindowManagerService.updateFocusedWindowLocked:5599 com.android.server.wm.WindowManagerService.relayoutWindow:2392 com.android.server.wm.Session.relayout:213 
03-10 22:12:51.652   963  1509 W UriGrantsManagerService: No permission grants found for com.google.android.apps.photos
03-10 22:12:51.654   963  1509 W UriGrantsManagerService: No permission grants found for com.google.android.apps.photos
03-10 22:12:51.675   963  1025 E BOOTPROF: Failure open /proc/bootprof, not found!
03-10 22:12:51.675   963  1025 E BOOTPROF: java.io.FileNotFoundException: /proc/bootprof: open failed: ENOENT (No such file or directory)
03-10 22:12:51.675   963  1025 E BOOTPROF: 	at libcore.io.IoBridge.open(IoBridge.java:492)
03-10 22:12:51.675   963  1025 E BOOTPROF: 	at java.io.FileOutputStream.<init>(FileOutputStream.java:236)
03-10 22:12:51.675   963  1025 E BOOTPROF: 	at java.io.FileOutputStream.<init>(FileOutputStream.java:125)
03-10 22:12:51.675   963  1025 E BOOTPROF: 	at com.mediatek.server.MtkSystemServerImpl.addBootEvent(MtkSystemServerImpl.java:322)
03-10 22:12:51.675   963  1025 E BOOTPROF: 	at com.android.server.wm.ActivityMetricsLogger.logAppDisplayed(ActivityMetricsLogger.java:903)
03-10 22:12:51.675   963  1025 E BOOTPROF: 	at com.android.server.wm.ActivityMetricsLogger.lambda$logAppTransitionFinished$2$ActivityMetricsLogger(ActivityMetricsLogger.java:804)
03-10 22:12:51.675   963  1025 E BOOTPROF: 	at com.android.server.wm.-$$Lambda$ActivityMetricsLogger$fTBXciy3VZJ2vTW_ZJXaKfUj7_I.run(Unknown Source:4)
03-10 22:12:51.675   963  1025 E BOOTPROF: 	at android.os.Handler.handleCallback(Handler.java:938)
03-10 22:12:51.675   963  1025 E BOOTPROF: 	at android.os.Handler.dispatchMessage(Handler.java:99)
03-10 22:12:51.675   963  1025 E BOOTPROF: 	at android.os.Looper.loop(Looper.java:223)
03-10 22:12:51.675   963  1025 E BOOTPROF: 	at android.os.HandlerThread.run(HandlerThread.java:67)
03-10 22:12:51.675   963  1025 E BOOTPROF: Caused by: android.system.ErrnoException: open failed: ENOENT (No such file or directory)
03-10 22:12:51.675   963  1025 E BOOTPROF: 	at libcore.io.Linux.open(Native Method)
03-10 22:12:51.675   963  1025 E BOOTPROF: 	at libcore.io.ForwardingOs.open(ForwardingOs.java:166)
03-10 22:12:51.675   963  1025 E BOOTPROF: 	at libcore.io.BlockGuardOs.open(BlockGuardOs.java:254)
03-10 22:12:51.675   963  1025 E BOOTPROF: 	at libcore.io.IoBridge.open(IoBridge.java:478)
03-10 22:12:51.675   963  1025 E BOOTPROF: 	... 10 more
03-10 22:12:51.955   963  5651 W UriGrantsManagerService: No permission grants found for com.google.android.apps.photos
03-10 22:12:51.957   963  6014 W UriGrantsManagerService: No permission grants found for com.google.android.apps.photos
03-10 22:12:52.075  1418  1418 D SyncTransactionQueue: Nothing in queue, so skip queueing up WindowContainerTransaction { changes = {android.os.BinderProxy@4f414a1={bounds:Rect(0, 0 - 993, 1200),ssw:662,}, android.os.BinderProxy@fbc06c6={bounds:Rect(1007, 0 - 2000, 1200),ssw:662,}} hops = [] }
03-10 22:12:52.085   963  1019 W ActivityTaskManager: Current config: {1.0 ?mcc?mnc [zh_CN_#Hans,en_US] ldltr sw800dp w800dp h1261dp 240dpi xlrg port finger -keyb/v/h -nav/h winConfig={ mBounds=Rect(0, 0 - 1200, 2000) mAppBounds=Rect(0, 0 - 1200, 1928) mWindowingMode=fullscreen mDisplayWindowingMode=fullscreen mActivityType=undefined mAlwaysOnTop=undefined mRotation=ROTATION_0} s.1382} unchanged for IME proc com.google.android.inputmethod.latin
03-10 22:12:52.088   963  1019 I ActivityTaskManager: Config changes=20000480 {1.0 ?mcc?mnc [zh_CN_#Hans,en_US] ldltr sw800dp w1333dp h728dp 240dpi xlrg land finger -keyb/v/h -nav/h winConfig={ mBounds=Rect(0, 0 - 2000, 1200) mAppBounds=Rect(0, 0 - 2000, 1128) mWindowingMode=fullscreen mDisplayWindowingMode=fullscreen mActivityType=undefined mAlwaysOnTop=undefined mRotation=ROTATION_90} s.1382}
03-10 22:12:52.096   963  5651 D MediaRouterService: Client com.google.android.apps.photos (pid 13363): Set discovery request, routeTypes=0x800000, activeScan=false
03-10 22:12:52.106   963  1019 W ActivityTaskManager: Current config: {1.0 ?mcc?mnc [zh_CN_#Hans,en_US] ldltr sw800dp w800dp h1261dp 240dpi xlrg port finger -keyb/v/h -nav/h winConfig={ mBounds=Rect(0, 0 - 1200, 2000) mAppBounds=Rect(0, 0 - 1200, 1928) mWindowingMode=fullscreen mDisplayWindowingMode=fullscreen mActivityType=undefined mAlwaysOnTop=undefined mRotation=ROTATION_0} s.1382} unchanged for IME proc com.google.android.inputmethod.latin
03-10 22:12:52.107   963  1019 I WindowManager: Override config changes=20000480 {1.0 ?mcc?mnc [zh_CN_#Hans,en_US] ldltr sw800dp w1333dp h728dp 240dpi xlrg land finger -keyb/v/h -nav/h winConfig={ mBounds=Rect(0, 0 - 2000, 1200) mAppBounds=Rect(0, 0 - 2000, 1128) mWindowingMode=fullscreen mDisplayWindowingMode=fullscreen mActivityType=undefined mAlwaysOnTop=undefined mRotation=ROTATION_90} s.1382} for displayId=0
03-10 22:12:52.109   963  1019 V ActivityTaskManager: Sending to IME proc com.google.android.inputmethod.latin new config {1.0 ?mcc?mnc [zh_CN_#Hans,en_US] ldltr sw800dp w1333dp h728dp 240dpi xlrg land finger -keyb/v/h -nav/h winConfig={ mBounds=Rect(0, 0 - 2000, 1200) mAppBounds=Rect(0, 0 - 2000, 1128) mWindowingMode=fullscreen mDisplayWindowingMode=fullscreen mActivityType=undefined mAlwaysOnTop=undefined mRotation=ROTATION_90} s.1382}
03-10 22:12:52.110   963  1019 W ActivityTaskManager: Current config: {1.0 ?mcc?mnc [zh_CN_#Hans,en_US] ldltr sw800dp w1333dp h728dp 240dpi xlrg land finger -keyb/v/h -nav/h winConfig={ mBounds=Rect(0, 0 - 2000, 1200) mAppBounds=Rect(0, 0 - 2000, 1128) mWindowingMode=fullscreen mDisplayWindowingMode=fullscreen mActivityType=undefined mAlwaysOnTop=undefined mRotation=ROTATION_90} s.1382} unchanged for IME proc com.google.android.inputmethod.latin
03-10 22:12:52.195   963  5651 V SettingsProvider: name : hide_rotation_lock_toggle_for_accessibility appId : 10142
03-10 22:12:52.198   963  5651 V SettingsProvider: Package name : com.android.systemui privateFlags : -1938812824
03-10 22:12:52.211   963  5695 V SettingsProvider: name : accelerometer_rotation appId : 1000
03-10 22:12:52.211   963  5695 V SettingsProvider: name : user_rotation appId : 1000
03-10 22:12:52.221   963  1032 E KernelCpuSpeedReader: Failed to read cpu-freq: /sys/devices/system/cpu/cpu0/cpufreq/stats/time_in_state: open failed: ENOENT (No such file or directory)
03-10 22:12:52.222   963  1032 E KernelCpuSpeedReader: Failed to read cpu-freq: /sys/devices/system/cpu/cpu4/cpufreq/stats/time_in_state: open failed: ENOENT (No such file or directory)
03-10 22:12:52.248   963  1036 D DuraSpeed: System unhealthy type: HEALTH_TYPE_CPU
03-10 22:12:52.248   963  1036 D DuraSpeed: Need release resource: 10.0%
03-10 22:12:52.248   963  1036 D DuraSpeed:   com.mediatek.camera, appType: 0x0103, adj: 700, cpuLoading: 0.0%
03-10 22:12:52.248   963  1036 D DuraSpeed:   com.android.vending, appType: 0x0003, adj: 955, cpuLoading: 0.0%
03-10 22:12:52.248   963  1036 D DuraSpeed:   com.google.android.apps.nbu.files, appType: 0x0103, adj: 900, cpuLoading: 0.0%
03-10 22:12:52.248   963  1036 D DuraSpeed:   com.google.android.apps.docs, appType: 0x0003, adj: 995, cpuLoading: 0.0%
03-10 22:12:52.248   963  1036 D DuraSpeed:   com.google.android.apps.photos, appType: 0x2103, adj: 0, cpuLoading: 0.0%
03-10 22:12:52.248   963  1036 D DuraSpeed:   com.google.android.documentsui, appType: 0x0003, adj: 985, cpuLoading: 0.0%
03-10 22:12:52.248   963  1036 D DuraSpeed:   com.android.settings, appType: 0x1003, adj: 910, cpuLoading: 0.4%
03-10 22:12:52.249   963  1036 D DuraSpeed: CPU total released about: 0.0%
03-10 22:12:52.347   963  5651 W UriGrantsManagerService: No permission grants found for com.google.android.apps.photos
03-10 22:12:52.348   963  5651 W UriGrantsManagerService: No permission grants found for com.google.android.apps.photos
03-10 22:12:52.465   963  5695 W UriGrantsManagerService: No permission grants found for com.google.android.apps.photos
03-10 22:12:52.465   963  5695 W UriGrantsManagerService: No permission grants found for com.google.android.apps.photos
03-10 22:12:52.477   963  2581 W UriGrantsManagerService: No permission grants found for com.google.android.apps.photos
03-10 22:12:52.483   963  2581 I chatty  : uid=1000(system) Binder:963_F identical 2 lines
03-10 22:12:52.484   963  2581 W UriGrantsManagerService: No permission grants found for com.google.android.apps.photos
03-10 22:12:52.514   963  1013 W UriGrantsManagerService: No permission grants found for com.google.android.apps.photos
03-10 22:12:52.515   963  1013 W UriGrantsManagerService: No permission grants found for com.google.android.apps.photos
03-10 22:12:54.691   963  1013 D DuraSpeed: onAppSwitched, packageName:com.mediatek.camera
03-10 22:12:54.715   963  1013 W WindowManager: Changing focus fromWindow{4c7985b u0 com.google.android.apps.photos/com.google.android.apps.photos.pager.HostPhotoPagerActivity} to null displayId=0 Callers=com.android.server.wm.RootWindowContainer.updateFocusedWindowLocked:457 com.android.server.wm.WindowManagerService.updateFocusedWindowLocked:5599 com.android.server.wm.DisplayContent.setFocusedApp:5517 com.android.server.wm.ActivityTaskManagerService.setResumedActivityUncheckLocked:5510 
03-10 22:12:54.757   963  2581 I WindowManager: Relayout Window{e3158b1 u0 com.mediatek.camera/com.mediatek.camera.CameraLauncher}: oldVis=4 newVis=0 focusMayChange = true
03-10 22:12:54.761   963  2581 W WindowManager: Changing focus fromnull to Window{e3158b1 u0 com.mediatek.camera/com.mediatek.camera.CameraLauncher} displayId=0 Callers=com.android.server.wm.RootWindowContainer.updateFocusedWindowLocked:457 com.android.server.wm.WindowManagerService.updateFocusedWindowLocked:5599 com.android.server.wm.WindowManagerService.relayoutWindow:2392 com.android.server.wm.Session.relayout:213 
03-10 22:12:54.797  1418  1418 D SyncTransactionQueue: Nothing in queue, so skip queueing up WindowContainerTransaction { changes = {android.os.BinderProxy@4f414a1={bounds:Rect(0, 0 - 1200, 975),ssw:662,}, android.os.BinderProxy@fbc06c6={bounds:Rect(0, 989 - 1200, 2000),ssw:662,}} hops = [] }
03-10 22:12:54.807   963  1019 W ActivityTaskManager: Current config: {1.0 ?mcc?mnc [zh_CN_#Hans,en_US] ldltr sw800dp w1333dp h728dp 240dpi xlrg land finger -keyb/v/h -nav/h winConfig={ mBounds=Rect(0, 0 - 2000, 1200) mAppBounds=Rect(0, 0 - 2000, 1128) mWindowingMode=fullscreen mDisplayWindowingMode=fullscreen mActivityType=undefined mAlwaysOnTop=undefined mRotation=ROTATION_90} s.1414} unchanged for IME proc com.google.android.inputmethod.latin
03-10 22:12:54.810   963  1019 I ActivityTaskManager: Config changes=20000480 {1.0 ?mcc?mnc [zh_CN_#Hans,en_US] ldltr sw800dp w800dp h1261dp 240dpi xlrg port finger -keyb/v/h -nav/h winConfig={ mBounds=Rect(0, 0 - 1200, 2000) mAppBounds=Rect(0, 0 - 1200, 1928) mWindowingMode=fullscreen mDisplayWindowingMode=fullscreen mActivityType=undefined mAlwaysOnTop=undefined mRotation=ROTATION_0} s.1414}
03-10 22:12:54.827   963  1019 W ActivityTaskManager: Current config: {1.0 ?mcc?mnc [zh_CN_#Hans,en_US] ldltr sw800dp w1333dp h728dp 240dpi xlrg land finger -keyb/v/h -nav/h winConfig={ mBounds=Rect(0, 0 - 2000, 1200) mAppBounds=Rect(0, 0 - 2000, 1128) mWindowingMode=fullscreen mDisplayWindowingMode=fullscreen mActivityType=undefined mAlwaysOnTop=undefined mRotation=ROTATION_90} s.1414} unchanged for IME proc com.google.android.inputmethod.latin
03-10 22:12:54.829   963  1019 I WindowManager: Override config changes=20000480 {1.0 ?mcc?mnc [zh_CN_#Hans,en_US] ldltr sw800dp w800dp h1261dp 240dpi xlrg port finger -keyb/v/h -nav/h winConfig={ mBounds=Rect(0, 0 - 1200, 2000) mAppBounds=Rect(0, 0 - 1200, 1928) mWindowingMode=fullscreen mDisplayWindowingMode=fullscreen mActivityType=undefined mAlwaysOnTop=undefined mRotation=ROTATION_0} s.1414} for displayId=0
03-10 22:12:54.830   963  1019 V ActivityTaskManager: Sending to IME proc com.google.android.inputmethod.latin new config {1.0 ?mcc?mnc [zh_CN_#Hans,en_US] ldltr sw800dp w800dp h1261dp 240dpi xlrg port finger -keyb/v/h -nav/h winConfig={ mBounds=Rect(0, 0 - 1200, 2000) mAppBounds=Rect(0, 0 - 1200, 1928) mWindowingMode=fullscreen mDisplayWindowingMode=fullscreen mActivityType=undefined mAlwaysOnTop=undefined mRotation=ROTATION_0} s.1414}
03-10 22:12:54.830   963  1019 W ActivityTaskManager: Current config: {1.0 ?mcc?mnc [zh_CN_#Hans,en_US] ldltr sw800dp w800dp h1261dp 240dpi xlrg port finger -keyb/v/h -nav/h winConfig={ mBounds=Rect(0, 0 - 1200, 2000) mAppBounds=Rect(0, 0 - 1200, 1928) mWindowingMode=fullscreen mDisplayWindowingMode=fullscreen mActivityType=undefined mAlwaysOnTop=undefined mRotation=ROTATION_0} s.1414} unchanged for IME proc com.google.android.inputmethod.latin
03-10 22:12:55.003   963  1017 D AutofillManagerService: onBackKeyPressed()
03-10 22:12:55.068   963  2592 D MediaRouterService: Client com.google.android.apps.photos (pid 13363): Set discovery request, routeTypes=0x0, activeScan=false
03-10 22:12:56.630   963  5695 W UriGrantsManagerService: No permission grants found for com.google.android.apps.photos
03-10 22:12:56.630   963  5695 W UriGrantsManagerService: No permission grants found for com.google.android.apps.photos
03-10 22:12:56.675   963  1013 W UriGrantsManagerService: No permission grants found for com.google.android.apps.photos
03-10 22:12:56.702   963  1013 I chatty  : uid=1000(system) Binder:963_1 identical 2 lines
03-10 22:12:56.702   963  1013 W UriGrantsManagerService: No permission grants found for com.google.android.apps.photos
03-10 22:12:56.873   963  5695 W UriGrantsManagerService: No permission grants found for com.google.android.apps.photos
03-10 22:12:56.952   963  5695 I chatty  : uid=1000(system) Binder:963_1E identical 5 lines
03-10 22:12:56.987   963  5695 W UriGrantsManagerService: No permission grants found for com.google.android.apps.photos
03-10 22:12:56.987   963  2592 W UriGrantsManagerService: No permission grants found for com.google.android.apps.photos
03-10 22:12:57.530   963  2592 I chatty  : uid=1000(system) Binder:963_12 identical 3 lines
03-10 22:12:57.530   963  2592 W UriGrantsManagerService: No permission grants found for com.google.android.apps.photos
03-10 22:12:58.150   963  1509 W UriGrantsManagerService: No permission grants found for com.google.android.apps.photos
03-10 22:12:58.738   963  1509 I chatty  : uid=1000(system) Binder:963_7 identical 2 lines
03-10 22:12:58.739   963  1509 W UriGrantsManagerService: No permission grants found for com.google.android.apps.photos
03-10 22:12:58.847   963  5695 W UriGrantsManagerService: No permission grants found for com.google.android.apps.photos
03-10 22:13:00.363   963  5695 I chatty  : uid=1000(system) Binder:963_1E identical 6 lines
03-10 22:13:00.363   963  5695 W UriGrantsManagerService: No permission grants found for com.google.android.apps.photos
03-10 22:13:00.550   963  2592 W UriGrantsManagerService: No permission grants found for com.google.android.apps.photos
03-10 22:13:00.551   963  2592 W UriGrantsManagerService: No permission grants found for com.google.android.apps.photos
03-10 22:13:00.614   963  5695 W UriGrantsManagerService: No permission grants found for com.google.android.apps.photos
03-10 22:13:00.616   963  5695 W UriGrantsManagerService: No permission grants found for com.google.android.apps.photos
03-10 22:13:00.713   963  2592 W UriGrantsManagerService: No permission grants found for com.google.android.apps.photos
03-10 22:13:00.714   963  2592 W UriGrantsManagerService: No permission grants found for com.google.android.apps.photos
03-10 22:13:00.785   963  5695 W UriGrantsManagerService: No permission grants found for com.google.android.apps.photos
03-10 22:13:00.786   963  5695 W UriGrantsManagerService: No permission grants found for com.google.android.apps.photos
03-10 22:13:02.043   963  1509 W UriGrantsManagerService: No permission grants found for com.google.android.apps.photos
03-10 22:13:02.044   963  1509 W UriGrantsManagerService: No permission grants found for com.google.android.apps.photos
03-10 22:13:02.160   963  1036 D DuraSpeed: System unhealthy type: HEALTH_TYPE_CPU
03-10 22:13:02.160   963  1036 D DuraSpeed: Need release resource: 10.0%
03-10 22:13:02.160   963  1036 D DuraSpeed:   com.mediatek.camera, appType: 0x2103, adj: 0, cpuLoading: 0.0%
03-10 22:13:02.160   963  1036 D DuraSpeed:   com.android.vending, appType: 0x0003, adj: 955, cpuLoading: 0.0%
03-10 22:13:02.160   963  1036 D DuraSpeed:   com.google.android.apps.nbu.files, appType: 0x0103, adj: 910, cpuLoading: 0.0%
03-10 22:13:02.160   963  1036 D DuraSpeed:   com.google.android.apps.docs, appType: 0x0003, adj: 995, cpuLoading: 0.0%
03-10 22:13:02.160   963  1036 D DuraSpeed:   com.google.android.apps.photos, appType: 0x0103, adj: 250, cpuLoading: 0.0%
03-10 22:13:02.160   963  1036 D DuraSpeed:   com.google.android.documentsui, appType: 0x0003, adj: 985, cpuLoading: 0.0%
03-10 22:13:02.160   963  1036 D DuraSpeed:   com.android.settings, appType: 0x1003, adj: 920, cpuLoading: 0.4%
03-10 22:13:02.160   963  1036 D DuraSpeed: CPU total released about: 0.0%
03-10 22:13:02.189   963  5695 W UriGrantsManagerService: No permission grants found for com.google.android.apps.photos
03-10 22:13:02.189   963  5695 W UriGrantsManagerService: No permission grants found for com.google.android.apps.photos
03-10 22:13:02.539   963  1509 W UriGrantsManagerService: No permission grants found for com.google.android.apps.photos
03-10 22:13:02.598   963  1509 I chatty  : uid=1000(system) Binder:963_7 identical 2 lines
03-10 22:13:02.599   963  1509 W UriGrantsManagerService: No permission grants found for com.google.android.apps.photos
03-10 22:13:02.615   963  1509 I ActivityTaskManager: START u0 {act=com.android.camera.action.REVIEW dat=content://media/external/video/media/33 typ=video/mp4 cmp=com.google.android.apps.photos/.pager.HostPhotoPagerActivity (has extras)} from uid 10144
03-10 22:13:02.620   963  1509 D DuraSpeed: onAppSwitched, packageName:com.google.android.apps.photos
03-10 22:13:02.634   963  1509 W ActivityTaskManager: Tried to set launchTime (0) < mLastActivityLaunchTime (2886278)
03-10 22:13:02.640   963  1509 W WindowManager: Changing focus fromWindow{e3158b1 u0 com.mediatek.camera/com.mediatek.camera.CameraLauncher} to null displayId=0 Callers=com.android.server.wm.RootWindowContainer.updateFocusedWindowLocked:457 com.android.server.wm.WindowManagerService.updateFocusedWindowLocked:5599 com.android.server.wm.DisplayContent.setFocusedApp:5517 com.android.server.wm.ActivityTaskManagerService.setResumedActivityUncheckLocked:5510 
03-10 22:13:02.725   963  2592 I WindowManager: Relayout Window{1c5569b u0 com.google.android.apps.photos/com.google.android.apps.photos.pager.HostPhotoPagerActivity}: oldVis=4 newVis=0 focusMayChange = true
03-10 22:13:02.729   963  2592 W WindowManager: Changing focus fromnull to Window{1c5569b u0 com.google.android.apps.photos/com.google.android.apps.photos.pager.HostPhotoPagerActivity} displayId=0 Callers=com.android.server.wm.RootWindowContainer.updateFocusedWindowLocked:457 com.android.server.wm.WindowManagerService.updateFocusedWindowLocked:5599 com.android.server.wm.WindowManagerService.relayoutWindow:2392 com.android.server.wm.Session.relayout:213 
03-10 22:13:02.945   963  1025 E BOOTPROF: Failure open /proc/bootprof, not found!
03-10 22:13:02.945   963  1025 E BOOTPROF: java.io.FileNotFoundException: /proc/bootprof: open failed: ENOENT (No such file or directory)
03-10 22:13:02.945   963  1025 E BOOTPROF: 	at libcore.io.IoBridge.open(IoBridge.java:492)
03-10 22:13:02.945   963  1025 E BOOTPROF: 	at java.io.FileOutputStream.<init>(FileOutputStream.java:236)
03-10 22:13:02.945   963  1025 E BOOTPROF: 	at java.io.FileOutputStream.<init>(FileOutputStream.java:125)
03-10 22:13:02.945   963  1025 E BOOTPROF: 	at com.mediatek.server.MtkSystemServerImpl.addBootEvent(MtkSystemServerImpl.java:322)
03-10 22:13:02.945   963  1025 E BOOTPROF: 	at com.android.server.wm.ActivityMetricsLogger.logAppDisplayed(ActivityMetricsLogger.java:903)
03-10 22:13:02.945   963  1025 E BOOTPROF: 	at com.android.server.wm.ActivityMetricsLogger.lambda$logAppTransitionFinished$2$ActivityMetricsLogger(ActivityMetricsLogger.java:804)
03-10 22:13:02.945   963  1025 E BOOTPROF: 	at com.android.server.wm.-$$Lambda$ActivityMetricsLogger$fTBXciy3VZJ2vTW_ZJXaKfUj7_I.run(Unknown Source:4)
03-10 22:13:02.945   963  1025 E BOOTPROF: 	at android.os.Handler.handleCallback(Handler.java:938)
03-10 22:13:02.945   963  1025 E BOOTPROF: 	at android.os.Handler.dispatchMessage(Handler.java:99)
03-10 22:13:02.945   963  1025 E BOOTPROF: 	at android.os.Looper.loop(Looper.java:223)
03-10 22:13:02.945   963  1025 E BOOTPROF: 	at android.os.HandlerThread.run(HandlerThread.java:67)
03-10 22:13:02.945   963  1025 E BOOTPROF: Caused by: android.system.ErrnoException: open failed: ENOENT (No such file or directory)
03-10 22:13:02.945   963  1025 E BOOTPROF: 	at libcore.io.Linux.open(Native Method)
03-10 22:13:02.945   963  1025 E BOOTPROF: 	at libcore.io.ForwardingOs.open(ForwardingOs.java:166)
03-10 22:13:02.945   963  1025 E BOOTPROF: 	at libcore.io.BlockGuardOs.open(BlockGuardOs.java:254)
03-10 22:13:02.945   963  1025 E BOOTPROF: 	at libcore.io.IoBridge.open(IoBridge.java:478)
03-10 22:13:02.945   963  1025 E BOOTPROF: 	... 10 more
