03-10 22:18:04.305   963  1027 E BOOTPROF: 	at com.android.server.am.ProcessList.lambda$startProcessLocked$0$ProcessList(ProcessList.java:2007)
03-10 22:18:04.305   963  1027 E BOOTPROF: 	at com.android.server.am.-$$Lambda$ProcessList$jjoaAPSQT_weAnGqu0R0SCcvKqw.run(Unknown Source:22)
03-10 22:18:04.305   963  1027 E BOOTPROF: 	at android.os.Handler.handleCallback(Handler.java:938)
03-10 22:18:04.305   963  1027 E BOOTPROF: 	at android.os.Handler.dispatchMessage(Handler.java:99)
03-10 22:18:04.305   963  1027 E BOOTPROF: 	at android.os.Looper.loop(Looper.java:223)
03-10 22:18:04.305   963  1027 E BOOTPROF: 	at android.os.HandlerThread.run(HandlerThread.java:67)
03-10 22:18:04.305   963  1027 E BOOTPROF: 	at com.android.server.ServiceThread.run(ServiceThread.java:44)
03-10 22:18:04.305   963  1027 E BOOTPROF: Caused by: android.system.ErrnoException: open failed: ENOENT (No such file or directory)
03-10 22:18:04.305   963  1027 E BOOTPROF: 	at libcore.io.Linux.open(Native Method)
03-10 22:18:04.305   963  1027 E BOOTPROF: 	at libcore.io.ForwardingOs.open(ForwardingOs.java:166)
03-10 22:18:04.305   963  1027 E BOOTPROF: 	at libcore.io.BlockGuardOs.open(BlockGuardOs.java:254)
03-10 22:18:04.305   963  1027 E BOOTPROF: 	at libcore.io.IoBridge.open(IoBridge.java:478)
03-10 22:18:04.305   963  1027 E BOOTPROF: 	... 13 more
03-10 22:18:04.305   963  1027 I ActivityManager: Start proc 14364:com.mediatek.camera/u0a144 for service {com.mediatek.camera/com.mediatek.camera.CameraAppService}
03-10 22:18:04.340   963  1019 I ActivityManager: Killing 7096:com.android.wallpaperpicker/u0a143 (adj 900): remove task
03-10 22:18:04.354   963  1505 V ActivityManager: New death recipient com.android.server.am.ActivityManagerService$AppDeathRecipient@84c3cbc for thread android.os.BinderProxy@85f5445
03-10 22:18:04.358   963  1505 W ActivityManager: Stopping service due to app idle: u0a144 -8m10s849ms com.mediatek.camera/.CameraAppService
03-10 22:18:04.385   963  1505 V ActivityManager: Death received in com.android.server.am.ActivityManagerService$AppDeathRecipient@cd756b3 for thread android.os.BinderProxy@58ca470
03-10 22:18:04.389   963  1019 W ActivityManager: setHasOverlayUi called on unknown pid: 7096
03-10 22:18:04.417 14364 14364 I ActivityThread: handleStopService: token=android.os.BinderProxy@c4d6ee4 not found.
03-10 22:18:04.423   963  1776 W ActivityManager: Service done with onDestroy, but executeNesting=2: ServiceRecord{53d40b1 u0 com.mediatek.camera/.CameraAppService}
03-10 22:18:27.713   963  1505 I ActivityTaskManager: START u0 {act=android.intent.action.MAIN cat=[android.intent.category.LAUNCHER] flg=0x10200000 cmp=com.mediatek.camera/.CameraLauncher bnds=[1516,886][1860,1012]} from uid 10135
03-10 22:18:27.742   963  1505 D DuraSpeed: onAppSwitched, packageName:com.mediatek.camera
03-10 22:18:27.757   963  1505 W WindowManager: Changing focus fromWindow{1fe2e41 u0 com.android.launcher3/com.android.searchlauncher.SearchLauncher} to null displayId=0 Callers=com.android.server.wm.RootWindowContainer.updateFocusedWindowLocked:457 com.android.server.wm.WindowManagerService.updateFocusedWindowLocked:5599 com.android.server.wm.DisplayContent.setFocusedApp:5517 com.android.server.wm.ActivityTaskManagerService.setResumedActivityUncheckLocked:5510 
03-10 22:18:27.790   963  1776 V SettingsProvider: packageValueForCallResult, name = null, value : Bundle[{_track_generation=android.util.MemoryIntArray@92, value=null, _generation_index=0, _generation=60}]
03-10 22:18:28.111   963  2594 I WindowManager: Relayout Window{91c1e44 u0 com.mediatek.camera/com.mediatek.camera.CameraLauncher}: oldVis=4 newVis=0 focusMayChange = true
03-10 22:18:28.117   963  2594 W WindowManager: Changing focus fromnull to Window{91c1e44 u0 com.mediatek.camera/com.mediatek.camera.CameraLauncher} displayId=0 Callers=com.android.server.wm.RootWindowContainer.updateFocusedWindowLocked:457 com.android.server.wm.WindowManagerService.updateFocusedWindowLocked:5599 com.android.server.wm.WindowManagerService.relayoutWindow:2392 com.android.server.wm.Session.relayout:213 
03-10 22:18:28.199   963  2594 V SettingsProvider: packageValueForCallResult, name = screen_brightness, value : Bundle[{_track_generation=android.util.MemoryIntArray@92, value=123, _generation_index=3, _generation=25}]
03-10 22:18:28.229   963  1025 E BOOTPROF: Failure open /proc/bootprof, not found!
03-10 22:18:28.229   963  1025 E BOOTPROF: java.io.FileNotFoundException: /proc/bootprof: open failed: ENOENT (No such file or directory)
03-10 22:18:28.229   963  1025 E BOOTPROF: 	at libcore.io.IoBridge.open(IoBridge.java:492)
03-10 22:18:28.229   963  1025 E BOOTPROF: 	at java.io.FileOutputStream.<init>(FileOutputStream.java:236)
03-10 22:18:28.229   963  1025 E BOOTPROF: 	at java.io.FileOutputStream.<init>(FileOutputStream.java:125)
03-10 22:18:28.229   963  1025 E BOOTPROF: 	at com.mediatek.server.MtkSystemServerImpl.addBootEvent(MtkSystemServerImpl.java:322)
03-10 22:18:28.229   963  1025 E BOOTPROF: 	at com.android.server.wm.ActivityMetricsLogger.logAppDisplayed(ActivityMetricsLogger.java:903)
03-10 22:18:28.229   963  1025 E BOOTPROF: 	at com.android.server.wm.ActivityMetricsLogger.lambda$logAppTransitionFinished$2$ActivityMetricsLogger(ActivityMetricsLogger.java:804)
03-10 22:18:28.229   963  1025 E BOOTPROF: 	at com.android.server.wm.-$$Lambda$ActivityMetricsLogger$fTBXciy3VZJ2vTW_ZJXaKfUj7_I.run(Unknown Source:4)
03-10 22:18:28.229   963  1025 E BOOTPROF: 	at android.os.Handler.handleCallback(Handler.java:938)
03-10 22:18:28.229   963  1025 E BOOTPROF: 	at android.os.Handler.dispatchMessage(Handler.java:99)
03-10 22:18:28.229   963  1025 E BOOTPROF: 	at android.os.Looper.loop(Looper.java:223)
03-10 22:18:28.229   963  1025 E BOOTPROF: 	at android.os.HandlerThread.run(HandlerThread.java:67)
03-10 22:18:28.229   963  1025 E BOOTPROF: Caused by: android.system.ErrnoException: open failed: ENOENT (No such file or directory)
03-10 22:18:28.229   963  1025 E BOOTPROF: 	at libcore.io.Linux.open(Native Method)
03-10 22:18:28.229   963  1025 E BOOTPROF: 	at libcore.io.ForwardingOs.open(ForwardingOs.java:166)
03-10 22:18:28.229   963  1025 E BOOTPROF: 	at libcore.io.BlockGuardOs.open(BlockGuardOs.java:254)
03-10 22:18:28.229   963  1025 E BOOTPROF: 	at libcore.io.IoBridge.open(IoBridge.java:478)
03-10 22:18:28.229   963  1025 E BOOTPROF: 	... 10 more
03-10 22:18:28.271  1418  1418 D SyncTransactionQueue: Nothing in queue, so skip queueing up WindowContainerTransaction { changes = {android.os.BinderProxy@4f414a1={bounds:Rect(0, 0 - 1200, 975),ssw:662,}, android.os.BinderProxy@fbc06c6={bounds:Rect(0, 989 - 1200, 2000),ssw:662,}} hops = [] }
03-10 22:18:28.300   963  1019 W ActivityTaskManager: Current config: {1.0 ?mcc?mnc [zh_CN_#Hans,en_US] ldltr sw800dp w1333dp h728dp 240dpi xlrg land finger -keyb/v/h -nav/h winConfig={ mBounds=Rect(0, 0 - 2000, 1200) mAppBounds=Rect(0, 0 - 2000, 1128) mWindowingMode=fullscreen mDisplayWindowingMode=fullscreen mActivityType=undefined mAlwaysOnTop=undefined mRotation=ROTATION_90} s.1543} unchanged for IME proc com.google.android.inputmethod.latin
03-10 22:18:28.302   963  1019 I ActivityTaskManager: Config changes=20000480 {1.0 ?mcc?mnc [zh_CN_#Hans,en_US] ldltr sw800dp w800dp h1261dp 240dpi xlrg port finger -keyb/v/h -nav/h winConfig={ mBounds=Rect(0, 0 - 1200, 2000) mAppBounds=Rect(0, 0 - 1200, 1928) mWindowingMode=fullscreen mDisplayWindowingMode=fullscreen mActivityType=undefined mAlwaysOnTop=undefined mRotation=ROTATION_0} s.1543}
03-10 22:18:28.318   963  1019 W ActivityTaskManager: Current config: {1.0 ?mcc?mnc [zh_CN_#Hans,en_US] ldltr sw800dp w1333dp h728dp 240dpi xlrg land finger -keyb/v/h -nav/h winConfig={ mBounds=Rect(0, 0 - 2000, 1200) mAppBounds=Rect(0, 0 - 2000, 1128) mWindowingMode=fullscreen mDisplayWindowingMode=fullscreen mActivityType=undefined mAlwaysOnTop=undefined mRotation=ROTATION_90} s.1543} unchanged for IME proc com.google.android.inputmethod.latin
03-10 22:18:28.322   963  1019 I WindowManager: Override config changes=20000480 {1.0 ?mcc?mnc [zh_CN_#Hans,en_US] ldltr sw800dp w800dp h1261dp 240dpi xlrg port finger -keyb/v/h -nav/h winConfig={ mBounds=Rect(0, 0 - 1200, 2000) mAppBounds=Rect(0, 0 - 1200, 1928) mWindowingMode=fullscreen mDisplayWindowingMode=fullscreen mActivityType=undefined mAlwaysOnTop=undefined mRotation=ROTATION_0} s.1543} for displayId=0
03-10 22:18:28.325   963  1019 V ActivityTaskManager: Sending to IME proc com.google.android.inputmethod.latin new config {1.0 ?mcc?mnc [zh_CN_#Hans,en_US] ldltr sw800dp w800dp h1261dp 240dpi xlrg port finger -keyb/v/h -nav/h winConfig={ mBounds=Rect(0, 0 - 1200, 2000) mAppBounds=Rect(0, 0 - 1200, 1928) mWindowingMode=fullscreen mDisplayWindowingMode=fullscreen mActivityType=undefined mAlwaysOnTop=undefined mRotation=ROTATION_0} s.1543}
03-10 22:18:28.325   963  1019 W ActivityTaskManager: Current config: {1.0 ?mcc?mnc [zh_CN_#Hans,en_US] ldltr sw800dp w800dp h1261dp 240dpi xlrg port finger -keyb/v/h -nav/h winConfig={ mBounds=Rect(0, 0 - 1200, 2000) mAppBounds=Rect(0, 0 - 1200, 1928) mWindowingMode=fullscreen mDisplayWindowingMode=fullscreen mActivityType=undefined mAlwaysOnTop=undefined mRotation=ROTATION_0} s.1543} unchanged for IME proc com.google.android.inputmethod.latin
03-10 22:18:28.332   963  1019 V WindowManager: Orientation start waiting for draw, mDrawState=DRAW_PENDING in Window{b1a90d0 u0 com.android.systemui.ImageWallpaper}, surfaceController Surface(name=com.android.systemui.ImageWallpaper)/@0x49e76d2
03-10 22:18:38.584   963   963 D CompatibilityChangeReporter: Compat change id reported: 135634846; UID 10131; state: DISABLED
03-10 22:18:38.584   963   963 D CompatibilityChangeReporter: Compat change id reported: 135754954; UID 10131; state: ENABLED
03-10 22:18:38.587   963  1027 D CompatibilityChangeReporter: Compat change id reported: 143937733; UID 10131; state: ENABLED
03-10 22:18:38.590   963   963 D CompatibilityChangeReporter: Compat change id reported: 135634846; UID 10104; state: DISABLED
03-10 22:18:38.590   963   963 D CompatibilityChangeReporter: Compat change id reported: 135754954; UID 10104; state: ENABLED
03-10 22:18:38.613   963  1027 E BOOTPROF: Failure open /proc/bootprof, not found!
03-10 22:18:38.613   963  1027 E BOOTPROF: java.io.FileNotFoundException: /proc/bootprof: open failed: ENOENT (No such file or directory)
03-10 22:18:38.613   963  1027 E BOOTPROF: 	at libcore.io.IoBridge.open(IoBridge.java:492)
03-10 22:18:38.613   963  1027 E BOOTPROF: 	at java.io.FileOutputStream.<init>(FileOutputStream.java:236)
03-10 22:18:38.613   963  1027 E BOOTPROF: 	at java.io.FileOutputStream.<init>(FileOutputStream.java:125)
03-10 22:18:38.613   963  1027 E BOOTPROF: 	at com.mediatek.server.MtkSystemServerImpl.addBootEvent(MtkSystemServerImpl.java:322)
03-10 22:18:38.613   963  1027 E BOOTPROF: 	at com.android.server.am.ProcessList.handleProcessStartedLocked(ProcessList.java:2544)
03-10 22:18:38.613   963  1027 E BOOTPROF: 	at com.android.server.am.ProcessList.handleProcessStartedLocked(ProcessList.java:2508)
03-10 22:18:38.613   963  1027 E BOOTPROF: 	at com.android.server.am.ProcessList.handleProcessStart(ProcessList.java:2077)
03-10 22:18:38.613   963  1027 E BOOTPROF: 	at com.android.server.am.ProcessList.lambda$startProcessLocked$0$ProcessList(ProcessList.java:2007)
03-10 22:18:38.613   963  1027 E BOOTPROF: 	at com.android.server.am.-$$Lambda$ProcessList$jjoaAPSQT_weAnGqu0R0SCcvKqw.run(Unknown Source:22)
03-10 22:18:38.613   963  1027 E BOOTPROF: 	at android.os.Handler.handleCallback(Handler.java:938)
03-10 22:18:38.613   963  1027 E BOOTPROF: 	at android.os.Handler.dispatchMessage(Handler.java:99)
03-10 22:18:38.613   963  1027 E BOOTPROF: 	at android.os.Looper.loop(Looper.java:223)
03-10 22:18:38.613   963  1027 E BOOTPROF: 	at android.os.HandlerThread.run(HandlerThread.java:67)
03-10 22:18:38.613   963  1027 E BOOTPROF: 	at com.android.server.ServiceThread.run(ServiceThread.java:44)
03-10 22:18:38.613   963  1027 E BOOTPROF: Caused by: android.system.ErrnoException: open failed: ENOENT (No such file or directory)
03-10 22:18:38.613   963  1027 E BOOTPROF: 	at libcore.io.Linux.open(Native Method)
03-10 22:18:38.613   963  1027 E BOOTPROF: 	at libcore.io.ForwardingOs.open(ForwardingOs.java:166)
03-10 22:18:38.613   963  1027 E BOOTPROF: 	at libcore.io.BlockGuardOs.open(BlockGuardOs.java:254)
03-10 22:18:38.613   963  1027 E BOOTPROF: 	at libcore.io.IoBridge.open(IoBridge.java:478)
03-10 22:18:38.613   963  1027 E BOOTPROF: 	... 13 more
03-10 22:18:38.613   963  1027 I ActivityManager: Start proc 14526:com.google.android.videos/u0a131 for service {com.google.android.videos/androidx.work.impl.background.systemjob.SystemJobService}
03-10 22:18:38.614   963  1027 D CompatibilityChangeReporter: Compat change id reported: 143937733; UID 10104; state: ENABLED
03-10 22:18:38.637   963  1027 E BOOTPROF: Failure open /proc/bootprof, not found!
03-10 22:18:38.637   963  1027 E BOOTPROF: java.io.FileNotFoundException: /proc/bootprof: open failed: ENOENT (No such file or directory)
03-10 22:18:38.637   963  1027 E BOOTPROF: 	at libcore.io.IoBridge.open(IoBridge.java:492)
03-10 22:18:38.637   963  1027 E BOOTPROF: 	at java.io.FileOutputStream.<init>(FileOutputStream.java:236)
03-10 22:18:38.637   963  1027 E BOOTPROF: 	at java.io.FileOutputStream.<init>(FileOutputStream.java:125)
03-10 22:18:38.637   963  1027 E BOOTPROF: 	at com.mediatek.server.MtkSystemServerImpl.addBootEvent(MtkSystemServerImpl.java:322)
03-10 22:18:38.637   963  1027 E BOOTPROF: 	at com.android.server.am.ProcessList.handleProcessStartedLocked(ProcessList.java:2544)
03-10 22:18:38.637   963  1027 E BOOTPROF: 	at com.android.server.am.ProcessList.handleProcessStartedLocked(ProcessList.java:2508)
03-10 22:18:38.637   963  1027 E BOOTPROF: 	at com.android.server.am.ProcessList.handleProcessStart(ProcessList.java:2077)
03-10 22:18:38.637   963  1027 E BOOTPROF: 	at com.android.server.am.ProcessList.lambda$startProcessLocked$0$ProcessList(ProcessList.java:2007)
03-10 22:18:38.637   963  1027 E BOOTPROF: 	at com.android.server.am.-$$Lambda$ProcessList$jjoaAPSQT_weAnGqu0R0SCcvKqw.run(Unknown Source:22)
03-10 22:18:38.637   963  1027 E BOOTPROF: 	at android.os.Handler.handleCallback(Handler.java:938)
03-10 22:18:38.637   963  1027 E BOOTPROF: 	at android.os.Handler.dispatchMessage(Handler.java:99)
03-10 22:18:38.637   963  1027 E BOOTPROF: 	at android.os.Looper.loop(Looper.java:223)
03-10 22:18:38.637   963  1027 E BOOTPROF: 	at android.os.HandlerThread.run(HandlerThread.java:67)
03-10 22:18:38.637   963  1027 E BOOTPROF: 	at com.android.server.ServiceThread.run(ServiceThread.java:44)
03-10 22:18:38.637   963  1027 E BOOTPROF: Caused by: android.system.ErrnoException: open failed: ENOENT (No such file or directory)
03-10 22:18:38.637   963  1027 E BOOTPROF: 	at libcore.io.Linux.open(Native Method)
03-10 22:18:38.637   963  1027 E BOOTPROF: 	at libcore.io.ForwardingOs.open(ForwardingOs.java:166)
03-10 22:18:38.637   963  1027 E BOOTPROF: 	at libcore.io.BlockGuardOs.open(BlockGuardOs.java:254)
03-10 22:18:38.637   963  1027 E BOOTPROF: 	at libcore.io.IoBridge.open(IoBridge.java:478)
03-10 22:18:38.637   963  1027 E BOOTPROF: 	... 13 more
03-10 22:18:38.637   963  1027 I ActivityManager: Start proc 14534:com.google.android.partnersetup/u0a104 for service {com.google.android.partnersetup/com.google.android.partnersetup.InstalledAppJobService}
03-10 22:18:38.659   963  2585 V ActivityManager: New death recipient com.android.server.am.ActivityManagerService$AppDeathRecipient@e8ba4ff for thread android.os.BinderProxy@9f522cc
03-10 22:18:38.684   963  2585 V ActivityManager: New death recipient com.android.server.am.ActivityManagerService$AppDeathRecipient@47f921b for thread android.os.BinderProxy@4b79fb8
03-10 22:18:39.250   963  2594 V SettingsProvider: packageValueForCallResult, name = android_id, value : Bundle[{_track_generation=android.util.MemoryIntArray@92, value=3f5b5dd9c0d2385e, _generation_index=2, _generation=108}]
03-10 22:18:39.334   963  2594 V SettingsProvider: packageValueForCallResult, name = null, value : Bundle[{_track_generation=android.util.MemoryIntArray@92, value=null, _generation_index=0, _generation=60}]
03-10 22:18:39.488   963  3003 D MediaRouterService: Client com.google.android.videos (pid 14526): Registered
03-10 22:18:39.509   963  1505 D MtkConnectivityService: requestNetwork for uid/pid:10131/14526 NetworkRequest [ TRACK_DEFAULT id=118, [ Capabilities: INTERNET&NOT_RESTRICTED&TRUSTED Uid: 10131 AdministratorUids: [] RequestorUid: 10131 RequestorPackageName: com.google.android.videos] ]
03-10 22:18:39.509   963  1347 D MtkConnectivityService: NetReassign [no changes]
03-10 22:18:39.521  1418  1418 I EmergencyButton: mLocateAtNonSecureView = true
03-10 22:18:39.521  1418  1418 I EmergencyButton: ECC Button is located on Notification Keygaurd and OP do not ask to show. So this is a normal case ,we never show it.
03-10 22:18:39.539   963  1505 D MtkConnectivityService: requestNetwork for uid/pid:10131/14526 NetworkRequest [ TRACK_DEFAULT id=119, [ Capabilities: INTERNET&NOT_RESTRICTED&TRUSTED Uid: 10131 AdministratorUids: [] RequestorUid: 10131 RequestorPackageName: com.google.android.videos] ]
03-10 22:18:39.540   963  1347 D MtkConnectivityService: NetReassign [no changes]
03-10 22:18:39.541   963  1347 D MtkConnectivityService: NetReassign [no changes]
03-10 22:18:39.550  1418  1418 I EmergencyButton: mLocateAtNonSecureView = true
03-10 22:18:39.550  1418  1418 I EmergencyButton: ECC Button is located on Notification Keygaurd and OP do not ask to show. So this is a normal case ,we never show it.
03-10 22:18:39.629   963  2594 W ActivityManager: Foreground service started from background can not have location/camera/microphone access: service com.google.android.videos/com.google.android.apps.play.movies.common.service.pinning.TransferService
03-10 22:18:39.837   963   963 D NotificationService: 0|com.google.android.videos|2|null|10131: granting content://settings/system/notification_sound
03-10 22:18:39.838   963   963 I chatty  : uid=1000 system_server identical 2 lines
03-10 22:18:39.839   963   963 D NotificationService: 0|com.google.android.videos|2|null|10131: granting content://settings/system/notification_sound
03-10 22:18:39.859   963   963 W NotificationHistory: Attempted to add notif for locked/gone/disabled user 0
03-10 22:18:42.126   963  1036 D DuraSpeed: System unhealthy type: HEALTH_TYPE_CPU
03-10 22:18:42.126   963  1036 D DuraSpeed: Need release resource: 10.0%
03-10 22:18:42.126   963  1036 D DuraSpeed:   com.mediatek.camera, appType: 0x2103, adj: 0, cpuLoading: 0.0%
03-10 22:18:42.126   963  1036 D DuraSpeed:   com.android.vending, appType: 0x0003, adj: 925, cpuLoading: 0.0%
03-10 22:18:42.126   963  1036 D DuraSpeed:   com.google.android.apps.docs, appType: 0x0003, adj: 985, cpuLoading: 0.0%
03-10 22:18:42.126   963  1036 D DuraSpeed:   com.google.android.videos, appType: 0x0003, adj: 905, cpuLoading: 0.0%
03-10 22:18:42.126   963  1036 D DuraSpeed:   com.google.android.apps.photos, appType: 0x0003, adj: 935, cpuLoading: 0.0%
03-10 22:18:42.126   963  1036 D DuraSpeed:   com.google.android.documentsui, appType: 0x0003, adj: 975, cpuLoading: 0.0%
03-10 22:18:42.126   963  1036 D DuraSpeed:   com.google.android.apps.youtube.music, appType: 0x0003, adj: 935, cpuLoading: 9.8%
03-10 22:18:42.127   963  1036 D DuraSpeed: CPU total released about: 0.0%
03-10 22:18:59.211   963  1032 E KernelCpuSpeedReader: Failed to read cpu-freq: /sys/devices/system/cpu/cpu4/cpufreq/stats/time_in_state: open failed: ENOENT (No such file or directory)
03-10 22:18:59.211   963  1032 E KernelCpuSpeedReader: Failed to read cpu-freq: /sys/devices/system/cpu/cpu0/cpufreq/stats/time_in_state: open failed: ENOENT (No such file or directory)
03-10 22:19:03.566   963  3003 I ActivityManager: Killing 10025:com.google.android.apps.docs/u0a121 (adj 985): empty for 1800s
03-10 22:19:03.575   963   963 D CompatibilityChangeReporter: Compat change id reported: 135634846; UID 10103; state: DISABLED
03-10 22:19:03.575   963   963 D CompatibilityChangeReporter: Compat change id reported: 135754954; UID 10103; state: ENABLED
03-10 22:19:03.576   963  1027 D CompatibilityChangeReporter: Compat change id reported: 143937733; UID 10103; state: ENABLED
03-10 22:19:03.607   963  1027 E BOOTPROF: Failure open /proc/bootprof, not found!
03-10 22:19:03.607   963  1027 E BOOTPROF: java.io.FileNotFoundException: /proc/bootprof: open failed: ENOENT (No such file or directory)
03-10 22:19:03.607   963  1027 E BOOTPROF: 	at libcore.io.IoBridge.open(IoBridge.java:492)
03-10 22:19:03.607   963  1027 E BOOTPROF: 	at java.io.FileOutputStream.<init>(FileOutputStream.java:236)
03-10 22:19:03.607   963  1027 E BOOTPROF: 	at java.io.FileOutputStream.<init>(FileOutputStream.java:125)
03-10 22:19:03.607   963  1027 E BOOTPROF: 	at com.mediatek.server.MtkSystemServerImpl.addBootEvent(MtkSystemServerImpl.java:322)
03-10 22:19:03.607   963  1027 E BOOTPROF: 	at com.android.server.am.ProcessList.handleProcessStartedLocked(ProcessList.java:2544)
03-10 22:19:03.607   963  1027 E BOOTPROF: 	at com.android.server.am.ProcessList.handleProcessStartedLocked(ProcessList.java:2508)
03-10 22:19:03.607   963  1027 E BOOTPROF: 	at com.android.server.am.ProcessList.handleProcessStart(ProcessList.java:2077)
03-10 22:19:03.607   963  1027 E BOOTPROF: 	at com.android.server.am.ProcessList.lambda$startProcessLocked$0$ProcessList(ProcessList.java:2007)
03-10 22:19:03.607   963  1027 E BOOTPROF: 	at com.android.server.am.-$$Lambda$ProcessList$jjoaAPSQT_weAnGqu0R0SCcvKqw.run(Unknown Source:22)
03-10 22:19:03.607   963  1027 E BOOTPROF: 	at android.os.Handler.handleCallback(Handler.java:938)
03-10 22:19:03.607   963  1027 E BOOTPROF: 	at android.os.Handler.dispatchMessage(Handler.java:99)
03-10 22:19:03.607   963  1027 E BOOTPROF: 	at android.os.Looper.loop(Looper.java:223)
03-10 22:19:03.607   963  1027 E BOOTPROF: 	at android.os.HandlerThread.run(HandlerThread.java:67)
03-10 22:19:03.607   963  1027 E BOOTPROF: 	at com.android.server.ServiceThread.run(ServiceThread.java:44)
03-10 22:19:03.607   963  1027 E BOOTPROF: Caused by: android.system.ErrnoException: open failed: ENOENT (No such file or directory)
03-10 22:19:03.607   963  1027 E BOOTPROF: 	at libcore.io.Linux.open(Native Method)
03-10 22:19:03.607   963  1027 E BOOTPROF: 	at libcore.io.ForwardingOs.open(ForwardingOs.java:166)
03-10 22:19:03.607   963  1027 E BOOTPROF: 	at libcore.io.BlockGuardOs.open(BlockGuardOs.java:254)
03-10 22:19:03.607   963  1027 E BOOTPROF: 	at libcore.io.IoBridge.open(IoBridge.java:478)
03-10 22:19:03.607   963  1027 E BOOTPROF: 	... 13 more
03-10 22:19:03.607   963  1027 I ActivityManager: Start proc 14633:com.google.android.apps.wellbeing/u0a103 for service {com.google.android.apps.wellbeing/androidx.work.impl.background.systemjob.SystemJobService}
03-10 22:19:03.628   963  2594 V ActivityManager: Death received in com.android.server.am.ActivityManagerService$AppDeathRecipient@2659cdc for thread android.os.BinderProxy@93701e5
03-10 22:19:03.649   963  2594 V ActivityManager: New death recipient com.android.server.am.ActivityManagerService$AppDeathRecipient@6032398 for thread android.os.BinderProxy@3bea7f1
03-10 22:19:03.920   963  2594 V SettingsProvider: packageValueForCallResult, name = null, value : Bundle[{_track_generation=android.util.MemoryIntArray@92, value=null, _generation_index=0, _generation=60}]
03-10 22:19:11.961   963  2594 I ActivityManager: Killing 4836:com.google.android.documentsui/u0a60 (adj 985): empty for 1802s
03-10 22:19:12.034   963  1775 V ActivityManager: Death received in com.android.server.am.ActivityManagerService$AppDeathRecipient@25a464a for thread android.os.BinderProxy@916a9bb
03-10 22:19:12.040   963  1019 W ActivityManager: setHasOverlayUi called on unknown pid: 4836
03-10 22:19:19.111   963  1775 I ActivityManager: Killing 2810:com.google.process.gapps/u0a108 (adj 975): empty for 1801s
03-10 22:19:19.155   963  1363 V ActivityManager: Death received in com.android.server.am.ActivityManagerService$AppDeathRecipient@beb6360 for thread android.os.BinderProxy@7c0c019
03-10 22:19:19.201  1418  1418 V DeadZone: consuming errant click: (821.3156,16.028076)
03-10 22:19:19.201  1418  1418 V DeadZone: consuming errant click: (821.3156,16.028076)
03-10 22:19:21.992   963  1016 D AutofillManagerService: Close system dialogs
03-10 22:19:21.998   963  4054 I ActivityTaskManager: START u0 {act=android.intent.action.MAIN cat=[android.intent.category.HOME] flg=0x10000000 pkg=com.android.launcher3 cmp=com.android.launcher3/com.android.searchlauncher.SearchLauncher (has extras)} from uid 10135
03-10 22:19:22.013   963  4054 W WindowManager: Changing focus fromWindow{91c1e44 u0 com.mediatek.camera/com.mediatek.camera.CameraLauncher} to null displayId=0 Callers=com.android.server.wm.RootWindowContainer.updateFocusedWindowLocked:457 com.android.server.wm.WindowManagerService.updateFocusedWindowLocked:5599 com.android.server.wm.DisplayContent.setFocusedApp:5517 com.android.server.wm.ActivityTaskManagerService.setResumedActivityUncheckLocked:5510 
03-10 22:19:22.017   963  4054 D DuraSpeed: onAppSwitched, packageName:com.android.launcher3
03-10 22:19:22.065   963  2580 I WindowManager: Relayout Window{1fe2e41 u0 com.android.launcher3/com.android.searchlauncher.SearchLauncher}: oldVis=8 newVis=0 focusMayChange = true
03-10 22:19:22.069   963  2580 W WindowManager: Changing focus fromnull to Window{1fe2e41 u0 com.android.launcher3/com.android.searchlauncher.SearchLauncher} displayId=0 Callers=com.android.server.wm.RootWindowContainer.updateFocusedWindowLocked:457 com.android.server.wm.WindowManagerService.updateFocusedWindowLocked:5599 com.android.server.wm.WindowManagerService.relayoutWindow:2392 com.android.server.wm.Session.relayout:213 
03-10 22:19:22.104   963  1020 V WindowManager: Orientation start waiting for draw, mDrawState=DRAW_PENDING in Window{b1a90d0 u0 com.android.systemui.ImageWallpaper}, surfaceController Surface(name=com.android.systemui.ImageWallpaper)/@0x49e76d2
03-10 22:19:22.154   963  2592 I WindowManager: Relayout Window{7968442 u0 com.android.launcher3/com.android.searchlauncher.SearchLauncher}: oldVis=4 newVis=0 focusMayChange = true
03-10 22:19:22.584  1418  1418 D SyncTransactionQueue: Nothing in queue, so skip queueing up WindowContainerTransaction { changes = {android.os.BinderProxy@4f414a1={bounds:Rect(0, 0 - 993, 1200),ssw:662,}, android.os.BinderProxy@fbc06c6={bounds:Rect(1007, 0 - 2000, 1200),ssw:662,}} hops = [] }
03-10 22:19:22.591   963  1019 W ActivityTaskManager: Current config: {1.0 ?mcc?mnc [zh_CN_#Hans,en_US] ldltr sw800dp w800dp h1261dp 240dpi xlrg port finger -keyb/v/h -nav/h winConfig={ mBounds=Rect(0, 0 - 1200, 2000) mAppBounds=Rect(0, 0 - 1200, 1928) mWindowingMode=fullscreen mDisplayWindowingMode=fullscreen mActivityType=undefined mAlwaysOnTop=undefined mRotation=ROTATION_0} s.1573} unchanged for IME proc com.google.android.inputmethod.latin
03-10 22:19:22.594   963  1019 I ActivityTaskManager: Config changes=20000480 {1.0 ?mcc?mnc [zh_CN_#Hans,en_US] ldltr sw800dp w1333dp h728dp 240dpi xlrg land finger -keyb/v/h -nav/h winConfig={ mBounds=Rect(0, 0 - 2000, 1200) mAppBounds=Rect(0, 0 - 2000, 1128) mWindowingMode=fullscreen mDisplayWindowingMode=fullscreen mActivityType=undefined mAlwaysOnTop=undefined mRotation=ROTATION_90} s.1573}
03-10 22:19:22.638   963  1019 W ActivityTaskManager: Current config: {1.0 ?mcc?mnc [zh_CN_#Hans,en_US] ldltr sw800dp w800dp h1261dp 240dpi xlrg port finger -keyb/v/h -nav/h winConfig={ mBounds=Rect(0, 0 - 1200, 2000) mAppBounds=Rect(0, 0 - 1200, 1928) mWindowingMode=fullscreen mDisplayWindowingMode=fullscreen mActivityType=undefined mAlwaysOnTop=undefined mRotation=ROTATION_0} s.1573} unchanged for IME proc com.google.android.inputmethod.latin
03-10 22:19:22.649   963  1019 I WindowManager: Override config changes=20000480 {1.0 ?mcc?mnc [zh_CN_#Hans,en_US] ldltr sw800dp w1333dp h728dp 240dpi xlrg land finger -keyb/v/h -nav/h winConfig={ mBounds=Rect(0, 0 - 2000, 1200) mAppBounds=Rect(0, 0 - 2000, 1128) mWindowingMode=fullscreen mDisplayWindowingMode=fullscreen mActivityType=undefined mAlwaysOnTop=undefined mRotation=ROTATION_90} s.1573} for displayId=0
03-10 22:19:22.650   963  1019 V ActivityTaskManager: Sending to IME proc com.google.android.inputmethod.latin new config {1.0 ?mcc?mnc [zh_CN_#Hans,en_US] ldltr sw800dp w1333dp h728dp 240dpi xlrg land finger -keyb/v/h -nav/h winConfig={ mBounds=Rect(0, 0 - 2000, 1200) mAppBounds=Rect(0, 0 - 2000, 1128) mWindowingMode=fullscreen mDisplayWindowingMode=fullscreen mActivityType=undefined mAlwaysOnTop=undefined mRotation=ROTATION_90} s.1573}
03-10 22:19:22.651   963  1019 W ActivityTaskManager: Current config: {1.0 ?mcc?mnc [zh_CN_#Hans,en_US] ldltr sw800dp w1333dp h728dp 240dpi xlrg land finger -keyb/v/h -nav/h winConfig={ mBounds=Rect(0, 0 - 2000, 1200) mAppBounds=Rect(0, 0 - 2000, 1128) mWindowingMode=fullscreen mDisplayWindowingMode=fullscreen mActivityType=undefined mAlwaysOnTop=undefined mRotation=ROTATION_90} s.1573} unchanged for IME proc com.google.android.inputmethod.latin
03-10 22:19:23.434   963  2023 I ActivityManager: Killing 14364:com.mediatek.camera/u0a144 (adj 1001): remove task
03-10 22:19:23.488   963  2592 V ActivityManager: Death received in com.android.server.am.ActivityManagerService$AppDeathRecipient@84c3cbc for thread android.os.BinderProxy@85f5445
03-10 22:19:23.489   963  2592 W ActivityManager: Scheduling restart of crashed service com.mediatek.camera/.CameraAppService in 1000ms for start-requested
03-10 22:19:23.497   963  1019 W ActivityManager: setHasOverlayUi called on unknown pid: 14364
03-10 22:19:24.493   963  1026 D CompatibilityChangeReporter: Compat change id reported: 135634846; UID 10144; state: DISABLED
03-10 22:19:24.493   963  1026 D CompatibilityChangeReporter: Compat change id reported: 135754954; UID 10144; state: DISABLED
03-10 22:19:24.494   963  1027 D CompatibilityChangeReporter: Compat change id reported: 143937733; UID 10144; state: DISABLED
03-10 22:19:24.522   963  1027 E BOOTPROF: Failure open /proc/bootprof, not found!
03-10 22:19:24.522   963  1027 E BOOTPROF: java.io.FileNotFoundException: /proc/bootprof: open failed: ENOENT (No such file or directory)
03-10 22:19:24.522   963  1027 E BOOTPROF: 	at libcore.io.IoBridge.open(IoBridge.java:492)
03-10 22:19:24.522   963  1027 E BOOTPROF: 	at java.io.FileOutputStream.<init>(FileOutputStream.java:236)
03-10 22:19:24.522   963  1027 E BOOTPROF: 	at java.io.FileOutputStream.<init>(FileOutputStream.java:125)
03-10 22:19:24.522   963  1027 E BOOTPROF: 	at com.mediatek.server.MtkSystemServerImpl.addBootEvent(MtkSystemServerImpl.java:322)
03-10 22:19:24.522   963  1027 E BOOTPROF: 	at com.android.server.am.ProcessList.handleProcessStartedLocked(ProcessList.java:2544)
03-10 22:19:24.522   963  1027 E BOOTPROF: 	at com.android.server.am.ProcessList.handleProcessStartedLocked(ProcessList.java:2508)
03-10 22:19:24.522   963  1027 E BOOTPROF: 	at com.android.server.am.ProcessList.handleProcessStart(ProcessList.java:2077)
03-10 22:19:24.522   963  1027 E BOOTPROF: 	at com.android.server.am.ProcessList.lambda$startProcessLocked$0$ProcessList(ProcessList.java:2007)
03-10 22:19:24.522   963  1027 E BOOTPROF: 	at com.android.server.am.-$$Lambda$ProcessList$jjoaAPSQT_weAnGqu0R0SCcvKqw.run(Unknown Source:22)
03-10 22:19:24.522   963  1027 E BOOTPROF: 	at android.os.Handler.handleCallback(Handler.java:938)
03-10 22:19:24.522   963  1027 E BOOTPROF: 	at android.os.Handler.dispatchMessage(Handler.java:99)
03-10 22:19:24.522   963  1027 E BOOTPROF: 	at android.os.Looper.loop(Looper.java:223)
03-10 22:19:24.522   963  1027 E BOOTPROF: 	at android.os.HandlerThread.run(HandlerThread.java:67)
03-10 22:19:24.522   963  1027 E BOOTPROF: 	at com.android.server.ServiceThread.run(ServiceThread.java:44)
03-10 22:19:24.522   963  1027 E BOOTPROF: Caused by: android.system.ErrnoException: open failed: ENOENT (No such file or directory)
03-10 22:19:24.522   963  1027 E BOOTPROF: 	at libcore.io.Linux.open(Native Method)
03-10 22:19:24.522   963  1027 E BOOTPROF: 	at libcore.io.ForwardingOs.open(ForwardingOs.java:166)
03-10 22:19:24.522   963  1027 E BOOTPROF: 	at libcore.io.BlockGuardOs.open(BlockGuardOs.java:254)
03-10 22:19:24.522   963  1027 E BOOTPROF: 	at libcore.io.IoBridge.open(IoBridge.java:478)
03-10 22:19:24.522   963  1027 E BOOTPROF: 	... 13 more
03-10 22:19:24.522   963  1027 I ActivityManager: Start proc 14688:com.mediatek.camera/u0a144 for service {com.mediatek.camera/com.mediatek.camera.CameraAppService}
03-10 22:19:24.563   963  5641 V ActivityManager: New death recipient com.android.server.am.ActivityManagerService$AppDeathRecipient@8c415ea for thread android.os.BinderProxy@726d0db
03-10 22:19:24.567   963  5641 W ActivityManager: Stopping service due to app idle: u0a144 -56s604ms com.mediatek.camera/.CameraAppService
03-10 22:19:24.615 14688 14688 I ActivityThread: handleStopService: token=android.os.BinderProxy@c4d6ee4 not found.
03-10 22:19:24.622   963  5641 W ActivityManager: Service done with onDestroy, but executeNesting=2: ServiceRecord{4e41180 u0 com.mediatek.camera/.CameraAppService}
03-10 22:19:28.303   963  1084 I ActivityTaskManager: START u0 {act=android.intent.action.MAIN cat=[android.intent.category.LAUNCHER] flg=0x10200000 cmp=com.mediatek.camera/.CameraLauncher bnds=[1516,886][1860,1012]} from uid 10135
03-10 22:19:28.316   963  1084 D DuraSpeed: onAppSwitched, packageName:com.mediatek.camera
03-10 22:19:28.328   963  1084 W WindowManager: Changing focus fromWindow{1fe2e41 u0 com.android.launcher3/com.android.searchlauncher.SearchLauncher} to null displayId=0 Callers=com.android.server.wm.RootWindowContainer.updateFocusedWindowLocked:457 com.android.server.wm.WindowManagerService.updateFocusedWindowLocked:5599 com.android.server.wm.DisplayContent.setFocusedApp:5517 com.android.server.wm.ActivityTaskManagerService.setResumedActivityUncheckLocked:5510 
03-10 22:19:28.362   963  5615 V SettingsProvider: packageValueForCallResult, name = null, value : Bundle[{_track_generation=android.util.MemoryIntArray@92, value=null, _generation_index=0, _generation=60}]
03-10 22:19:28.614   963  2581 I WindowManager: Relayout Window{7d3e920 u0 com.mediatek.camera/com.mediatek.camera.CameraLauncher}: oldVis=4 newVis=0 focusMayChange = true
03-10 22:19:28.619   963  2581 W WindowManager: Changing focus fromnull to Window{7d3e920 u0 com.mediatek.camera/com.mediatek.camera.CameraLauncher} displayId=0 Callers=com.android.server.wm.RootWindowContainer.updateFocusedWindowLocked:457 com.android.server.wm.WindowManagerService.updateFocusedWindowLocked:5599 com.android.server.wm.WindowManagerService.relayoutWindow:2392 com.android.server.wm.Session.relayout:213 
03-10 22:19:28.691   963  2581 V SettingsProvider: packageValueForCallResult, name = screen_brightness, value : Bundle[{_track_generation=android.util.MemoryIntArray@92, value=123, _generation_index=3, _generation=25}]
03-10 22:19:28.715   963  1025 E BOOTPROF: Failure open /proc/bootprof, not found!
03-10 22:19:28.715   963  1025 E BOOTPROF: java.io.FileNotFoundException: /proc/bootprof: open failed: ENOENT (No such file or directory)
03-10 22:19:28.715   963  1025 E BOOTPROF: 	at libcore.io.IoBridge.open(IoBridge.java:492)
03-10 22:19:28.715   963  1025 E BOOTPROF: 	at java.io.FileOutputStream.<init>(FileOutputStream.java:236)
03-10 22:19:28.715   963  1025 E BOOTPROF: 	at java.io.FileOutputStream.<init>(FileOutputStream.java:125)
03-10 22:19:28.715   963  1025 E BOOTPROF: 	at com.mediatek.server.MtkSystemServerImpl.addBootEvent(MtkSystemServerImpl.java:322)
03-10 22:19:28.715   963  1025 E BOOTPROF: 	at com.android.server.wm.ActivityMetricsLogger.logAppDisplayed(ActivityMetricsLogger.java:903)
03-10 22:19:28.715   963  1025 E BOOTPROF: 	at com.android.server.wm.ActivityMetricsLogger.lambda$logAppTransitionFinished$2$ActivityMetricsLogger(ActivityMetricsLogger.java:804)
03-10 22:19:28.715   963  1025 E BOOTPROF: 	at com.android.server.wm.-$$Lambda$ActivityMetricsLogger$fTBXciy3VZJ2vTW_ZJXaKfUj7_I.run(Unknown Source:4)
03-10 22:19:28.715   963  1025 E BOOTPROF: 	at android.os.Handler.handleCallback(Handler.java:938)
03-10 22:19:28.715   963  1025 E BOOTPROF: 	at android.os.Handler.dispatchMessage(Handler.java:99)
03-10 22:19:28.715   963  1025 E BOOTPROF: 	at android.os.Looper.loop(Looper.java:223)
03-10 22:19:28.715   963  1025 E BOOTPROF: 	at android.os.HandlerThread.run(HandlerThread.java:67)
03-10 22:19:28.715   963  1025 E BOOTPROF: Caused by: android.system.ErrnoException: open failed: ENOENT (No such file or directory)
03-10 22:19:28.715   963  1025 E BOOTPROF: 	at libcore.io.Linux.open(Native Method)
03-10 22:19:28.715   963  1025 E BOOTPROF: 	at libcore.io.ForwardingOs.open(ForwardingOs.java:166)
03-10 22:19:28.715   963  1025 E BOOTPROF: 	at libcore.io.BlockGuardOs.open(BlockGuardOs.java:254)
03-10 22:19:28.715   963  1025 E BOOTPROF: 	at libcore.io.IoBridge.open(IoBridge.java:478)
03-10 22:19:28.715   963  1025 E BOOTPROF: 	... 10 more
03-10 22:19:28.829  1418  1418 D SyncTransactionQueue: Nothing in queue, so skip queueing up WindowContainerTransaction { changes = {android.os.BinderProxy@4f414a1={bounds:Rect(0, 0 - 1200, 975),ssw:662,}, android.os.BinderProxy@fbc06c6={bounds:Rect(0, 989 - 1200, 2000),ssw:662,}} hops = [] }
03-10 22:19:28.835   963  1019 W ActivityTaskManager: Current config: {1.0 ?mcc?mnc [zh_CN_#Hans,en_US] ldltr sw800dp w1333dp h728dp 240dpi xlrg land finger -keyb/v/h -nav/h winConfig={ mBounds=Rect(0, 0 - 2000, 1200) mAppBounds=Rect(0, 0 - 2000, 1128) mWindowingMode=fullscreen mDisplayWindowingMode=fullscreen mActivityType=undefined mAlwaysOnTop=undefined mRotation=ROTATION_90} s.1603} unchanged for IME proc com.google.android.inputmethod.latin
03-10 22:19:28.841   963  1019 I ActivityTaskManager: Config changes=20000480 {1.0 ?mcc?mnc [zh_CN_#Hans,en_US] ldltr sw800dp w800dp h1261dp 240dpi xlrg port finger -keyb/v/h -nav/h winConfig={ mBounds=Rect(0, 0 - 1200, 2000) mAppBounds=Rect(0, 0 - 1200, 1928) mWindowingMode=fullscreen mDisplayWindowingMode=fullscreen mActivityType=undefined mAlwaysOnTop=undefined mRotation=ROTATION_0} s.1603}
03-10 22:19:28.860   963  1019 W ActivityTaskManager: Current config: {1.0 ?mcc?mnc [zh_CN_#Hans,en_US] ldltr sw800dp w1333dp h728dp 240dpi xlrg land finger -keyb/v/h -nav/h winConfig={ mBounds=Rect(0, 0 - 2000, 1200) mAppBounds=Rect(0, 0 - 2000, 1128) mWindowingMode=fullscreen mDisplayWindowingMode=fullscreen mActivityType=undefined mAlwaysOnTop=undefined mRotation=ROTATION_90} s.1603} unchanged for IME proc com.google.android.inputmethod.latin
03-10 22:19:28.862   963  1019 I WindowManager: Override config changes=20000480 {1.0 ?mcc?mnc [zh_CN_#Hans,en_US] ldltr sw800dp w800dp h1261dp 240dpi xlrg port finger -keyb/v/h -nav/h winConfig={ mBounds=Rect(0, 0 - 1200, 2000) mAppBounds=Rect(0, 0 - 1200, 1928) mWindowingMode=fullscreen mDisplayWindowingMode=fullscreen mActivityType=undefined mAlwaysOnTop=undefined mRotation=ROTATION_0} s.1603} for displayId=0
03-10 22:19:28.864   963  1019 V ActivityTaskManager: Sending to IME proc com.google.android.inputmethod.latin new config {1.0 ?mcc?mnc [zh_CN_#Hans,en_US] ldltr sw800dp w800dp h1261dp 240dpi xlrg port finger -keyb/v/h -nav/h winConfig={ mBounds=Rect(0, 0 - 1200, 2000) mAppBounds=Rect(0, 0 - 1200, 1928) mWindowingMode=fullscreen mDisplayWindowingMode=fullscreen mActivityType=undefined mAlwaysOnTop=undefined mRotation=ROTATION_0} s.1603}
03-10 22:19:28.864   963  1019 W ActivityTaskManager: Current config: {1.0 ?mcc?mnc [zh_CN_#Hans,en_US] ldltr sw800dp w800dp h1261dp 240dpi xlrg port finger -keyb/v/h -nav/h winConfig={ mBounds=Rect(0, 0 - 1200, 2000) mAppBounds=Rect(0, 0 - 1200, 1928) mWindowingMode=fullscreen mDisplayWindowingMode=fullscreen mActivityType=undefined mAlwaysOnTop=undefined mRotation=ROTATION_0} s.1603} unchanged for IME proc com.google.android.inputmethod.latin
03-10 22:20:03.645   963  1016 D AutofillManagerService: Close system dialogs
03-10 22:20:03.650   963  5615 I ActivityTaskManager: START u0 {act=android.intent.action.MAIN cat=[android.intent.category.HOME] flg=0x10000000 pkg=com.android.launcher3 cmp=com.android.launcher3/com.android.searchlauncher.SearchLauncher (has extras)} from uid 10135
03-10 22:20:03.667   963  5615 W WindowManager: Changing focus fromWindow{7d3e920 u0 com.mediatek.camera/com.mediatek.camera.CameraLauncher} to null displayId=0 Callers=com.android.server.wm.RootWindowContainer.updateFocusedWindowLocked:457 com.android.server.wm.WindowManagerService.updateFocusedWindowLocked:5599 com.android.server.wm.DisplayContent.setFocusedApp:5517 com.android.server.wm.ActivityTaskManagerService.setResumedActivityUncheckLocked:5510 
03-10 22:20:03.671   963  5615 D DuraSpeed: onAppSwitched, packageName:com.android.launcher3
03-10 22:20:03.723   963  2581 I WindowManager: Relayout Window{1fe2e41 u0 com.android.launcher3/com.android.searchlauncher.SearchLauncher}: oldVis=8 newVis=0 focusMayChange = true
03-10 22:20:03.729   963  2581 W WindowManager: Changing focus fromnull to Window{1fe2e41 u0 com.android.launcher3/com.android.searchlauncher.SearchLauncher} displayId=0 Callers=com.android.server.wm.RootWindowContainer.updateFocusedWindowLocked:457 com.android.server.wm.WindowManagerService.updateFocusedWindowLocked:5599 com.android.server.wm.WindowManagerService.relayoutWindow:2392 com.android.server.wm.Session.relayout:213 
03-10 22:20:03.785   963  1020 V WindowManager: Orientation start waiting for draw, mDrawState=DRAW_PENDING in Window{b1a90d0 u0 com.android.systemui.ImageWallpaper}, surfaceController Surface(name=com.android.systemui.ImageWallpaper)/@0x49e76d2
03-10 22:20:03.833   963  5615 I WindowManager: Relayout Window{7968442 u0 com.android.launcher3/com.android.searchlauncher.SearchLauncher}: oldVis=4 newVis=0 focusMayChange = true
03-10 22:20:04.173  1418  1418 D SyncTransactionQueue: Nothing in queue, so skip queueing up WindowContainerTransaction { changes = {android.os.BinderProxy@4f414a1={bounds:Rect(0, 0 - 993, 1200),ssw:662,}, android.os.BinderProxy@fbc06c6={bounds:Rect(1007, 0 - 2000, 1200),ssw:662,}} hops = [] }
03-10 22:20:04.183   963  1019 W ActivityTaskManager: Current config: {1.0 ?mcc?mnc [zh_CN_#Hans,en_US] ldltr sw800dp w800dp h1261dp 240dpi xlrg port finger -keyb/v/h -nav/h winConfig={ mBounds=Rect(0, 0 - 1200, 2000) mAppBounds=Rect(0, 0 - 1200, 1928) mWindowingMode=fullscreen mDisplayWindowingMode=fullscreen mActivityType=undefined mAlwaysOnTop=undefined mRotation=ROTATION_0} s.1633} unchanged for IME proc com.google.android.inputmethod.latin
03-10 22:20:04.186   963  1019 I ActivityTaskManager: Config changes=20000480 {1.0 ?mcc?mnc [zh_CN_#Hans,en_US] ldltr sw800dp w1333dp h728dp 240dpi xlrg land finger -keyb/v/h -nav/h winConfig={ mBounds=Rect(0, 0 - 2000, 1200) mAppBounds=Rect(0, 0 - 2000, 1128) mWindowingMode=fullscreen mDisplayWindowingMode=fullscreen mActivityType=undefined mAlwaysOnTop=undefined mRotation=ROTATION_90} s.1633}
03-10 22:20:04.209   963  1019 W ActivityTaskManager: Current config: {1.0 ?mcc?mnc [zh_CN_#Hans,en_US] ldltr sw800dp w800dp h1261dp 240dpi xlrg port finger -keyb/v/h -nav/h winConfig={ mBounds=Rect(0, 0 - 1200, 2000) mAppBounds=Rect(0, 0 - 1200, 1928) mWindowingMode=fullscreen mDisplayWindowingMode=fullscreen mActivityType=undefined mAlwaysOnTop=undefined mRotation=ROTATION_0} s.1633} unchanged for IME proc com.google.android.inputmethod.latin
03-10 22:20:04.210   963  1019 I WindowManager: Override config changes=20000480 {1.0 ?mcc?mnc [zh_CN_#Hans,en_US] ldltr sw800dp w1333dp h728dp 240dpi xlrg land finger -keyb/v/h -nav/h winConfig={ mBounds=Rect(0, 0 - 2000, 1200) mAppBounds=Rect(0, 0 - 2000, 1128) mWindowingMode=fullscreen mDisplayWindowingMode=fullscreen mActivityType=undefined mAlwaysOnTop=undefined mRotation=ROTATION_90} s.1633} for displayId=0
03-10 22:20:04.225   963  1019 V ActivityTaskManager: Sending to IME proc com.google.android.inputmethod.latin new config {1.0 ?mcc?mnc [zh_CN_#Hans,en_US] ldltr sw800dp w1333dp h728dp 240dpi xlrg land finger -keyb/v/h -nav/h winConfig={ mBounds=Rect(0, 0 - 2000, 1200) mAppBounds=Rect(0, 0 - 2000, 1128) mWindowingMode=fullscreen mDisplayWindowingMode=fullscreen mActivityType=undefined mAlwaysOnTop=undefined mRotation=ROTATION_90} s.1633}
03-10 22:20:04.225   963  1019 W ActivityTaskManager: Current config: {1.0 ?mcc?mnc [zh_CN_#Hans,en_US] ldltr sw800dp w1333dp h728dp 240dpi xlrg land finger -keyb/v/h -nav/h winConfig={ mBounds=Rect(0, 0 - 2000, 1200) mAppBounds=Rect(0, 0 - 2000, 1128) mWindowingMode=fullscreen mDisplayWindowingMode=fullscreen mActivityType=undefined mAlwaysOnTop=undefined mRotation=ROTATION_90} s.1633} unchanged for IME proc com.google.android.inputmethod.latin
03-10 22:20:04.864   963  1424 I ActivityManager: Killing 14688:com.mediatek.camera/u0a144 (adj 1001): remove task
03-10 22:20:04.925   963  2581 V ActivityManager: Death received in com.android.server.am.ActivityManagerService$AppDeathRecipient@8c415ea for thread android.os.BinderProxy@726d0db
03-10 22:20:04.927   963  2581 W ActivityManager: Scheduling restart of crashed service com.mediatek.camera/.CameraAppService in 1000ms for start-requested
03-10 22:20:04.930   963  1019 W ActivityManager: setHasOverlayUi called on unknown pid: 14688
03-10 22:20:05.931   963  1026 D CompatibilityChangeReporter: Compat change id reported: 135634846; UID 10144; state: DISABLED
03-10 22:20:05.931   963  1026 D CompatibilityChangeReporter: Compat change id reported: 135754954; UID 10144; state: DISABLED
03-10 22:20:05.932   963  1027 D CompatibilityChangeReporter: Compat change id reported: 143937733; UID 10144; state: DISABLED
03-10 22:20:05.960   963  1027 E BOOTPROF: Failure open /proc/bootprof, not found!
03-10 22:20:05.960   963  1027 E BOOTPROF: java.io.FileNotFoundException: /proc/bootprof: open failed: ENOENT (No such file or directory)
03-10 22:20:05.960   963  1027 E BOOTPROF: 	at libcore.io.IoBridge.open(IoBridge.java:492)
03-10 22:20:05.960   963  1027 E BOOTPROF: 	at java.io.FileOutputStream.<init>(FileOutputStream.java:236)
03-10 22:20:05.960   963  1027 E BOOTPROF: 	at java.io.FileOutputStream.<init>(FileOutputStream.java:125)
03-10 22:20:05.960   963  1027 E BOOTPROF: 	at com.mediatek.server.MtkSystemServerImpl.addBootEvent(MtkSystemServerImpl.java:322)
03-10 22:20:05.960   963  1027 E BOOTPROF: 	at com.android.server.am.ProcessList.handleProcessStartedLocked(ProcessList.java:2544)
03-10 22:20:05.960   963  1027 E BOOTPROF: 	at com.android.server.am.ProcessList.handleProcessStartedLocked(ProcessList.java:2508)
03-10 22:20:05.960   963  1027 E BOOTPROF: 	at com.android.server.am.ProcessList.handleProcessStart(ProcessList.java:2077)
03-10 22:20:05.960   963  1027 E BOOTPROF: 	at com.android.server.am.ProcessList.lambda$startProcessLocked$0$ProcessList(ProcessList.java:2007)
03-10 22:20:05.960   963  1027 E BOOTPROF: 	at com.android.server.am.-$$Lambda$ProcessList$jjoaAPSQT_weAnGqu0R0SCcvKqw.run(Unknown Source:22)
03-10 22:20:05.960   963  1027 E BOOTPROF: 	at android.os.Handler.handleCallback(Handler.java:938)
03-10 22:20:05.960   963  1027 E BOOTPROF: 	at android.os.Handler.dispatchMessage(Handler.java:99)
03-10 22:20:05.960   963  1027 E BOOTPROF: 	at android.os.Looper.loop(Looper.java:223)
03-10 22:20:05.960   963  1027 E BOOTPROF: 	at android.os.HandlerThread.run(HandlerThread.java:67)
03-10 22:20:05.960   963  1027 E BOOTPROF: 	at com.android.server.ServiceThread.run(ServiceThread.java:44)
03-10 22:20:05.960   963  1027 E BOOTPROF: Caused by: android.system.ErrnoException: open failed: ENOENT (No such file or directory)
03-10 22:20:05.960   963  1027 E BOOTPROF: 	at libcore.io.Linux.open(Native Method)
03-10 22:20:05.960   963  1027 E BOOTPROF: 	at libcore.io.ForwardingOs.open(ForwardingOs.java:166)
03-10 22:20:05.960   963  1027 E BOOTPROF: 	at libcore.io.BlockGuardOs.open(BlockGuardOs.java:254)
03-10 22:20:05.960   963  1027 E BOOTPROF: 	at libcore.io.IoBridge.open(IoBridge.java:478)
03-10 22:20:05.960   963  1027 E BOOTPROF: 	... 13 more
03-10 22:20:05.960   963  1027 I ActivityManager: Start proc 14843:com.mediatek.camera/u0a144 for service {com.mediatek.camera/com.mediatek.camera.CameraAppService}
03-10 22:20:06.007   963  1505 V ActivityManager: New death recipient com.android.server.am.ActivityManagerService$AppDeathRecipient@68dd42e for thread android.os.BinderProxy@a9d8bcf
03-10 22:20:06.012   963  1505 W ActivityManager: Stopping service due to app idle: u0a144 -37s500ms com.mediatek.camera/.CameraAppService
03-10 22:20:06.070 14843 14843 I ActivityThread: handleStopService: token=android.os.BinderProxy@c4d6ee4 not found.
03-10 22:20:06.075   963  1505 W ActivityManager: Service done with onDestroy, but executeNesting=2: ServiceRecord{b182725 u0 com.mediatek.camera/.CameraAppService}
03-10 22:20:06.323   963  2581 I ActivityTaskManager: START u0 {act=android.intent.action.MAIN cat=[android.intent.category.LAUNCHER] flg=0x10200000 cmp=com.android.settings/.Settings bnds=[140,886][484,1012]} from uid 10135
03-10 22:20:06.337   963  2581 D DuraSpeed: onAppSwitched, packageName:com.android.settings
03-10 22:20:06.341   963  1019 D CompatibilityChangeReporter: Compat change id reported: 135634846; UID 1000; state: DISABLED
03-10 22:20:06.341   963  1019 D CompatibilityChangeReporter: Compat change id reported: 135754954; UID 1000; state: ENABLED
03-10 22:20:06.355   963  1024 D DexOptExtImpl: com.android.settings reason is prebuilt
03-10 22:20:06.356   963  1027 E BOOTPROF: Failure open /proc/bootprof, not found!
03-10 22:20:06.356   963  1027 E BOOTPROF: java.io.FileNotFoundException: /proc/bootprof: open failed: ENOENT (No such file or directory)
03-10 22:20:06.356   963  1027 E BOOTPROF: 	at libcore.io.IoBridge.open(IoBridge.java:492)
