03-10 22:11:41.470   963  8851 W WindowManager: Changing focus fromnull to Window{7ae0b49 u0 com.google.android.apps.photos/com.google.android.apps.photos.pager.HostPhotoPagerActivity} displayId=0 Callers=com.android.server.wm.RootWindowContainer.updateFocusedWindowLocked:457 com.android.server.wm.WindowManagerService.updateFocusedWindowLocked:5599 com.android.server.wm.WindowManagerService.relayoutWindow:2392 com.android.server.wm.Session.relayout:213 
03-10 22:11:41.516   963  1084 W UriGrantsManagerService: No permission grants found for com.google.android.apps.photos
03-10 22:11:41.517   963  1084 W UriGrantsManagerService: No permission grants found for com.google.android.apps.photos
03-10 22:11:41.686   963  1025 E BOOTPROF: Failure open /proc/bootprof, not found!
03-10 22:11:41.686   963  1025 E BOOTPROF: java.io.FileNotFoundException: /proc/bootprof: open failed: ENOENT (No such file or directory)
03-10 22:11:41.686   963  1025 E BOOTPROF: 	at libcore.io.IoBridge.open(IoBridge.java:492)
03-10 22:11:41.686   963  1025 E BOOTPROF: 	at java.io.FileOutputStream.<init>(FileOutputStream.java:236)
03-10 22:11:41.686   963  1025 E BOOTPROF: 	at java.io.FileOutputStream.<init>(FileOutputStream.java:125)
03-10 22:11:41.686   963  1025 E BOOTPROF: 	at com.mediatek.server.MtkSystemServerImpl.addBootEvent(MtkSystemServerImpl.java:322)
03-10 22:11:41.686   963  1025 E BOOTPROF: 	at com.android.server.wm.ActivityMetricsLogger.logAppDisplayed(ActivityMetricsLogger.java:903)
03-10 22:11:41.686   963  1025 E BOOTPROF: 	at com.android.server.wm.ActivityMetricsLogger.lambda$logAppTransitionFinished$2$ActivityMetricsLogger(ActivityMetricsLogger.java:804)
03-10 22:11:41.686   963  1025 E BOOTPROF: 	at com.android.server.wm.-$$Lambda$ActivityMetricsLogger$fTBXciy3VZJ2vTW_ZJXaKfUj7_I.run(Unknown Source:4)
03-10 22:11:41.686   963  1025 E BOOTPROF: 	at android.os.Handler.handleCallback(Handler.java:938)
03-10 22:11:41.686   963  1025 E BOOTPROF: 	at android.os.Handler.dispatchMessage(Handler.java:99)
03-10 22:11:41.686   963  1025 E BOOTPROF: 	at android.os.Looper.loop(Looper.java:223)
03-10 22:11:41.686   963  1025 E BOOTPROF: 	at android.os.HandlerThread.run(HandlerThread.java:67)
03-10 22:11:41.686   963  1025 E BOOTPROF: Caused by: android.system.ErrnoException: open failed: ENOENT (No such file or directory)
03-10 22:11:41.686   963  1025 E BOOTPROF: 	at libcore.io.Linux.open(Native Method)
03-10 22:11:41.686   963  1025 E BOOTPROF: 	at libcore.io.ForwardingOs.open(ForwardingOs.java:166)
03-10 22:11:41.686   963  1025 E BOOTPROF: 	at libcore.io.BlockGuardOs.open(BlockGuardOs.java:254)
03-10 22:11:41.686   963  1025 E BOOTPROF: 	at libcore.io.IoBridge.open(IoBridge.java:478)
03-10 22:11:41.686   963  1025 E BOOTPROF: 	... 10 more
03-10 22:11:42.023   963  1036 D DuraSpeed: System unhealthy type: HEALTH_TYPE_CPU
03-10 22:11:42.023   963  1036 D DuraSpeed: Need release resource: 10.0%
03-10 22:11:42.023   963  1036 D DuraSpeed:   com.mediatek.camera, appType: 0x2103, adj: 200, cpuLoading: 0.0%
03-10 22:11:42.023   963  1036 D DuraSpeed:   com.android.vending, appType: 0x0003, adj: 935, cpuLoading: 0.0%
03-10 22:11:42.023   963  1036 D DuraSpeed:   com.google.android.apps.nbu.files, appType: 0x0103, adj: 910, cpuLoading: 0.0%
03-10 22:11:42.023   963  1036 D DuraSpeed:   com.google.android.apps.docs, appType: 0x0003, adj: 955, cpuLoading: 0.0%
03-10 22:11:42.023   963  1036 D DuraSpeed:   com.google.android.apps.photos, appType: 0x2103, adj: 0, cpuLoading: 0.0%
03-10 22:11:42.023   963  1036 D DuraSpeed:   com.google.android.documentsui, appType: 0x0003, adj: 945, cpuLoading: 0.0%
03-10 22:11:42.023   963  1036 D DuraSpeed:   com.android.settings, appType: 0x1003, adj: 920, cpuLoading: 0.4%
03-10 22:11:42.023   963  1036 D DuraSpeed: CPU total released about: 0.0%
03-10 22:11:42.084  1418  1418 D SyncTransactionQueue: Nothing in queue, so skip queueing up WindowContainerTransaction { changes = {android.os.BinderProxy@4f414a1={bounds:Rect(0, 0 - 993, 1200),ssw:662,}, android.os.BinderProxy@fbc06c6={bounds:Rect(1007, 0 - 2000, 1200),ssw:662,}} hops = [] }
03-10 22:11:42.091   963  1019 W ActivityTaskManager: Current config: {1.0 ?mcc?mnc [zh_CN_#Hans,en_US] ldltr sw800dp w800dp h1261dp 240dpi xlrg port finger -keyb/v/h -nav/h winConfig={ mBounds=Rect(0, 0 - 1200, 2000) mAppBounds=Rect(0, 0 - 1200, 1928) mWindowingMode=fullscreen mDisplayWindowingMode=fullscreen mActivityType=undefined mAlwaysOnTop=undefined mRotation=ROTATION_0} s.1126} unchanged for IME proc com.google.android.inputmethod.latin
03-10 22:11:42.095   963  1019 I ActivityTaskManager: Config changes=20000480 {1.0 ?mcc?mnc [zh_CN_#Hans,en_US] ldltr sw800dp w1333dp h728dp 240dpi xlrg land finger -keyb/v/h -nav/h winConfig={ mBounds=Rect(0, 0 - 2000, 1200) mAppBounds=Rect(0, 0 - 2000, 1128) mWindowingMode=fullscreen mDisplayWindowingMode=fullscreen mActivityType=undefined mAlwaysOnTop=undefined mRotation=ROTATION_90} s.1126}
03-10 22:11:42.100   963  1084 D MediaRouterService: Client com.google.android.apps.photos (pid 10409): Set discovery request, routeTypes=0x800000, activeScan=false
03-10 22:11:42.120   963  1019 W ActivityTaskManager: Current config: {1.0 ?mcc?mnc [zh_CN_#Hans,en_US] ldltr sw800dp w800dp h1261dp 240dpi xlrg port finger -keyb/v/h -nav/h winConfig={ mBounds=Rect(0, 0 - 1200, 2000) mAppBounds=Rect(0, 0 - 1200, 1928) mWindowingMode=fullscreen mDisplayWindowingMode=fullscreen mActivityType=undefined mAlwaysOnTop=undefined mRotation=ROTATION_0} s.1126} unchanged for IME proc com.google.android.inputmethod.latin
03-10 22:11:42.121   963  1019 I WindowManager: Override config changes=20000480 {1.0 ?mcc?mnc [zh_CN_#Hans,en_US] ldltr sw800dp w1333dp h728dp 240dpi xlrg land finger -keyb/v/h -nav/h winConfig={ mBounds=Rect(0, 0 - 2000, 1200) mAppBounds=Rect(0, 0 - 2000, 1128) mWindowingMode=fullscreen mDisplayWindowingMode=fullscreen mActivityType=undefined mAlwaysOnTop=undefined mRotation=ROTATION_90} s.1126} for displayId=0
03-10 22:11:42.123   963  1019 V ActivityTaskManager: Sending to IME proc com.google.android.inputmethod.latin new config {1.0 ?mcc?mnc [zh_CN_#Hans,en_US] ldltr sw800dp w1333dp h728dp 240dpi xlrg land finger -keyb/v/h -nav/h winConfig={ mBounds=Rect(0, 0 - 2000, 1200) mAppBounds=Rect(0, 0 - 2000, 1128) mWindowingMode=fullscreen mDisplayWindowingMode=fullscreen mActivityType=undefined mAlwaysOnTop=undefined mRotation=ROTATION_90} s.1126}
03-10 22:11:42.124   963  1019 W ActivityTaskManager: Current config: {1.0 ?mcc?mnc [zh_CN_#Hans,en_US] ldltr sw800dp w1333dp h728dp 240dpi xlrg land finger -keyb/v/h -nav/h winConfig={ mBounds=Rect(0, 0 - 2000, 1200) mAppBounds=Rect(0, 0 - 2000, 1128) mWindowingMode=fullscreen mDisplayWindowingMode=fullscreen mActivityType=undefined mAlwaysOnTop=undefined mRotation=ROTATION_90} s.1126} unchanged for IME proc com.google.android.inputmethod.latin
03-10 22:11:42.173   963  2591 V SettingsProvider: name : hide_rotation_lock_toggle_for_accessibility appId : 10142
03-10 22:11:42.173   963  2591 V SettingsProvider: Package name : com.android.systemui privateFlags : -1938812824
03-10 22:11:42.177   963  2580 V SettingsProvider: name : accelerometer_rotation appId : 1000
03-10 22:11:42.177   963  2580 V SettingsProvider: name : user_rotation appId : 1000
03-10 22:11:42.290   963  1347 D MtkConnectivityService: NetReassign [no changes]
03-10 22:11:42.313   963  2591 W UriGrantsManagerService: No permission grants found for com.google.android.apps.photos
03-10 22:11:42.394   963  2591 I chatty  : uid=1000(system) Binder:963_11 identical 2 lines
03-10 22:11:42.394   963  2591 W UriGrantsManagerService: No permission grants found for com.google.android.apps.photos
03-10 22:11:42.416   963  4054 W UriGrantsManagerService: No permission grants found for com.google.android.apps.photos
03-10 22:11:42.416   963  4054 W UriGrantsManagerService: No permission grants found for com.google.android.apps.photos
03-10 22:11:44.120   963  1347 D MtkConnectivityService: [100 WIFI] EVENT_NETWORK_INFO_CHANGED, going from CONNECTED to DISCONNECTED
03-10 22:11:44.120   963  1347 D MtkConnectivityService: [100 WIFI] disconnected, was satisfying 25
03-10 22:11:44.196   963  1347 D MtkConnectivityService: Sending DISCONNECTED broadcast for type 1 [100 WIFI] isDefaultNetwork=true
03-10 22:11:44.200   963  1347 D MtkConnectivityService: NetReassign [no changes]
03-10 22:11:44.228   963  1017 D AutofillManagerService: onBackKeyPressed()
03-10 22:11:44.258   963  5636 D DuraSpeed: onAppSwitched, packageName:com.mediatek.camera
03-10 22:11:44.279   963  1013 W WindowManager: Changing focus fromWindow{7ae0b49 u0 com.google.android.apps.photos/com.google.android.apps.photos.pager.HostPhotoPagerActivity} to null displayId=0 Callers=com.android.server.wm.RootWindowContainer.updateFocusedWindowLocked:457 com.android.server.wm.WindowManagerService.updateFocusedWindowLocked:5599 com.android.server.wm.DisplayContent.setFocusedApp:5517 com.android.server.wm.ActivityTaskManagerService.setResumedActivityUncheckLocked:5510 
03-10 22:11:44.333   963  5636 I WindowManager: Relayout Window{e3158b1 u0 com.mediatek.camera/com.mediatek.camera.CameraLauncher}: oldVis=4 newVis=0 focusMayChange = true
03-10 22:11:44.337   963  5636 W WindowManager: Changing focus fromnull to Window{e3158b1 u0 com.mediatek.camera/com.mediatek.camera.CameraLauncher} displayId=0 Callers=com.android.server.wm.RootWindowContainer.updateFocusedWindowLocked:457 com.android.server.wm.WindowManagerService.updateFocusedWindowLocked:5599 com.android.server.wm.WindowManagerService.relayoutWindow:2392 com.android.server.wm.Session.relayout:213 
03-10 22:11:44.390  1418  1418 D SyncTransactionQueue: Nothing in queue, so skip queueing up WindowContainerTransaction { changes = {android.os.BinderProxy@4f414a1={bounds:Rect(0, 0 - 1200, 975),ssw:662,}, android.os.BinderProxy@fbc06c6={bounds:Rect(0, 989 - 1200, 2000),ssw:662,}} hops = [] }
03-10 22:11:44.395   963  1019 W ActivityTaskManager: Current config: {1.0 ?mcc?mnc [zh_CN_#Hans,en_US] ldltr sw800dp w1333dp h728dp 240dpi xlrg land finger -keyb/v/h -nav/h winConfig={ mBounds=Rect(0, 0 - 2000, 1200) mAppBounds=Rect(0, 0 - 2000, 1128) mWindowingMode=fullscreen mDisplayWindowingMode=fullscreen mActivityType=undefined mAlwaysOnTop=undefined mRotation=ROTATION_90} s.1158} unchanged for IME proc com.google.android.inputmethod.latin
03-10 22:11:44.398   963  1019 I ActivityTaskManager: Config changes=20000480 {1.0 ?mcc?mnc [zh_CN_#Hans,en_US] ldltr sw800dp w800dp h1261dp 240dpi xlrg port finger -keyb/v/h -nav/h winConfig={ mBounds=Rect(0, 0 - 1200, 2000) mAppBounds=Rect(0, 0 - 1200, 1928) mWindowingMode=fullscreen mDisplayWindowingMode=fullscreen mActivityType=undefined mAlwaysOnTop=undefined mRotation=ROTATION_0} s.1158}
03-10 22:11:44.418   963  1019 W ActivityTaskManager: Current config: {1.0 ?mcc?mnc [zh_CN_#Hans,en_US] ldltr sw800dp w1333dp h728dp 240dpi xlrg land finger -keyb/v/h -nav/h winConfig={ mBounds=Rect(0, 0 - 2000, 1200) mAppBounds=Rect(0, 0 - 2000, 1128) mWindowingMode=fullscreen mDisplayWindowingMode=fullscreen mActivityType=undefined mAlwaysOnTop=undefined mRotation=ROTATION_90} s.1158} unchanged for IME proc com.google.android.inputmethod.latin
03-10 22:11:44.419   963  1019 I WindowManager: Override config changes=20000480 {1.0 ?mcc?mnc [zh_CN_#Hans,en_US] ldltr sw800dp w800dp h1261dp 240dpi xlrg port finger -keyb/v/h -nav/h winConfig={ mBounds=Rect(0, 0 - 1200, 2000) mAppBounds=Rect(0, 0 - 1200, 1928) mWindowingMode=fullscreen mDisplayWindowingMode=fullscreen mActivityType=undefined mAlwaysOnTop=undefined mRotation=ROTATION_0} s.1158} for displayId=0
03-10 22:11:44.421   963  1019 V ActivityTaskManager: Sending to IME proc com.google.android.inputmethod.latin new config {1.0 ?mcc?mnc [zh_CN_#Hans,en_US] ldltr sw800dp w800dp h1261dp 240dpi xlrg port finger -keyb/v/h -nav/h winConfig={ mBounds=Rect(0, 0 - 1200, 2000) mAppBounds=Rect(0, 0 - 1200, 1928) mWindowingMode=fullscreen mDisplayWindowingMode=fullscreen mActivityType=undefined mAlwaysOnTop=undefined mRotation=ROTATION_0} s.1158}
03-10 22:11:44.422   963  1019 W ActivityTaskManager: Current config: {1.0 ?mcc?mnc [zh_CN_#Hans,en_US] ldltr sw800dp w800dp h1261dp 240dpi xlrg port finger -keyb/v/h -nav/h winConfig={ mBounds=Rect(0, 0 - 1200, 2000) mAppBounds=Rect(0, 0 - 1200, 1928) mWindowingMode=fullscreen mDisplayWindowingMode=fullscreen mActivityType=undefined mAlwaysOnTop=undefined mRotation=ROTATION_0} s.1158} unchanged for IME proc com.google.android.inputmethod.latin
03-10 22:11:44.604   963  2594 D MtkConnectivityService: requestNetwork for uid/pid:10120/10409 NetworkRequest [ TRACK_DEFAULT id=111, [ Capabilities: INTERNET&NOT_RESTRICTED&TRUSTED Uid: 10120 AdministratorUids: [] RequestorUid: 10120 RequestorPackageName: com.google.android.apps.photos] ]
03-10 22:11:44.605   963  1347 D MtkConnectivityService: NetReassign [no changes]
03-10 22:11:44.644   963  4054 D MediaRouterService: Client com.google.android.apps.photos (pid 10409): Set discovery request, routeTypes=0x0, activeScan=false
03-10 22:11:44.708   963  1032 E KernelCpuSpeedReader: Failed to read cpu-freq: /sys/devices/system/cpu/cpu0/cpufreq/stats/time_in_state: open failed: ENOENT (No such file or directory)
03-10 22:11:44.708   963  1032 E KernelCpuSpeedReader: Failed to read cpu-freq: /sys/devices/system/cpu/cpu4/cpufreq/stats/time_in_state: open failed: ENOENT (No such file or directory)
03-10 22:11:44.736  1418  1418 I EmergencyButton: mLocateAtNonSecureView = true
03-10 22:11:44.736  1418  1418 I EmergencyButton: ECC Button is located on Notification Keygaurd and OP do not ask to show. So this is a normal case ,we never show it.
03-10 22:11:45.109   963  1014 W UriGrantsManagerService: No permission grants found for com.google.android.apps.photos
03-10 22:11:45.110   963  1014 W UriGrantsManagerService: No permission grants found for com.google.android.apps.photos
03-10 22:11:45.153   963  4054 W UriGrantsManagerService: No permission grants found for com.google.android.apps.photos
03-10 22:11:45.356   963  4054 I chatty  : uid=1000(system) Binder:963_18 identical 4 lines
03-10 22:11:45.357   963  4054 W UriGrantsManagerService: No permission grants found for com.google.android.apps.photos
03-10 22:11:45.403   963  3003 W UriGrantsManagerService: No permission grants found for com.google.android.apps.photos
03-10 22:11:45.434   963  3003 I chatty  : uid=1000(system) Binder:963_17 identical 2 lines
03-10 22:11:45.434   963  3003 W UriGrantsManagerService: No permission grants found for com.google.android.apps.photos
03-10 22:11:45.709   963  4054 W UriGrantsManagerService: No permission grants found for com.google.android.apps.photos
03-10 22:11:45.713   963  4054 W UriGrantsManagerService: No permission grants found for com.google.android.apps.photos
03-10 22:11:45.808   963  1014 W UriGrantsManagerService: No permission grants found for com.google.android.apps.photos
03-10 22:11:46.398   963  1014 I chatty  : uid=1000(system) Binder:963_2 identical 4 lines
03-10 22:11:46.399   963  1014 W UriGrantsManagerService: No permission grants found for com.google.android.apps.photos
03-10 22:11:46.510   963  4054 W UriGrantsManagerService: No permission grants found for com.google.android.apps.photos
03-10 22:11:46.511   963  4054 W UriGrantsManagerService: No permission grants found for com.google.android.apps.photos
03-10 22:11:48.260   963   963 W NotificationHistory: Attempted to add notif for locked/gone/disabled user 0
03-10 22:11:50.543   963  3003 W UriGrantsManagerService: No permission grants found for com.google.android.apps.photos
03-10 22:11:50.543   963  3003 W UriGrantsManagerService: No permission grants found for com.google.android.apps.photos
03-10 22:11:50.705   963  4054 W UriGrantsManagerService: No permission grants found for com.google.android.apps.photos
03-10 22:11:50.771   963  4054 I chatty  : uid=1000(system) Binder:963_18 identical 2 lines
03-10 22:11:50.772   963  4054 W UriGrantsManagerService: No permission grants found for com.google.android.apps.photos
03-10 22:11:50.878   963  3003 W UriGrantsManagerService: No permission grants found for com.google.android.apps.photos
03-10 22:11:54.040   963  3003 I chatty  : uid=1000(system) Binder:963_17 identical 6 lines
03-10 22:11:54.041   963  3003 W UriGrantsManagerService: No permission grants found for com.google.android.apps.photos
03-10 22:11:54.189   963  4054 W UriGrantsManagerService: No permission grants found for com.google.android.apps.photos
03-10 22:11:54.189   963  4054 W UriGrantsManagerService: No permission grants found for com.google.android.apps.photos
03-10 22:11:54.557   963  2594 W UriGrantsManagerService: No permission grants found for com.google.android.apps.photos
03-10 22:11:54.558   963  2594 W UriGrantsManagerService: No permission grants found for com.google.android.apps.photos
03-10 22:11:54.607   963  4054 I ActivityTaskManager: START u0 {act=com.android.camera.action.REVIEW dat=content://media/external/video/media/30 typ=video/mp4 cmp=com.google.android.apps.photos/.pager.HostPhotoPagerActivity (has extras)} from uid 10144
03-10 22:11:54.615   963  4054 D DuraSpeed: onAppSwitched, packageName:com.google.android.apps.photos
03-10 22:11:54.623   963  4054 W UriGrantsManagerService: No permission grants found for com.google.android.apps.photos
03-10 22:11:54.623   963  4054 W UriGrantsManagerService: No permission grants found for com.google.android.apps.photos
03-10 22:11:54.628   963  2594 W ActivityTaskManager: Tried to set launchTime (0) < mLastActivityLaunchTime (2816374)
03-10 22:11:54.633   963  2594 W WindowManager: Changing focus fromWindow{e3158b1 u0 com.mediatek.camera/com.mediatek.camera.CameraLauncher} to null displayId=0 Callers=com.android.server.wm.RootWindowContainer.updateFocusedWindowLocked:457 com.android.server.wm.WindowManagerService.updateFocusedWindowLocked:5599 com.android.server.wm.DisplayContent.setFocusedApp:5517 com.android.server.wm.ActivityTaskManagerService.setResumedActivityUncheckLocked:5510 
03-10 22:11:54.700   963  1014 I WindowManager: Relayout Window{3c1b9fd u0 com.google.android.apps.photos/com.google.android.apps.photos.pager.HostPhotoPagerActivity}: oldVis=4 newVis=0 focusMayChange = true
03-10 22:11:54.705   963  1014 W WindowManager: Changing focus fromnull to Window{3c1b9fd u0 com.google.android.apps.photos/com.google.android.apps.photos.pager.HostPhotoPagerActivity} displayId=0 Callers=com.android.server.wm.RootWindowContainer.updateFocusedWindowLocked:457 com.android.server.wm.WindowManagerService.updateFocusedWindowLocked:5599 com.android.server.wm.WindowManagerService.relayoutWindow:2392 com.android.server.wm.Session.relayout:213 
03-10 22:11:54.918   963  1025 E BOOTPROF: Failure open /proc/bootprof, not found!
03-10 22:11:54.918   963  1025 E BOOTPROF: java.io.FileNotFoundException: /proc/bootprof: open failed: ENOENT (No such file or directory)
03-10 22:11:54.918   963  1025 E BOOTPROF: 	at libcore.io.IoBridge.open(IoBridge.java:492)
03-10 22:11:54.918   963  1025 E BOOTPROF: 	at java.io.FileOutputStream.<init>(FileOutputStream.java:236)
03-10 22:11:54.918   963  1025 E BOOTPROF: 	at java.io.FileOutputStream.<init>(FileOutputStream.java:125)
03-10 22:11:54.918   963  1025 E BOOTPROF: 	at com.mediatek.server.MtkSystemServerImpl.addBootEvent(MtkSystemServerImpl.java:322)
03-10 22:11:54.918   963  1025 E BOOTPROF: 	at com.android.server.wm.ActivityMetricsLogger.logAppDisplayed(ActivityMetricsLogger.java:903)
03-10 22:11:54.918   963  1025 E BOOTPROF: 	at com.android.server.wm.ActivityMetricsLogger.lambda$logAppTransitionFinished$2$ActivityMetricsLogger(ActivityMetricsLogger.java:804)
03-10 22:11:54.918   963  1025 E BOOTPROF: 	at com.android.server.wm.-$$Lambda$ActivityMetricsLogger$fTBXciy3VZJ2vTW_ZJXaKfUj7_I.run(Unknown Source:4)
03-10 22:11:54.918   963  1025 E BOOTPROF: 	at android.os.Handler.handleCallback(Handler.java:938)
03-10 22:11:54.918   963  1025 E BOOTPROF: 	at android.os.Handler.dispatchMessage(Handler.java:99)
03-10 22:11:54.918   963  1025 E BOOTPROF: 	at android.os.Looper.loop(Looper.java:223)
03-10 22:11:54.918   963  1025 E BOOTPROF: 	at android.os.HandlerThread.run(HandlerThread.java:67)
03-10 22:11:54.918   963  1025 E BOOTPROF: Caused by: android.system.ErrnoException: open failed: ENOENT (No such file or directory)
03-10 22:11:54.918   963  1025 E BOOTPROF: 	at libcore.io.Linux.open(Native Method)
03-10 22:11:54.918   963  1025 E BOOTPROF: 	at libcore.io.ForwardingOs.open(ForwardingOs.java:166)
03-10 22:11:54.918   963  1025 E BOOTPROF: 	at libcore.io.BlockGuardOs.open(BlockGuardOs.java:254)
03-10 22:11:54.918   963  1025 E BOOTPROF: 	at libcore.io.IoBridge.open(IoBridge.java:478)
03-10 22:11:54.918   963  1025 E BOOTPROF: 	... 10 more
03-10 22:11:55.303  1418  1418 D SyncTransactionQueue: Nothing in queue, so skip queueing up WindowContainerTransaction { changes = {android.os.BinderProxy@4f414a1={bounds:Rect(0, 0 - 993, 1200),ssw:662,}, android.os.BinderProxy@fbc06c6={bounds:Rect(1007, 0 - 2000, 1200),ssw:662,}} hops = [] }
03-10 22:11:55.309   963  1019 W ActivityTaskManager: Current config: {1.0 ?mcc?mnc [zh_CN_#Hans,en_US] ldltr sw800dp w800dp h1261dp 240dpi xlrg port finger -keyb/v/h -nav/h winConfig={ mBounds=Rect(0, 0 - 1200, 2000) mAppBounds=Rect(0, 0 - 1200, 1928) mWindowingMode=fullscreen mDisplayWindowingMode=fullscreen mActivityType=undefined mAlwaysOnTop=undefined mRotation=ROTATION_0} s.1190} unchanged for IME proc com.google.android.inputmethod.latin
03-10 22:11:55.313   963  1019 I ActivityTaskManager: Config changes=20000480 {1.0 ?mcc?mnc [zh_CN_#Hans,en_US] ldltr sw800dp w1333dp h728dp 240dpi xlrg land finger -keyb/v/h -nav/h winConfig={ mBounds=Rect(0, 0 - 2000, 1200) mAppBounds=Rect(0, 0 - 2000, 1128) mWindowingMode=fullscreen mDisplayWindowingMode=fullscreen mActivityType=undefined mAlwaysOnTop=undefined mRotation=ROTATION_90} s.1190}
03-10 22:11:55.331   963  1019 W ActivityTaskManager: Current config: {1.0 ?mcc?mnc [zh_CN_#Hans,en_US] ldltr sw800dp w800dp h1261dp 240dpi xlrg port finger -keyb/v/h -nav/h winConfig={ mBounds=Rect(0, 0 - 1200, 2000) mAppBounds=Rect(0, 0 - 1200, 1928) mWindowingMode=fullscreen mDisplayWindowingMode=fullscreen mActivityType=undefined mAlwaysOnTop=undefined mRotation=ROTATION_0} s.1190} unchanged for IME proc com.google.android.inputmethod.latin
03-10 22:11:55.333   963  1019 I WindowManager: Override config changes=20000480 {1.0 ?mcc?mnc [zh_CN_#Hans,en_US] ldltr sw800dp w1333dp h728dp 240dpi xlrg land finger -keyb/v/h -nav/h winConfig={ mBounds=Rect(0, 0 - 2000, 1200) mAppBounds=Rect(0, 0 - 2000, 1128) mWindowingMode=fullscreen mDisplayWindowingMode=fullscreen mActivityType=undefined mAlwaysOnTop=undefined mRotation=ROTATION_90} s.1190} for displayId=0
03-10 22:11:55.335   963  1019 V ActivityTaskManager: Sending to IME proc com.google.android.inputmethod.latin new config {1.0 ?mcc?mnc [zh_CN_#Hans,en_US] ldltr sw800dp w1333dp h728dp 240dpi xlrg land finger -keyb/v/h -nav/h winConfig={ mBounds=Rect(0, 0 - 2000, 1200) mAppBounds=Rect(0, 0 - 2000, 1128) mWindowingMode=fullscreen mDisplayWindowingMode=fullscreen mActivityType=undefined mAlwaysOnTop=undefined mRotation=ROTATION_90} s.1190}
03-10 22:11:55.335   963  1019 W ActivityTaskManager: Current config: {1.0 ?mcc?mnc [zh_CN_#Hans,en_US] ldltr sw800dp w1333dp h728dp 240dpi xlrg land finger -keyb/v/h -nav/h winConfig={ mBounds=Rect(0, 0 - 2000, 1200) mAppBounds=Rect(0, 0 - 2000, 1128) mWindowingMode=fullscreen mDisplayWindowingMode=fullscreen mActivityType=undefined mAlwaysOnTop=undefined mRotation=ROTATION_90} s.1190} unchanged for IME proc com.google.android.inputmethod.latin
03-10 22:11:55.350   963  1776 W UriGrantsManagerService: No permission grants found for com.google.android.apps.photos
03-10 22:11:55.354   963  1013 W UriGrantsManagerService: No permission grants found for com.google.android.apps.photos
03-10 22:11:55.408   963  2594 V SettingsProvider: name : hide_rotation_lock_toggle_for_accessibility appId : 10142
03-10 22:11:55.408   963  2594 V SettingsProvider: Package name : com.android.systemui privateFlags : -1938812824
03-10 22:11:55.433   963  5651 V SettingsProvider: name : accelerometer_rotation appId : 1000
03-10 22:11:55.433   963  5651 V SettingsProvider: name : user_rotation appId : 1000
03-10 22:11:55.483   963  1776 D MediaRouterService: Client com.google.android.apps.photos (pid 10409): Set discovery request, routeTypes=0x800000, activeScan=false
03-10 22:11:55.494   963  1776 W UriGrantsManagerService: No permission grants found for com.google.android.apps.photos
03-10 22:11:55.494   963  1776 W UriGrantsManagerService: No permission grants found for com.google.android.apps.photos
03-10 22:11:55.572   963  3003 W UriGrantsManagerService: No permission grants found for com.google.android.apps.photos
03-10 22:11:55.592   963  3003 I chatty  : uid=1000(system) Binder:963_17 identical 2 lines
03-10 22:11:55.593   963  3003 W UriGrantsManagerService: No permission grants found for com.google.android.apps.photos
03-10 22:11:55.757   963  5651 W UriGrantsManagerService: No permission grants found for com.google.android.apps.photos
03-10 22:11:55.819   963  5651 I chatty  : uid=1000(system) Binder:963_1D identical 2 lines
03-10 22:11:55.819   963  5651 W UriGrantsManagerService: No permission grants found for com.google.android.apps.photos
03-10 22:11:55.858   963  5636 W UriGrantsManagerService: No permission grants found for com.google.android.apps.photos
03-10 22:11:55.859   963  5636 W UriGrantsManagerService: No permission grants found for com.google.android.apps.photos
03-10 22:11:55.965   963  1776 W UriGrantsManagerService: No permission grants found for com.google.android.apps.photos
03-10 22:11:55.966   963  5636 W UriGrantsManagerService: No permission grants found for com.google.android.apps.photos
03-10 22:11:56.029   963  5636 I chatty  : uid=1000(system) Binder:963_1B identical 1 line
03-10 22:11:56.030   963  5636 W UriGrantsManagerService: No permission grants found for com.google.android.apps.photos
03-10 22:11:56.060   963  1776 W UriGrantsManagerService: No permission grants found for com.google.android.apps.photos
03-10 22:11:56.061   963  1776 W UriGrantsManagerService: No permission grants found for com.google.android.apps.photos
03-10 22:11:56.100   963  5636 W UriGrantsManagerService: No permission grants found for com.google.android.apps.photos
03-10 22:11:56.101   963  5636 W UriGrantsManagerService: No permission grants found for com.google.android.apps.photos
03-10 22:11:57.204   963  1017 D AutofillManagerService: onBackKeyPressed()
03-10 22:11:57.217   963  5636 D DuraSpeed: onAppSwitched, packageName:com.mediatek.camera
03-10 22:11:57.240   963  5636 W WindowManager: Changing focus fromWindow{3c1b9fd u0 com.google.android.apps.photos/com.google.android.apps.photos.pager.HostPhotoPagerActivity} to null displayId=0 Callers=com.android.server.wm.RootWindowContainer.updateFocusedWindowLocked:457 com.android.server.wm.WindowManagerService.updateFocusedWindowLocked:5599 com.android.server.wm.DisplayContent.setFocusedApp:5517 com.android.server.wm.ActivityTaskManagerService.setResumedActivityUncheckLocked:5510 
03-10 22:11:57.281   963  5636 I WindowManager: Relayout Window{e3158b1 u0 com.mediatek.camera/com.mediatek.camera.CameraLauncher}: oldVis=4 newVis=0 focusMayChange = true
03-10 22:11:57.285   963  5636 W WindowManager: Changing focus fromnull to Window{e3158b1 u0 com.mediatek.camera/com.mediatek.camera.CameraLauncher} displayId=0 Callers=com.android.server.wm.RootWindowContainer.updateFocusedWindowLocked:457 com.android.server.wm.WindowManagerService.updateFocusedWindowLocked:5599 com.android.server.wm.WindowManagerService.relayoutWindow:2392 com.android.server.wm.Session.relayout:213 
03-10 22:11:57.310  1418  1418 D SyncTransactionQueue: Nothing in queue, so skip queueing up WindowContainerTransaction { changes = {android.os.BinderProxy@4f414a1={bounds:Rect(0, 0 - 1200, 975),ssw:662,}, android.os.BinderProxy@fbc06c6={bounds:Rect(0, 989 - 1200, 2000),ssw:662,}} hops = [] }
03-10 22:11:57.316   963  1019 W ActivityTaskManager: Current config: {1.0 ?mcc?mnc [zh_CN_#Hans,en_US] ldltr sw800dp w1333dp h728dp 240dpi xlrg land finger -keyb/v/h -nav/h winConfig={ mBounds=Rect(0, 0 - 2000, 1200) mAppBounds=Rect(0, 0 - 2000, 1128) mWindowingMode=fullscreen mDisplayWindowingMode=fullscreen mActivityType=undefined mAlwaysOnTop=undefined mRotation=ROTATION_90} s.1222} unchanged for IME proc com.google.android.inputmethod.latin
03-10 22:11:57.319   963  1019 I ActivityTaskManager: Config changes=20000480 {1.0 ?mcc?mnc [zh_CN_#Hans,en_US] ldltr sw800dp w800dp h1261dp 240dpi xlrg port finger -keyb/v/h -nav/h winConfig={ mBounds=Rect(0, 0 - 1200, 2000) mAppBounds=Rect(0, 0 - 1200, 1928) mWindowingMode=fullscreen mDisplayWindowingMode=fullscreen mActivityType=undefined mAlwaysOnTop=undefined mRotation=ROTATION_0} s.1222}
03-10 22:11:57.336   963  1019 W ActivityTaskManager: Current config: {1.0 ?mcc?mnc [zh_CN_#Hans,en_US] ldltr sw800dp w1333dp h728dp 240dpi xlrg land finger -keyb/v/h -nav/h winConfig={ mBounds=Rect(0, 0 - 2000, 1200) mAppBounds=Rect(0, 0 - 2000, 1128) mWindowingMode=fullscreen mDisplayWindowingMode=fullscreen mActivityType=undefined mAlwaysOnTop=undefined mRotation=ROTATION_90} s.1222} unchanged for IME proc com.google.android.inputmethod.latin
03-10 22:11:57.336   963  1019 I WindowManager: Override config changes=20000480 {1.0 ?mcc?mnc [zh_CN_#Hans,en_US] ldltr sw800dp w800dp h1261dp 240dpi xlrg port finger -keyb/v/h -nav/h winConfig={ mBounds=Rect(0, 0 - 1200, 2000) mAppBounds=Rect(0, 0 - 1200, 1928) mWindowingMode=fullscreen mDisplayWindowingMode=fullscreen mActivityType=undefined mAlwaysOnTop=undefined mRotation=ROTATION_0} s.1222} for displayId=0
03-10 22:11:57.338   963  1019 V ActivityTaskManager: Sending to IME proc com.google.android.inputmethod.latin new config {1.0 ?mcc?mnc [zh_CN_#Hans,en_US] ldltr sw800dp w800dp h1261dp 240dpi xlrg port finger -keyb/v/h -nav/h winConfig={ mBounds=Rect(0, 0 - 1200, 2000) mAppBounds=Rect(0, 0 - 1200, 1928) mWindowingMode=fullscreen mDisplayWindowingMode=fullscreen mActivityType=undefined mAlwaysOnTop=undefined mRotation=ROTATION_0} s.1222}
03-10 22:11:57.338   963  1019 W ActivityTaskManager: Current config: {1.0 ?mcc?mnc [zh_CN_#Hans,en_US] ldltr sw800dp w800dp h1261dp 240dpi xlrg port finger -keyb/v/h -nav/h winConfig={ mBounds=Rect(0, 0 - 1200, 2000) mAppBounds=Rect(0, 0 - 1200, 1928) mWindowingMode=fullscreen mDisplayWindowingMode=fullscreen mActivityType=undefined mAlwaysOnTop=undefined mRotation=ROTATION_0} s.1222} unchanged for IME proc com.google.android.inputmethod.latin
03-10 22:11:57.558   963  5636 D MediaRouterService: Client com.google.android.apps.photos (pid 10409): Set discovery request, routeTypes=0x0, activeScan=false
03-10 22:11:59.092   963  5651 W UriGrantsManagerService: No permission grants found for com.google.android.apps.photos
03-10 22:11:59.156   963  5651 I chatty  : uid=1000(system) Binder:963_1D identical 2 lines
03-10 22:11:59.157   963  5651 W UriGrantsManagerService: No permission grants found for com.google.android.apps.photos
03-10 22:11:59.203   963  5636 W UriGrantsManagerService: No permission grants found for com.google.android.apps.photos
03-10 22:11:59.326   963  5636 I chatty  : uid=1000(system) Binder:963_1B identical 2 lines
03-10 22:11:59.326   963  5636 W UriGrantsManagerService: No permission grants found for com.google.android.apps.photos
03-10 22:11:59.375   963  5651 W UriGrantsManagerService: No permission grants found for com.google.android.apps.photos
03-10 22:12:01.350   963  5651 I chatty  : uid=1000(system) Binder:963_1D identical 4 lines
03-10 22:12:01.351   963  5651 W UriGrantsManagerService: No permission grants found for com.google.android.apps.photos
03-10 22:12:01.532   963  5636 W UriGrantsManagerService: No permission grants found for com.google.android.apps.photos
03-10 22:12:01.533   963  5636 W UriGrantsManagerService: No permission grants found for com.google.android.apps.photos
03-10 22:12:02.115   963  4054 W UriGrantsManagerService: No permission grants found for com.google.android.apps.photos
03-10 22:12:02.116   963  4054 W UriGrantsManagerService: No permission grants found for com.google.android.apps.photos
03-10 22:12:02.654   963  5651 W UriGrantsManagerService: No permission grants found for com.google.android.apps.photos
03-10 22:12:03.020   963  5651 I chatty  : uid=1000(system) Binder:963_1D identical 6 lines
03-10 22:12:03.021   963  5651 W UriGrantsManagerService: No permission grants found for com.google.android.apps.photos
03-10 22:12:03.880   963  1013 W UriGrantsManagerService: No permission grants found for com.google.android.apps.photos
03-10 22:12:03.882   963  1013 W UriGrantsManagerService: No permission grants found for com.google.android.apps.photos
03-10 22:12:04.055   963  5636 W UriGrantsManagerService: No permission grants found for com.google.android.apps.photos
03-10 22:12:04.127   963  5636 I chatty  : uid=1000(system) Binder:963_1B identical 2 lines
03-10 22:12:04.127   963  5636 W UriGrantsManagerService: No permission grants found for com.google.android.apps.photos
03-10 22:12:04.228   963  1013 W UriGrantsManagerService: No permission grants found for com.google.android.apps.photos
03-10 22:12:04.294   963  1013 I chatty  : uid=1000(system) Binder:963_1 identical 2 lines
03-10 22:12:04.295   963  1013 W UriGrantsManagerService: No permission grants found for com.google.android.apps.photos
03-10 22:12:07.890   963  5651 I WindowManager: Relayout Window{c45acd2 u0 NotificationShade}: oldVis=4 newVis=0 focusMayChange = true
03-10 22:12:07.932  1418  1418 I EmergencyButton: mLocateAtNonSecureView = true
03-10 22:12:07.932  1418  1418 I EmergencyButton: ECC Button is located on Notification Keygaurd and OP do not ask to show. So this is a normal case ,we never show it.
03-10 22:12:08.002   963  5636 W WindowManager: Changing focus fromWindow{e3158b1 u0 com.mediatek.camera/com.mediatek.camera.CameraLauncher} to Window{c45acd2 u0 NotificationShade} displayId=0 Callers=com.android.server.wm.RootWindowContainer.updateFocusedWindowLocked:457 com.android.server.wm.WindowManagerService.updateFocusedWindowLocked:5599 com.android.server.wm.WindowManagerService.relayoutWindow:2392 com.android.server.wm.Session.relayout:213 
03-10 22:12:10.371   963  1042 V DisplayPowerController: Brightness [0.20289086] reason changing to: 'temporary', previous reason: 'manual'.
03-10 22:12:10.597   963  4054 V SettingsProvider: name : screen_brightness_float appId : 10142
03-10 22:12:10.600   963  1042 V DisplayPowerController: Brightness [0.4804136] reason changing to: 'manual', previous reason: 'temporary'.
03-10 22:12:10.601   963   963 V SettingsProvider: name : screen_brightness appId : 1000
03-10 22:12:11.377   963  5636 W UriGrantsManagerService: No permission grants found for com.google.android.apps.photos
03-10 22:12:11.377   963  5636 W UriGrantsManagerService: No permission grants found for com.google.android.apps.photos
03-10 22:12:11.464   963  4054 W UriGrantsManagerService: No permission grants found for com.google.android.apps.photos
03-10 22:12:11.465   963  4054 W UriGrantsManagerService: No permission grants found for com.google.android.apps.photos
03-10 22:12:11.521   963  5636 W UriGrantsManagerService: No permission grants found for com.google.android.apps.photos
03-10 22:12:11.522   963  5636 W UriGrantsManagerService: No permission grants found for com.google.android.apps.photos
03-10 22:12:11.595   963  5636 W WindowManager: Changing focus fromWindow{c45acd2 u0 NotificationShade} to Window{e3158b1 u0 com.mediatek.camera/com.mediatek.camera.CameraLauncher} displayId=0 Callers=com.android.server.wm.RootWindowContainer.updateFocusedWindowLocked:457 com.android.server.wm.WindowManagerService.updateFocusedWindowLocked:5599 com.android.server.wm.WindowManagerService.relayoutWindow:2392 com.android.server.wm.Session.relayout:213 
03-10 22:12:11.607   963  4054 W UriGrantsManagerService: No permission grants found for com.google.android.apps.photos
03-10 22:12:11.609   963  4054 W UriGrantsManagerService: No permission grants found for com.google.android.apps.photos
03-10 22:12:11.708   963  5636 W UriGrantsManagerService: No permission grants found for com.google.android.apps.photos
03-10 22:12:11.712   963  5636 W UriGrantsManagerService: No permission grants found for com.google.android.apps.photos
03-10 22:12:11.767   963  4054 W UriGrantsManagerService: No permission grants found for com.google.android.apps.photos
03-10 22:12:11.768   963  5636 W UriGrantsManagerService: No permission grants found for com.google.android.apps.photos
03-10 22:12:11.995   963  1036 D DuraSpeed: System unhealthy type: HEALTH_TYPE_CPU
03-10 22:12:11.995   963  1036 D DuraSpeed: Need release resource: 10.0%
03-10 22:12:11.995   963  1036 D DuraSpeed:   com.mediatek.camera, appType: 0x2303, adj: 0, cpuLoading: 0.0%
03-10 22:12:11.995   963  1036 D DuraSpeed:   com.android.vending, appType: 0x0003, adj: 935, cpuLoading: 0.0%
03-10 22:12:11.995   963  1036 D DuraSpeed:   com.google.android.apps.nbu.files, appType: 0x0103, adj: 900, cpuLoading: 0.0%
03-10 22:12:11.995   963  1036 D DuraSpeed:   com.google.android.apps.docs, appType: 0x0003, adj: 955, cpuLoading: 0.0%
03-10 22:12:11.995   963  1036 D DuraSpeed:   com.google.android.apps.photos, appType: 0x2103, adj: 0, cpuLoading: 0.0%
03-10 22:12:11.995   963  1036 D DuraSpeed:   com.google.android.documentsui, appType: 0x0003, adj: 945, cpuLoading: 0.0%
03-10 22:12:11.995   963  1036 D DuraSpeed:   com.android.settings, appType: 0x1003, adj: 910, cpuLoading: 0.4%
03-10 22:12:11.995   963  1036 D DuraSpeed: CPU total released about: 0.0%
03-10 22:12:12.033   963  5636 W UriGrantsManagerService: No permission grants found for com.google.android.apps.photos
03-10 22:12:12.163   963  5636 I chatty  : uid=1000(system) Binder:963_1B identical 4 lines
03-10 22:12:12.164   963  5636 W UriGrantsManagerService: No permission grants found for com.google.android.apps.photos
03-10 22:12:12.270   963  4054 W UriGrantsManagerService: No permission grants found for com.google.android.apps.photos
03-10 22:12:12.271   963  4054 W UriGrantsManagerService: No permission grants found for com.google.android.apps.photos
03-10 22:12:12.367   963  5636 W UriGrantsManagerService: No permission grants found for com.google.android.apps.photos
03-10 22:12:13.015   963  5636 I chatty  : uid=1000(system) Binder:963_1B identical 4 lines
03-10 22:12:13.016   963  5636 W UriGrantsManagerService: No permission grants found for com.google.android.apps.photos
03-10 22:12:13.166   963  1776 W UriGrantsManagerService: No permission grants found for com.google.android.apps.photos
03-10 22:12:13.167   963  1776 W UriGrantsManagerService: No permission grants found for com.google.android.apps.photos
03-10 22:12:13.832   963  1013 I ActivityTaskManager: START u0 {act=com.android.camera.action.REVIEW dat=content://media/external/video/media/31 typ=video/mp4 cmp=com.google.android.apps.photos/.pager.HostPhotoPagerActivity (has extras)} from uid 10144
03-10 22:12:13.847   963  1013 D DuraSpeed: onAppSwitched, packageName:com.google.android.apps.photos
03-10 22:12:13.861   963  1776 W ActivityTaskManager: Tried to set launchTime (0) < mLastActivityLaunchTime (2829612)
03-10 22:12:13.867   963  1776 W WindowManager: Changing focus fromWindow{e3158b1 u0 com.mediatek.camera/com.mediatek.camera.CameraLauncher} to null displayId=0 Callers=com.android.server.wm.RootWindowContainer.updateFocusedWindowLocked:457 com.android.server.wm.WindowManagerService.updateFocusedWindowLocked:5599 com.android.server.wm.DisplayContent.setFocusedApp:5517 com.android.server.wm.ActivityTaskManagerService.setResumedActivityUncheckLocked:5510 
03-10 22:12:13.937   963  5651 I WindowManager: Relayout Window{618112f u0 com.google.android.apps.photos/com.google.android.apps.photos.pager.HostPhotoPagerActivity}: oldVis=4 newVis=0 focusMayChange = true
03-10 22:12:13.944   963  5651 W WindowManager: Changing focus fromnull to Window{618112f u0 com.google.android.apps.photos/com.google.android.apps.photos.pager.HostPhotoPagerActivity} displayId=0 Callers=com.android.server.wm.RootWindowContainer.updateFocusedWindowLocked:457 com.android.server.wm.WindowManagerService.updateFocusedWindowLocked:5599 com.android.server.wm.WindowManagerService.relayoutWindow:2392 com.android.server.wm.Session.relayout:213 
03-10 22:12:14.288   963  1025 E BOOTPROF: Failure open /proc/bootprof, not found!
03-10 22:12:14.288   963  1025 E BOOTPROF: java.io.FileNotFoundException: /proc/bootprof: open failed: ENOENT (No such file or directory)
03-10 22:12:14.288   963  1025 E BOOTPROF: 	at libcore.io.IoBridge.open(IoBridge.java:492)
03-10 22:12:14.288   963  1025 E BOOTPROF: 	at java.io.FileOutputStream.<init>(FileOutputStream.java:236)
03-10 22:12:14.288   963  1025 E BOOTPROF: 	at java.io.FileOutputStream.<init>(FileOutputStream.java:125)
03-10 22:12:14.288   963  1025 E BOOTPROF: 	at com.mediatek.server.MtkSystemServerImpl.addBootEvent(MtkSystemServerImpl.java:322)
03-10 22:12:14.288   963  1025 E BOOTPROF: 	at com.android.server.wm.ActivityMetricsLogger.logAppDisplayed(ActivityMetricsLogger.java:903)
03-10 22:12:14.288   963  1025 E BOOTPROF: 	at com.android.server.wm.ActivityMetricsLogger.lambda$logAppTransitionFinished$2$ActivityMetricsLogger(ActivityMetricsLogger.java:804)
03-10 22:12:14.288   963  1025 E BOOTPROF: 	at com.android.server.wm.-$$Lambda$ActivityMetricsLogger$fTBXciy3VZJ2vTW_ZJXaKfUj7_I.run(Unknown Source:4)
03-10 22:12:14.288   963  1025 E BOOTPROF: 	at android.os.Handler.handleCallback(Handler.java:938)
03-10 22:12:14.288   963  1025 E BOOTPROF: 	at android.os.Handler.dispatchMessage(Handler.java:99)
03-10 22:12:14.288   963  1025 E BOOTPROF: 	at android.os.Looper.loop(Looper.java:223)
03-10 22:12:14.288   963  1025 E BOOTPROF: 	at android.os.HandlerThread.run(HandlerThread.java:67)
03-10 22:12:14.288   963  1025 E BOOTPROF: Caused by: android.system.ErrnoException: open failed: ENOENT (No such file or directory)
03-10 22:12:14.288   963  1025 E BOOTPROF: 	at libcore.io.Linux.open(Native Method)
03-10 22:12:14.288   963  1025 E BOOTPROF: 	at libcore.io.ForwardingOs.open(ForwardingOs.java:166)
03-10 22:12:14.288   963  1025 E BOOTPROF: 	at libcore.io.BlockGuardOs.open(BlockGuardOs.java:254)
03-10 22:12:14.288   963  1025 E BOOTPROF: 	at libcore.io.IoBridge.open(IoBridge.java:478)
03-10 22:12:14.288   963  1025 E BOOTPROF: 	... 10 more
03-10 22:12:14.684  1418  1418 D SyncTransactionQueue: Nothing in queue, so skip queueing up WindowContainerTransaction { changes = {android.os.BinderProxy@4f414a1={bounds:Rect(0, 0 - 993, 1200),ssw:662,}, android.os.BinderProxy@fbc06c6={bounds:Rect(1007, 0 - 2000, 1200),ssw:662,}} hops = [] }
03-10 22:12:14.691   963  1019 W ActivityTaskManager: Current config: {1.0 ?mcc?mnc [zh_CN_#Hans,en_US] ldltr sw800dp w800dp h1261dp 240dpi xlrg port finger -keyb/v/h -nav/h winConfig={ mBounds=Rect(0, 0 - 1200, 2000) mAppBounds=Rect(0, 0 - 1200, 1928) mWindowingMode=fullscreen mDisplayWindowingMode=fullscreen mActivityType=undefined mAlwaysOnTop=undefined mRotation=ROTATION_0} s.1254} unchanged for IME proc com.google.android.inputmethod.latin
03-10 22:12:14.694   963  1019 I ActivityTaskManager: Config changes=20000480 {1.0 ?mcc?mnc [zh_CN_#Hans,en_US] ldltr sw800dp w1333dp h728dp 240dpi xlrg land finger -keyb/v/h -nav/h winConfig={ mBounds=Rect(0, 0 - 2000, 1200) mAppBounds=Rect(0, 0 - 2000, 1128) mWindowingMode=fullscreen mDisplayWindowingMode=fullscreen mActivityType=undefined mAlwaysOnTop=undefined mRotation=ROTATION_90} s.1254}
03-10 22:12:14.708   963  5636 W UriGrantsManagerService: No permission grants found for com.google.android.apps.photos
03-10 22:12:14.709   963  5636 W UriGrantsManagerService: No permission grants found for com.google.android.apps.photos
03-10 22:12:14.710   963  1019 W ActivityTaskManager: Current config: {1.0 ?mcc?mnc [zh_CN_#Hans,en_US] ldltr sw800dp w800dp h1261dp 240dpi xlrg port finger -keyb/v/h -nav/h winConfig={ mBounds=Rect(0, 0 - 1200, 2000) mAppBounds=Rect(0, 0 - 1200, 1928) mWindowingMode=fullscreen mDisplayWindowingMode=fullscreen mActivityType=undefined mAlwaysOnTop=undefined mRotation=ROTATION_0} s.1254} unchanged for IME proc com.google.android.inputmethod.latin
03-10 22:12:14.711   963  1019 I WindowManager: Override config changes=20000480 {1.0 ?mcc?mnc [zh_CN_#Hans,en_US] ldltr sw800dp w1333dp h728dp 240dpi xlrg land finger -keyb/v/h -nav/h winConfig={ mBounds=Rect(0, 0 - 2000, 1200) mAppBounds=Rect(0, 0 - 2000, 1128) mWindowingMode=fullscreen mDisplayWindowingMode=fullscreen mActivityType=undefined mAlwaysOnTop=undefined mRotation=ROTATION_90} s.1254} for displayId=0
03-10 22:12:14.714   963  1019 V ActivityTaskManager: Sending to IME proc com.google.android.inputmethod.latin new config {1.0 ?mcc?mnc [zh_CN_#Hans,en_US] ldltr sw800dp w1333dp h728dp 240dpi xlrg land finger -keyb/v/h -nav/h winConfig={ mBounds=Rect(0, 0 - 2000, 1200) mAppBounds=Rect(0, 0 - 2000, 1128) mWindowingMode=fullscreen mDisplayWindowingMode=fullscreen mActivityType=undefined mAlwaysOnTop=undefined mRotation=ROTATION_90} s.1254}
03-10 22:12:14.714   963  1019 W ActivityTaskManager: Current config: {1.0 ?mcc?mnc [zh_CN_#Hans,en_US] ldltr sw800dp w1333dp h728dp 240dpi xlrg land finger -keyb/v/h -nav/h winConfig={ mBounds=Rect(0, 0 - 2000, 1200) mAppBounds=Rect(0, 0 - 2000, 1128) mWindowingMode=fullscreen mDisplayWindowingMode=fullscreen mActivityType=undefined mAlwaysOnTop=undefined mRotation=ROTATION_90} s.1254} unchanged for IME proc com.google.android.inputmethod.latin
03-10 22:12:14.723   963  5636 V SettingsProvider: name : hide_rotation_lock_toggle_for_accessibility appId : 10142
03-10 22:12:14.723   963  5636 V SettingsProvider: Package name : com.android.systemui privateFlags : -1938812824
03-10 22:12:14.742   963  5636 V SettingsProvider: name : accelerometer_rotation appId : 1000
03-10 22:12:14.742   963  5636 V SettingsProvider: name : user_rotation appId : 1000
03-10 22:12:14.838   963  5636 D MediaRouterService: Client com.google.android.apps.photos (pid 10409): Set discovery request, routeTypes=0x800000, activeScan=false
03-10 22:12:14.844   963  5651 W UriGrantsManagerService: No permission grants found for com.google.android.apps.photos
03-10 22:12:14.845   963  5636 W UriGrantsManagerService: No permission grants found for com.google.android.apps.photos
03-10 22:12:15.135   963  5636 I chatty  : uid=1000(system) Binder:963_1B identical 3 lines
03-10 22:12:15.136   963  5636 W UriGrantsManagerService: No permission grants found for com.google.android.apps.photos
03-10 22:12:15.199   963  4054 W UriGrantsManagerService: No permission grants found for com.google.android.apps.photos
03-10 22:12:15.200   963  5651 W UriGrantsManagerService: No permission grants found for com.google.android.apps.photos
--------- beginning of crash
03-10 22:12:15.234 10409 10409 E AndroidRuntime: FATAL EXCEPTION: main
03-10 22:12:15.234 10409 10409 E AndroidRuntime: Process: com.google.android.apps.photos, PID: 10409
03-10 22:12:15.234 10409 10409 E AndroidRuntime: java.lang.NullPointerException: Attempt to invoke virtual method 'int android.graphics.drawable.Drawable.getIntrinsicWidth()' on a null object reference
03-10 22:12:15.234 10409 10409 E AndroidRuntime: 	at udr.e(PG:4)
03-10 22:12:15.234 10409 10409 E AndroidRuntime: 	at udr.a(PG:1)
03-10 22:12:15.234 10409 10409 E AndroidRuntime: 	at cii.r(PG:9)
03-10 22:12:15.234 10409 10409 E AndroidRuntime: 	at cir.r(PG:5)
03-10 22:12:15.234 10409 10409 E AndroidRuntime: 	at cim.onPreDraw(PG:23)
03-10 22:12:15.234 10409 10409 E AndroidRuntime: 	at android.view.ViewTreeObserver.dispatchOnPreDraw(ViewTreeObserver.java:1093)
03-10 22:12:15.234 10409 10409 E AndroidRuntime: 	at android.view.ViewRootImpl.performTraversals(ViewRootImpl.java:3197)
03-10 22:12:15.234 10409 10409 E AndroidRuntime: 	at android.view.ViewRootImpl.doTraversal(ViewRootImpl.java:2020)
03-10 22:12:15.234 10409 10409 E AndroidRuntime: 	at android.view.ViewRootImpl$TraversalRunnable.run(ViewRootImpl.java:8410)
03-10 22:12:15.234 10409 10409 E AndroidRuntime: 	at android.view.Choreographer$CallbackRecord.run(Choreographer.java:974)
03-10 22:12:15.234 10409 10409 E AndroidRuntime: 	at android.view.Choreographer.doCallbacks(Choreographer.java:797)
03-10 22:12:15.234 10409 10409 E AndroidRuntime: 	at android.view.Choreographer.doFrame(Choreographer.java:732)
03-10 22:12:15.234 10409 10409 E AndroidRuntime: 	at android.view.Choreographer$FrameDisplayEventReceiver.run(Choreographer.java:959)
03-10 22:12:15.234 10409 10409 E AndroidRuntime: 	at android.os.Handler.handleCallback(Handler.java:938)
03-10 22:12:15.234 10409 10409 E AndroidRuntime: 	at android.os.Handler.dispatchMessage(Handler.java:99)
03-10 22:12:15.234 10409 10409 E AndroidRuntime: 	at android.os.Looper.loop(Looper.java:223)
03-10 22:12:15.234 10409 10409 E AndroidRuntime: 	at android.app.ActivityThread.main(ActivityThread.java:7723)
03-10 22:12:15.234 10409 10409 E AndroidRuntime: 	at java.lang.reflect.Method.invoke(Native Method)
03-10 22:12:15.234 10409 10409 E AndroidRuntime: 	at com.android.internal.os.RuntimeInit$MethodAndArgsCaller.run(RuntimeInit.java:612)
03-10 22:12:15.234 10409 10409 E AndroidRuntime: 	at com.android.internal.os.ZygoteInit.main(ZygoteInit.java:997)
03-10 22:12:15.246   963  4054 W ActivityTaskManager:   Force finishing activity com.google.android.apps.photos/.pager.HostPhotoPagerActivity
03-10 22:12:15.248   963 13248 I DropBoxManagerService: add tag=system_app_crash isTagEnabled=true flags=0x2
03-10 22:12:15.248   963  4054 D DuraSpeed: onAppSwitched, packageName:com.mediatek.camera
