--------- beginning of system
03-10 22:10:14.884   963  2591 D MtkConnectivityService: requestNetwork for uid/pid:10120/10409 NetworkRequest [ TRACK_DEFAULT id=98, [ Capabilities: INTERNET&NOT_RESTRICTED&TRUSTED Uid: 10120 AdministratorUids: [] RequestorUid: 10120 RequestorPackageName: com.google.android.apps.photos] ]
03-10 22:10:14.885   963  1347 D MtkConnectivityService: NetReassign [98 : null → 100]
03-10 22:10:14.952   963  2594 D MediaRouterService: Client com.google.android.apps.photos (pid 10409): Set discovery request, routeTypes=0x0, activeScan=false
03-10 22:10:15.077  1418  1418 I EmergencyButton: mLocateAtNonSecureView = true
03-10 22:10:15.077  1418  1418 I EmergencyButton: ECC Button is located on Notification Keygaurd and OP do not ask to show. So this is a normal case ,we never show it.
03-10 22:10:15.099   963  1347 D MtkConnectivityService: releasing NetworkRequest [ TRACK_DEFAULT id=98, [ Capabilities: INTERNET&NOT_RESTRICTED&TRUSTED Uid: 10120 AdministratorUids: [] RequestorUid: 10120 RequestorPackageName: com.google.android.apps.photos] ] (release request)
03-10 22:10:15.108  1418  1418 I EmergencyButton: mLocateAtNonSecureView = true
03-10 22:10:15.108  1418  1418 I EmergencyButton: ECC Button is located on Notification Keygaurd and OP do not ask to show. So this is a normal case ,we never show it.
03-10 22:10:16.526   963  1017 V WindowOrientationListener: Proposed rotation changed!  proposedRotation=0, oldProposedRotation=-1
03-10 22:10:19.481   963  2594 W UriGrantsManagerService: No permission grants found for com.google.android.apps.photos
03-10 22:10:19.589   963  2594 I chatty  : uid=1000(system) Binder:963_14 identical 2 lines
03-10 22:10:19.590   963  2594 W UriGrantsManagerService: No permission grants found for com.google.android.apps.photos
03-10 22:10:19.678   963  2023 W UriGrantsManagerService: No permission grants found for com.google.android.apps.photos
03-10 22:10:19.679   963  2023 W UriGrantsManagerService: No permission grants found for com.google.android.apps.photos
03-10 22:10:23.615   963  1017 V WindowOrientationListener: Proposed rotation changed!  proposedRotation=0, oldProposedRotation=-1
03-10 22:10:24.987   963  1776 W UriGrantsManagerService: No permission grants found for com.google.android.apps.photos
03-10 22:10:24.988   963  2581 W UriGrantsManagerService: No permission grants found for com.google.android.apps.photos
03-10 22:10:25.653   963  1776 W UriGrantsManagerService: No permission grants found for com.google.android.apps.photos
03-10 22:10:25.654   963  1776 W UriGrantsManagerService: No permission grants found for com.google.android.apps.photos
03-10 22:10:26.055   963  2023 W UriGrantsManagerService: No permission grants found for com.google.android.apps.photos
03-10 22:10:26.347   963  2023 I chatty  : uid=1000(system) Binder:963_B identical 2 lines
03-10 22:10:26.347   963  2023 W UriGrantsManagerService: No permission grants found for com.google.android.apps.photos
03-10 22:10:26.696   963  1017 V WindowOrientationListener: Proposed rotation changed!  proposedRotation=0, oldProposedRotation=-1
03-10 22:10:30.958   963  1017 V WindowOrientationListener: Proposed rotation changed!  proposedRotation=0, oldProposedRotation=-1
03-10 22:10:31.248   963  1032 E KernelCpuSpeedReader: Failed to read cpu-freq: /sys/devices/system/cpu/cpu0/cpufreq/stats/time_in_state: open failed: ENOENT (No such file or directory)
03-10 22:10:31.248   963  1032 E KernelCpuSpeedReader: Failed to read cpu-freq: /sys/devices/system/cpu/cpu4/cpufreq/stats/time_in_state: open failed: ENOENT (No such file or directory)
03-10 22:10:31.723   963  1776 D CompatibilityChangeReporter: Compat change id reported: 149924527; UID 10108; state: ENABLED
03-10 22:10:31.725   963  1776 D CompatibilityChangeReporter: Compat change id reported: 132649864; UID 10108; state: DISABLED
03-10 22:10:32.083   963  2594 W UriGrantsManagerService: No permission grants found for com.google.android.apps.photos
03-10 22:10:32.085   963  2594 W UriGrantsManagerService: No permission grants found for com.google.android.apps.photos
03-10 22:10:32.140   963  1036 D DuraSpeed: System unhealthy type: HEALTH_TYPE_CPU
03-10 22:10:32.140   963  1036 D DuraSpeed: Need release resource: 10.0%
03-10 22:10:32.140   963  1036 D DuraSpeed:   com.mediatek.camera, appType: 0x2103, adj: 0, cpuLoading: 0.0%
03-10 22:10:32.140   963  1036 D DuraSpeed:   com.android.vending, appType: 0x0003, adj: 955, cpuLoading: 0.0%
03-10 22:10:32.140   963  1036 D DuraSpeed:   com.google.android.apps.nbu.files, appType: 0x0103, adj: 900, cpuLoading: 0.0%
03-10 22:10:32.140   963  1036 D DuraSpeed:   com.google.android.apps.docs, appType: 0x0003, adj: 995, cpuLoading: 0.0%
03-10 22:10:32.140   963  1036 D DuraSpeed:   com.google.android.apps.photos, appType: 0x0103, adj: 250, cpuLoading: 0.0%
03-10 22:10:32.140   963  1036 D DuraSpeed:   com.google.android.documentsui, appType: 0x0003, adj: 985, cpuLoading: 0.0%
03-10 22:10:32.140   963  1036 D DuraSpeed:   com.android.settings, appType: 0x1003, adj: 910, cpuLoading: 0.4%
03-10 22:10:32.140   963  1036 D DuraSpeed: CPU total released about: 0.0%
03-10 22:10:32.233   963  2594 W UriGrantsManagerService: No permission grants found for com.google.android.apps.photos
03-10 22:10:32.618   963  2594 I chatty  : uid=1000(system) Binder:963_14 identical 4 lines
03-10 22:10:32.619   963  2594 W UriGrantsManagerService: No permission grants found for com.google.android.apps.photos
03-10 22:10:32.902   963  2023 I ActivityTaskManager: START u0 {act=com.android.camera.action.REVIEW dat=content://media/external/video/media/24 typ=video/mp4 cmp=com.google.android.apps.photos/.pager.HostPhotoPagerActivity (has extras)} from uid 10144
03-10 22:10:32.917   963  2023 D DuraSpeed: onAppSwitched, packageName:com.google.android.apps.photos
03-10 22:10:32.933   963  1776 W ActivityTaskManager: Tried to set launchTime (0) < mLastActivityLaunchTime (2724856)
03-10 22:10:32.940   963  1776 W WindowManager: Changing focus fromWindow{e3158b1 u0 com.mediatek.camera/com.mediatek.camera.CameraLauncher} to null displayId=0 Callers=com.android.server.wm.RootWindowContainer.updateFocusedWindowLocked:457 com.android.server.wm.WindowManagerService.updateFocusedWindowLocked:5599 com.android.server.wm.DisplayContent.setFocusedApp:5517 com.android.server.wm.ActivityTaskManagerService.setResumedActivityUncheckLocked:5510 
03-10 22:10:33.028   963  2581 I WindowManager: Relayout Window{27cbd21 u0 com.google.android.apps.photos/com.google.android.apps.photos.pager.HostPhotoPagerActivity}: oldVis=4 newVis=0 focusMayChange = true
03-10 22:10:33.035   963  2581 W WindowManager: Changing focus fromnull to Window{27cbd21 u0 com.google.android.apps.photos/com.google.android.apps.photos.pager.HostPhotoPagerActivity} displayId=0 Callers=com.android.server.wm.RootWindowContainer.updateFocusedWindowLocked:457 com.android.server.wm.WindowManagerService.updateFocusedWindowLocked:5599 com.android.server.wm.WindowManagerService.relayoutWindow:2392 com.android.server.wm.Session.relayout:213 
03-10 22:10:33.278   963  1025 E BOOTPROF: Failure open /proc/bootprof, not found!
03-10 22:10:33.278   963  1025 E BOOTPROF: java.io.FileNotFoundException: /proc/bootprof: open failed: ENOENT (No such file or directory)
03-10 22:10:33.278   963  1025 E BOOTPROF: 	at libcore.io.IoBridge.open(IoBridge.java:492)
03-10 22:10:33.278   963  1025 E BOOTPROF: 	at java.io.FileOutputStream.<init>(FileOutputStream.java:236)
03-10 22:10:33.278   963  1025 E BOOTPROF: 	at java.io.FileOutputStream.<init>(FileOutputStream.java:125)
03-10 22:10:33.278   963  1025 E BOOTPROF: 	at com.mediatek.server.MtkSystemServerImpl.addBootEvent(MtkSystemServerImpl.java:322)
03-10 22:10:33.278   963  1025 E BOOTPROF: 	at com.android.server.wm.ActivityMetricsLogger.logAppDisplayed(ActivityMetricsLogger.java:903)
03-10 22:10:33.278   963  1025 E BOOTPROF: 	at com.android.server.wm.ActivityMetricsLogger.lambda$logAppTransitionFinished$2$ActivityMetricsLogger(ActivityMetricsLogger.java:804)
03-10 22:10:33.278   963  1025 E BOOTPROF: 	at com.android.server.wm.-$$Lambda$ActivityMetricsLogger$fTBXciy3VZJ2vTW_ZJXaKfUj7_I.run(Unknown Source:4)
03-10 22:10:33.278   963  1025 E BOOTPROF: 	at android.os.Handler.handleCallback(Handler.java:938)
03-10 22:10:33.278   963  1025 E BOOTPROF: 	at android.os.Handler.dispatchMessage(Handler.java:99)
03-10 22:10:33.278   963  1025 E BOOTPROF: 	at android.os.Looper.loop(Looper.java:223)
03-10 22:10:33.278   963  1025 E BOOTPROF: 	at android.os.HandlerThread.run(HandlerThread.java:67)
03-10 22:10:33.278   963  1025 E BOOTPROF: Caused by: android.system.ErrnoException: open failed: ENOENT (No such file or directory)
03-10 22:10:33.278   963  1025 E BOOTPROF: 	at libcore.io.Linux.open(Native Method)
03-10 22:10:33.278   963  1025 E BOOTPROF: 	at libcore.io.ForwardingOs.open(ForwardingOs.java:166)
03-10 22:10:33.278   963  1025 E BOOTPROF: 	at libcore.io.BlockGuardOs.open(BlockGuardOs.java:254)
03-10 22:10:33.278   963  1025 E BOOTPROF: 	at libcore.io.IoBridge.open(IoBridge.java:478)
03-10 22:10:33.278   963  1025 E BOOTPROF: 	... 10 more
03-10 22:10:33.698  1418  1418 D SyncTransactionQueue: Nothing in queue, so skip queueing up WindowContainerTransaction { changes = {android.os.BinderProxy@4f414a1={bounds:Rect(0, 0 - 993, 1200),ssw:662,}, android.os.BinderProxy@fbc06c6={bounds:Rect(1007, 0 - 2000, 1200),ssw:662,}} hops = [] }
03-10 22:10:33.703   963  1019 W ActivityTaskManager: Current config: {1.0 ?mcc?mnc [zh_CN_#Hans,en_US] ldltr sw800dp w800dp h1261dp 240dpi xlrg port finger -keyb/v/h -nav/h winConfig={ mBounds=Rect(0, 0 - 1200, 2000) mAppBounds=Rect(0, 0 - 1200, 1928) mWindowingMode=fullscreen mDisplayWindowingMode=fullscreen mActivityType=undefined mAlwaysOnTop=undefined mRotation=ROTATION_0} s.806} unchanged for IME proc com.google.android.inputmethod.latin
03-10 22:10:33.707   963  1019 I ActivityTaskManager: Config changes=20000480 {1.0 ?mcc?mnc [zh_CN_#Hans,en_US] ldltr sw800dp w1333dp h728dp 240dpi xlrg land finger -keyb/v/h -nav/h winConfig={ mBounds=Rect(0, 0 - 2000, 1200) mAppBounds=Rect(0, 0 - 2000, 1128) mWindowingMode=fullscreen mDisplayWindowingMode=fullscreen mActivityType=undefined mAlwaysOnTop=undefined mRotation=ROTATION_90} s.806}
03-10 22:10:33.717   963  2594 D MediaRouterService: Client com.google.android.apps.photos (pid 10409): Set discovery request, routeTypes=0x800000, activeScan=false
03-10 22:10:33.733   963  1019 W ActivityTaskManager: Current config: {1.0 ?mcc?mnc [zh_CN_#Hans,en_US] ldltr sw800dp w800dp h1261dp 240dpi xlrg port finger -keyb/v/h -nav/h winConfig={ mBounds=Rect(0, 0 - 1200, 2000) mAppBounds=Rect(0, 0 - 1200, 1928) mWindowingMode=fullscreen mDisplayWindowingMode=fullscreen mActivityType=undefined mAlwaysOnTop=undefined mRotation=ROTATION_0} s.806} unchanged for IME proc com.google.android.inputmethod.latin
03-10 22:10:33.734   963  1019 I WindowManager: Override config changes=20000480 {1.0 ?mcc?mnc [zh_CN_#Hans,en_US] ldltr sw800dp w1333dp h728dp 240dpi xlrg land finger -keyb/v/h -nav/h winConfig={ mBounds=Rect(0, 0 - 2000, 1200) mAppBounds=Rect(0, 0 - 2000, 1128) mWindowingMode=fullscreen mDisplayWindowingMode=fullscreen mActivityType=undefined mAlwaysOnTop=undefined mRotation=ROTATION_90} s.806} for displayId=0
03-10 22:10:33.736   963  1019 V ActivityTaskManager: Sending to IME proc com.google.android.inputmethod.latin new config {1.0 ?mcc?mnc [zh_CN_#Hans,en_US] ldltr sw800dp w1333dp h728dp 240dpi xlrg land finger -keyb/v/h -nav/h winConfig={ mBounds=Rect(0, 0 - 2000, 1200) mAppBounds=Rect(0, 0 - 2000, 1128) mWindowingMode=fullscreen mDisplayWindowingMode=fullscreen mActivityType=undefined mAlwaysOnTop=undefined mRotation=ROTATION_90} s.806}
03-10 22:10:33.737   963  1019 W ActivityTaskManager: Current config: {1.0 ?mcc?mnc [zh_CN_#Hans,en_US] ldltr sw800dp w1333dp h728dp 240dpi xlrg land finger -keyb/v/h -nav/h winConfig={ mBounds=Rect(0, 0 - 2000, 1200) mAppBounds=Rect(0, 0 - 2000, 1128) mWindowingMode=fullscreen mDisplayWindowingMode=fullscreen mActivityType=undefined mAlwaysOnTop=undefined mRotation=ROTATION_90} s.806} unchanged for IME proc com.google.android.inputmethod.latin
03-10 22:10:33.794   963  4054 V SettingsProvider: name : hide_rotation_lock_toggle_for_accessibility appId : 10142
03-10 22:10:33.795   963  4054 V SettingsProvider: Package name : com.android.systemui privateFlags : -1938812824
03-10 22:10:33.796   963  4054 V SettingsProvider: name : accelerometer_rotation appId : 1000
03-10 22:10:33.796   963  4054 V SettingsProvider: name : user_rotation appId : 1000
03-10 22:10:33.927   963  2023 W UriGrantsManagerService: No permission grants found for com.google.android.apps.photos
03-10 22:10:33.928   963  2023 W UriGrantsManagerService: No permission grants found for com.google.android.apps.photos
03-10 22:10:34.032   963  1347 D MtkConnectivityService: NetReassign [no changes]
03-10 22:10:34.084   963  1750 W UriGrantsManagerService: No permission grants found for com.google.android.apps.photos
03-10 22:10:34.115   963  1750 I chatty  : uid=1000(system) Binder:963_8 identical 2 lines
03-10 22:10:34.116   963  1750 W UriGrantsManagerService: No permission grants found for com.google.android.apps.photos
03-10 22:10:35.001   963  1776 W UriGrantsManagerService: No permission grants found for com.google.android.apps.photos
03-10 22:10:35.002   963  1776 W UriGrantsManagerService: No permission grants found for com.google.android.apps.photos
03-10 22:10:35.069   963  1750 W UriGrantsManagerService: No permission grants found for com.google.android.apps.photos
03-10 22:10:35.070   963  1750 W UriGrantsManagerService: No permission grants found for com.google.android.apps.photos
03-10 22:10:35.112   963  1776 W UriGrantsManagerService: No permission grants found for com.google.android.apps.photos
03-10 22:10:35.113   963  1776 W UriGrantsManagerService: No permission grants found for com.google.android.apps.photos
03-10 22:10:35.231   963  1750 W UriGrantsManagerService: No permission grants found for com.google.android.apps.photos
03-10 22:10:36.978   963  1750 I chatty  : uid=1000(system) Binder:963_8 identical 12 lines
03-10 22:10:36.979   963  1750 W UriGrantsManagerService: No permission grants found for com.google.android.apps.photos
03-10 22:10:37.069   963  2591 W UriGrantsManagerService: No permission grants found for com.google.android.apps.photos
03-10 22:10:37.121   963  2591 I chatty  : uid=1000(system) Binder:963_11 identical 2 lines
03-10 22:10:37.122   963  2591 W UriGrantsManagerService: No permission grants found for com.google.android.apps.photos
03-10 22:10:37.312   963  1017 D AutofillManagerService: onBackKeyPressed()
03-10 22:10:37.326   963  2591 D DuraSpeed: onAppSwitched, packageName:com.mediatek.camera
03-10 22:10:37.351   963  2591 W WindowManager: Changing focus fromWindow{27cbd21 u0 com.google.android.apps.photos/com.google.android.apps.photos.pager.HostPhotoPagerActivity} to null displayId=0 Callers=com.android.server.wm.RootWindowContainer.updateFocusedWindowLocked:457 com.android.server.wm.WindowManagerService.updateFocusedWindowLocked:5599 com.android.server.wm.DisplayContent.setFocusedApp:5517 com.android.server.wm.ActivityTaskManagerService.setResumedActivityUncheckLocked:5510 
03-10 22:10:37.392   963  2023 I WindowManager: Relayout Window{e3158b1 u0 com.mediatek.camera/com.mediatek.camera.CameraLauncher}: oldVis=4 newVis=0 focusMayChange = true
03-10 22:10:37.397   963  2023 W WindowManager: Changing focus fromnull to Window{e3158b1 u0 com.mediatek.camera/com.mediatek.camera.CameraLauncher} displayId=0 Callers=com.android.server.wm.RootWindowContainer.updateFocusedWindowLocked:457 com.android.server.wm.WindowManagerService.updateFocusedWindowLocked:5599 com.android.server.wm.WindowManagerService.relayoutWindow:2392 com.android.server.wm.Session.relayout:213 
03-10 22:10:37.418  1418  1418 D SyncTransactionQueue: Nothing in queue, so skip queueing up WindowContainerTransaction { changes = {android.os.BinderProxy@4f414a1={bounds:Rect(0, 0 - 1200, 975),ssw:662,}, android.os.BinderProxy@fbc06c6={bounds:Rect(0, 989 - 1200, 2000),ssw:662,}} hops = [] }
03-10 22:10:37.422   963  1019 W ActivityTaskManager: Current config: {1.0 ?mcc?mnc [zh_CN_#Hans,en_US] ldltr sw800dp w1333dp h728dp 240dpi xlrg land finger -keyb/v/h -nav/h winConfig={ mBounds=Rect(0, 0 - 2000, 1200) mAppBounds=Rect(0, 0 - 2000, 1128) mWindowingMode=fullscreen mDisplayWindowingMode=fullscreen mActivityType=undefined mAlwaysOnTop=undefined mRotation=ROTATION_90} s.838} unchanged for IME proc com.google.android.inputmethod.latin
03-10 22:10:37.424   963  1019 I ActivityTaskManager: Config changes=20000480 {1.0 ?mcc?mnc [zh_CN_#Hans,en_US] ldltr sw800dp w800dp h1261dp 240dpi xlrg port finger -keyb/v/h -nav/h winConfig={ mBounds=Rect(0, 0 - 1200, 2000) mAppBounds=Rect(0, 0 - 1200, 1928) mWindowingMode=fullscreen mDisplayWindowingMode=fullscreen mActivityType=undefined mAlwaysOnTop=undefined mRotation=ROTATION_0} s.838}
03-10 22:10:37.442   963  1019 W ActivityTaskManager: Current config: {1.0 ?mcc?mnc [zh_CN_#Hans,en_US] ldltr sw800dp w1333dp h728dp 240dpi xlrg land finger -keyb/v/h -nav/h winConfig={ mBounds=Rect(0, 0 - 2000, 1200) mAppBounds=Rect(0, 0 - 2000, 1128) mWindowingMode=fullscreen mDisplayWindowingMode=fullscreen mActivityType=undefined mAlwaysOnTop=undefined mRotation=ROTATION_90} s.838} unchanged for IME proc com.google.android.inputmethod.latin
03-10 22:10:37.443   963  1019 I WindowManager: Override config changes=20000480 {1.0 ?mcc?mnc [zh_CN_#Hans,en_US] ldltr sw800dp w800dp h1261dp 240dpi xlrg port finger -keyb/v/h -nav/h winConfig={ mBounds=Rect(0, 0 - 1200, 2000) mAppBounds=Rect(0, 0 - 1200, 1928) mWindowingMode=fullscreen mDisplayWindowingMode=fullscreen mActivityType=undefined mAlwaysOnTop=undefined mRotation=ROTATION_0} s.838} for displayId=0
03-10 22:10:37.444   963  1019 V ActivityTaskManager: Sending to IME proc com.google.android.inputmethod.latin new config {1.0 ?mcc?mnc [zh_CN_#Hans,en_US] ldltr sw800dp w800dp h1261dp 240dpi xlrg port finger -keyb/v/h -nav/h winConfig={ mBounds=Rect(0, 0 - 1200, 2000) mAppBounds=Rect(0, 0 - 1200, 1928) mWindowingMode=fullscreen mDisplayWindowingMode=fullscreen mActivityType=undefined mAlwaysOnTop=undefined mRotation=ROTATION_0} s.838}
03-10 22:10:37.444   963  1019 W ActivityTaskManager: Current config: {1.0 ?mcc?mnc [zh_CN_#Hans,en_US] ldltr sw800dp w800dp h1261dp 240dpi xlrg port finger -keyb/v/h -nav/h winConfig={ mBounds=Rect(0, 0 - 1200, 2000) mAppBounds=Rect(0, 0 - 1200, 1928) mWindowingMode=fullscreen mDisplayWindowingMode=fullscreen mActivityType=undefined mAlwaysOnTop=undefined mRotation=ROTATION_0} s.838} unchanged for IME proc com.google.android.inputmethod.latin
03-10 22:10:37.654   963  2591 D MtkConnectivityService: requestNetwork for uid/pid:10120/10409 NetworkRequest [ TRACK_DEFAULT id=100, [ Capabilities: INTERNET&NOT_RESTRICTED&TRUSTED Uid: 10120 AdministratorUids: [] RequestorUid: 10120 RequestorPackageName: com.google.android.apps.photos] ]
03-10 22:10:37.656   963  1347 D MtkConnectivityService: NetReassign [100 : null → 100]
03-10 22:10:37.693   963  2580 D MediaRouterService: Client com.google.android.apps.photos (pid 10409): Set discovery request, routeTypes=0x0, activeScan=false
03-10 22:10:37.736   963  1347 D MtkConnectivityService: releasing NetworkRequest [ TRACK_DEFAULT id=100, [ Capabilities: INTERNET&NOT_RESTRICTED&TRUSTED Uid: 10120 AdministratorUids: [] RequestorUid: 10120 RequestorPackageName: com.google.android.apps.photos] ] (release request)
03-10 22:10:37.753  1418  1418 I EmergencyButton: mLocateAtNonSecureView = true
03-10 22:10:37.753  1418  1418 I EmergencyButton: ECC Button is located on Notification Keygaurd and OP do not ask to show. So this is a normal case ,we never show it.
03-10 22:10:37.770  1418  1418 I EmergencyButton: mLocateAtNonSecureView = true
03-10 22:10:37.770  1418  1418 I EmergencyButton: ECC Button is located on Notification Keygaurd and OP do not ask to show. So this is a normal case ,we never show it.
03-10 22:10:37.815   963  1017 V WindowOrientationListener: Proposed rotation changed!  proposedRotation=0, oldProposedRotation=-1
03-10 22:10:38.952   963  2023 W UriGrantsManagerService: No permission grants found for com.google.android.apps.photos
03-10 22:10:39.049   963  2023 I chatty  : uid=1000(system) Binder:963_B identical 2 lines
03-10 22:10:39.049   963  2023 W UriGrantsManagerService: No permission grants found for com.google.android.apps.photos
03-10 22:10:39.633   963  1776 W UriGrantsManagerService: No permission grants found for com.google.android.apps.photos
03-10 22:10:39.795   963  1776 I chatty  : uid=1000(system) Binder:963_A identical 2 lines
03-10 22:10:39.796   963  1776 W UriGrantsManagerService: No permission grants found for com.google.android.apps.photos
03-10 22:10:41.758   963  1017 V WindowOrientationListener: Proposed rotation changed!  proposedRotation=1, oldProposedRotation=-1
03-10 22:10:41.963   963  1776 W UriGrantsManagerService: No permission grants found for com.google.android.apps.photos
03-10 22:10:41.964   963  1776 W UriGrantsManagerService: No permission grants found for com.google.android.apps.photos
03-10 22:10:42.066   963  2591 W UriGrantsManagerService: No permission grants found for com.google.android.apps.photos
03-10 22:10:42.067   963  2591 W UriGrantsManagerService: No permission grants found for com.google.android.apps.photos
03-10 22:10:42.125   963  1036 D DuraSpeed: System unhealthy type: HEALTH_TYPE_CPU
03-10 22:10:42.125   963  1036 D DuraSpeed: Need release resource: 10.0%
03-10 22:10:42.125   963  1036 D DuraSpeed:   com.mediatek.camera, appType: 0x2303, adj: 0, cpuLoading: 0.0%
03-10 22:10:42.125   963  1036 D DuraSpeed:   com.android.vending, appType: 0x0003, adj: 955, cpuLoading: 0.0%
03-10 22:10:42.125   963  1036 D DuraSpeed:   com.google.android.apps.nbu.files, appType: 0x0103, adj: 900, cpuLoading: 0.0%
03-10 22:10:42.125   963  1036 D DuraSpeed:   com.google.android.apps.docs, appType: 0x0003, adj: 995, cpuLoading: 0.0%
03-10 22:10:42.125   963  1036 D DuraSpeed:   com.google.android.apps.photos, appType: 0x0103, adj: 250, cpuLoading: 0.0%
03-10 22:10:42.125   963  1036 D DuraSpeed:   com.google.android.documentsui, appType: 0x0003, adj: 985, cpuLoading: 0.0%
03-10 22:10:42.125   963  1036 D DuraSpeed:   com.android.settings, appType: 0x1003, adj: 910, cpuLoading: 0.4%
03-10 22:10:42.125   963  1036 D DuraSpeed: CPU total released about: 0.0%
03-10 22:10:42.144   963  1776 W UriGrantsManagerService: No permission grants found for com.google.android.apps.photos
03-10 22:10:42.144   963  1776 W UriGrantsManagerService: No permission grants found for com.google.android.apps.photos
03-10 22:10:42.206   963  2591 W UriGrantsManagerService: No permission grants found for com.google.android.apps.photos
03-10 22:10:42.208   963  2591 W UriGrantsManagerService: No permission grants found for com.google.android.apps.photos
03-10 22:10:42.274   963  1776 W UriGrantsManagerService: No permission grants found for com.google.android.apps.photos
03-10 22:10:42.326   963  1776 I chatty  : uid=1000(system) Binder:963_A identical 2 lines
03-10 22:10:42.327   963  1776 W UriGrantsManagerService: No permission grants found for com.google.android.apps.photos
03-10 22:10:44.614   963  1017 V WindowOrientationListener: Proposed rotation changed!  proposedRotation=0, oldProposedRotation=-1
03-10 22:10:45.367   963  1017 V WindowOrientationListener: Proposed rotation changed!  proposedRotation=1, oldProposedRotation=-1
03-10 22:10:46.589   963  2591 W UriGrantsManagerService: No permission grants found for com.google.android.apps.photos
03-10 22:10:46.591   963  2591 W UriGrantsManagerService: No permission grants found for com.google.android.apps.photos
03-10 22:10:46.745   963  1776 W UriGrantsManagerService: No permission grants found for com.google.android.apps.photos
03-10 22:10:46.747   963  1776 W UriGrantsManagerService: No permission grants found for com.google.android.apps.photos
03-10 22:10:47.267   963  2580 W UriGrantsManagerService: No permission grants found for com.google.android.apps.photos
03-10 22:10:47.268   963  2580 W UriGrantsManagerService: No permission grants found for com.google.android.apps.photos
03-10 22:10:47.336   963  8851 W UriGrantsManagerService: No permission grants found for com.google.android.apps.photos
03-10 22:10:47.519   963  8851 I chatty  : uid=1000(system) Binder:963_20 identical 2 lines
03-10 22:10:47.519   963  8851 W UriGrantsManagerService: No permission grants found for com.google.android.apps.photos
03-10 22:10:47.822   963  2023 I ActivityTaskManager: START u0 {act=com.android.camera.action.REVIEW dat=content://media/external/video/media/25 typ=video/mp4 cmp=com.google.android.apps.photos/.pager.HostPhotoPagerActivity (has extras)} from uid 10144
03-10 22:10:47.841   963  2023 D DuraSpeed: onAppSwitched, packageName:com.google.android.apps.photos
03-10 22:10:47.854   963  2023 W ActivityTaskManager: Tried to set launchTime (0) < mLastActivityLaunchTime (2747918)
03-10 22:10:47.859   963  2023 W WindowManager: Changing focus fromWindow{e3158b1 u0 com.mediatek.camera/com.mediatek.camera.CameraLauncher} to null displayId=0 Callers=com.android.server.wm.RootWindowContainer.updateFocusedWindowLocked:457 com.android.server.wm.WindowManagerService.updateFocusedWindowLocked:5599 com.android.server.wm.DisplayContent.setFocusedApp:5517 com.android.server.wm.ActivityTaskManagerService.setResumedActivityUncheckLocked:5510 
03-10 22:10:47.928   963  2580 I WindowManager: Relayout Window{30ba7e9 u0 com.google.android.apps.photos/com.google.android.apps.photos.pager.HostPhotoPagerActivity}: oldVis=4 newVis=0 focusMayChange = true
03-10 22:10:47.933   963  2580 W WindowManager: Changing focus fromnull to Window{30ba7e9 u0 com.google.android.apps.photos/com.google.android.apps.photos.pager.HostPhotoPagerActivity} displayId=0 Callers=com.android.server.wm.RootWindowContainer.updateFocusedWindowLocked:457 com.android.server.wm.WindowManagerService.updateFocusedWindowLocked:5599 com.android.server.wm.WindowManagerService.relayoutWindow:2392 com.android.server.wm.Session.relayout:213 
03-10 22:10:48.193   963  1025 E BOOTPROF: Failure open /proc/bootprof, not found!
03-10 22:10:48.193   963  1025 E BOOTPROF: java.io.FileNotFoundException: /proc/bootprof: open failed: ENOENT (No such file or directory)
03-10 22:10:48.193   963  1025 E BOOTPROF: 	at libcore.io.IoBridge.open(IoBridge.java:492)
03-10 22:10:48.193   963  1025 E BOOTPROF: 	at java.io.FileOutputStream.<init>(FileOutputStream.java:236)
03-10 22:10:48.193   963  1025 E BOOTPROF: 	at java.io.FileOutputStream.<init>(FileOutputStream.java:125)
03-10 22:10:48.193   963  1025 E BOOTPROF: 	at com.mediatek.server.MtkSystemServerImpl.addBootEvent(MtkSystemServerImpl.java:322)
03-10 22:10:48.193   963  1025 E BOOTPROF: 	at com.android.server.wm.ActivityMetricsLogger.logAppDisplayed(ActivityMetricsLogger.java:903)
03-10 22:10:48.193   963  1025 E BOOTPROF: 	at com.android.server.wm.ActivityMetricsLogger.lambda$logAppTransitionFinished$2$ActivityMetricsLogger(ActivityMetricsLogger.java:804)
03-10 22:10:48.193   963  1025 E BOOTPROF: 	at com.android.server.wm.-$$Lambda$ActivityMetricsLogger$fTBXciy3VZJ2vTW_ZJXaKfUj7_I.run(Unknown Source:4)
03-10 22:10:48.193   963  1025 E BOOTPROF: 	at android.os.Handler.handleCallback(Handler.java:938)
03-10 22:10:48.193   963  1025 E BOOTPROF: 	at android.os.Handler.dispatchMessage(Handler.java:99)
03-10 22:10:48.193   963  1025 E BOOTPROF: 	at android.os.Looper.loop(Looper.java:223)
03-10 22:10:48.193   963  1025 E BOOTPROF: 	at android.os.HandlerThread.run(HandlerThread.java:67)
03-10 22:10:48.193   963  1025 E BOOTPROF: Caused by: android.system.ErrnoException: open failed: ENOENT (No such file or directory)
03-10 22:10:48.193   963  1025 E BOOTPROF: 	at libcore.io.Linux.open(Native Method)
03-10 22:10:48.193   963  1025 E BOOTPROF: 	at libcore.io.ForwardingOs.open(ForwardingOs.java:166)
03-10 22:10:48.193   963  1025 E BOOTPROF: 	at libcore.io.BlockGuardOs.open(BlockGuardOs.java:254)
03-10 22:10:48.193   963  1025 E BOOTPROF: 	at libcore.io.IoBridge.open(IoBridge.java:478)
03-10 22:10:48.193   963  1025 E BOOTPROF: 	... 10 more
03-10 22:10:48.603  1418  1418 D SyncTransactionQueue: Nothing in queue, so skip queueing up WindowContainerTransaction { changes = {android.os.BinderProxy@4f414a1={bounds:Rect(0, 0 - 993, 1200),ssw:662,}, android.os.BinderProxy@fbc06c6={bounds:Rect(1007, 0 - 2000, 1200),ssw:662,}} hops = [] }
03-10 22:10:48.611   963  1019 W ActivityTaskManager: Current config: {1.0 ?mcc?mnc [zh_CN_#Hans,en_US] ldltr sw800dp w800dp h1261dp 240dpi xlrg port finger -keyb/v/h -nav/h winConfig={ mBounds=Rect(0, 0 - 1200, 2000) mAppBounds=Rect(0, 0 - 1200, 1928) mWindowingMode=fullscreen mDisplayWindowingMode=fullscreen mActivityType=undefined mAlwaysOnTop=undefined mRotation=ROTATION_0} s.870} unchanged for IME proc com.google.android.inputmethod.latin
03-10 22:10:48.614   963  1019 I ActivityTaskManager: Config changes=20000480 {1.0 ?mcc?mnc [zh_CN_#Hans,en_US] ldltr sw800dp w1333dp h728dp 240dpi xlrg land finger -keyb/v/h -nav/h winConfig={ mBounds=Rect(0, 0 - 2000, 1200) mAppBounds=Rect(0, 0 - 2000, 1128) mWindowingMode=fullscreen mDisplayWindowingMode=fullscreen mActivityType=undefined mAlwaysOnTop=undefined mRotation=ROTATION_90} s.870}
03-10 22:10:48.634   963  1019 W ActivityTaskManager: Current config: {1.0 ?mcc?mnc [zh_CN_#Hans,en_US] ldltr sw800dp w800dp h1261dp 240dpi xlrg port finger -keyb/v/h -nav/h winConfig={ mBounds=Rect(0, 0 - 1200, 2000) mAppBounds=Rect(0, 0 - 1200, 1928) mWindowingMode=fullscreen mDisplayWindowingMode=fullscreen mActivityType=undefined mAlwaysOnTop=undefined mRotation=ROTATION_0} s.870} unchanged for IME proc com.google.android.inputmethod.latin
03-10 22:10:48.635   963  1019 I WindowManager: Override config changes=20000480 {1.0 ?mcc?mnc [zh_CN_#Hans,en_US] ldltr sw800dp w1333dp h728dp 240dpi xlrg land finger -keyb/v/h -nav/h winConfig={ mBounds=Rect(0, 0 - 2000, 1200) mAppBounds=Rect(0, 0 - 2000, 1128) mWindowingMode=fullscreen mDisplayWindowingMode=fullscreen mActivityType=undefined mAlwaysOnTop=undefined mRotation=ROTATION_90} s.870} for displayId=0
03-10 22:10:48.637   963  1019 V ActivityTaskManager: Sending to IME proc com.google.android.inputmethod.latin new config {1.0 ?mcc?mnc [zh_CN_#Hans,en_US] ldltr sw800dp w1333dp h728dp 240dpi xlrg land finger -keyb/v/h -nav/h winConfig={ mBounds=Rect(0, 0 - 2000, 1200) mAppBounds=Rect(0, 0 - 2000, 1128) mWindowingMode=fullscreen mDisplayWindowingMode=fullscreen mActivityType=undefined mAlwaysOnTop=undefined mRotation=ROTATION_90} s.870}
03-10 22:10:48.639   963  1019 W ActivityTaskManager: Current config: {1.0 ?mcc?mnc [zh_CN_#Hans,en_US] ldltr sw800dp w1333dp h728dp 240dpi xlrg land finger -keyb/v/h -nav/h winConfig={ mBounds=Rect(0, 0 - 2000, 1200) mAppBounds=Rect(0, 0 - 2000, 1128) mWindowingMode=fullscreen mDisplayWindowingMode=fullscreen mActivityType=undefined mAlwaysOnTop=undefined mRotation=ROTATION_90} s.870} unchanged for IME proc com.google.android.inputmethod.latin
03-10 22:10:48.693   963  8851 V SettingsProvider: name : hide_rotation_lock_toggle_for_accessibility appId : 10142
03-10 22:10:48.694   963  8851 V SettingsProvider: Package name : com.android.systemui privateFlags : -1938812824
03-10 22:10:48.696   963  8851 V SettingsProvider: name : accelerometer_rotation appId : 1000
03-10 22:10:48.696   963  8851 V SettingsProvider: name : user_rotation appId : 1000
03-10 22:10:48.807   963  2594 D MediaRouterService: Client com.google.android.apps.photos (pid 10409): Set discovery request, routeTypes=0x800000, activeScan=false
03-10 22:10:48.853   963  2580 W UriGrantsManagerService: No permission grants found for com.google.android.apps.photos
03-10 22:10:48.854   963  1776 W UriGrantsManagerService: No permission grants found for com.google.android.apps.photos
03-10 22:10:48.875   963  1347 D MtkConnectivityService: NetReassign [no changes]
03-10 22:10:48.970   963  2581 W UriGrantsManagerService: No permission grants found for com.google.android.apps.photos
03-10 22:10:48.970   963  2581 W UriGrantsManagerService: No permission grants found for com.google.android.apps.photos
03-10 22:10:49.014   963  2580 W UriGrantsManagerService: No permission grants found for com.google.android.apps.photos
03-10 22:10:49.174   963  2580 I chatty  : uid=1000(system) Binder:963_E identical 4 lines
03-10 22:10:49.174   963  2580 W UriGrantsManagerService: No permission grants found for com.google.android.apps.photos
03-10 22:10:49.250   963  2023 W UriGrantsManagerService: No permission grants found for com.google.android.apps.photos
03-10 22:10:49.297   963  2023 I chatty  : uid=1000(system) Binder:963_B identical 2 lines
03-10 22:10:49.297   963  2023 W UriGrantsManagerService: No permission grants found for com.google.android.apps.photos
03-10 22:10:50.982   963  1017 D AutofillManagerService: onBackKeyPressed()
03-10 22:10:50.999   963  2580 D DuraSpeed: onAppSwitched, packageName:com.mediatek.camera
03-10 22:10:51.021   963  2580 W WindowManager: Changing focus fromWindow{30ba7e9 u0 com.google.android.apps.photos/com.google.android.apps.photos.pager.HostPhotoPagerActivity} to null displayId=0 Callers=com.android.server.wm.RootWindowContainer.updateFocusedWindowLocked:457 com.android.server.wm.WindowManagerService.updateFocusedWindowLocked:5599 com.android.server.wm.DisplayContent.setFocusedApp:5517 com.android.server.wm.ActivityTaskManagerService.setResumedActivityUncheckLocked:5510 
03-10 22:10:51.066   963  2580 I WindowManager: Relayout Window{e3158b1 u0 com.mediatek.camera/com.mediatek.camera.CameraLauncher}: oldVis=4 newVis=0 focusMayChange = true
03-10 22:10:51.069   963  2580 W WindowManager: Changing focus fromnull to Window{e3158b1 u0 com.mediatek.camera/com.mediatek.camera.CameraLauncher} displayId=0 Callers=com.android.server.wm.RootWindowContainer.updateFocusedWindowLocked:457 com.android.server.wm.WindowManagerService.updateFocusedWindowLocked:5599 com.android.server.wm.WindowManagerService.relayoutWindow:2392 com.android.server.wm.Session.relayout:213 
03-10 22:10:51.094  1418  1418 D SyncTransactionQueue: Nothing in queue, so skip queueing up WindowContainerTransaction { changes = {android.os.BinderProxy@4f414a1={bounds:Rect(0, 0 - 1200, 975),ssw:662,}, android.os.BinderProxy@fbc06c6={bounds:Rect(0, 989 - 1200, 2000),ssw:662,}} hops = [] }
03-10 22:10:51.101   963  1019 W ActivityTaskManager: Current config: {1.0 ?mcc?mnc [zh_CN_#Hans,en_US] ldltr sw800dp w1333dp h728dp 240dpi xlrg land finger -keyb/v/h -nav/h winConfig={ mBounds=Rect(0, 0 - 2000, 1200) mAppBounds=Rect(0, 0 - 2000, 1128) mWindowingMode=fullscreen mDisplayWindowingMode=fullscreen mActivityType=undefined mAlwaysOnTop=undefined mRotation=ROTATION_90} s.902} unchanged for IME proc com.google.android.inputmethod.latin
03-10 22:10:51.102   963  1019 I ActivityTaskManager: Config changes=20000480 {1.0 ?mcc?mnc [zh_CN_#Hans,en_US] ldltr sw800dp w800dp h1261dp 240dpi xlrg port finger -keyb/v/h -nav/h winConfig={ mBounds=Rect(0, 0 - 1200, 2000) mAppBounds=Rect(0, 0 - 1200, 1928) mWindowingMode=fullscreen mDisplayWindowingMode=fullscreen mActivityType=undefined mAlwaysOnTop=undefined mRotation=ROTATION_0} s.902}
03-10 22:10:51.119   963  1019 W ActivityTaskManager: Current config: {1.0 ?mcc?mnc [zh_CN_#Hans,en_US] ldltr sw800dp w1333dp h728dp 240dpi xlrg land finger -keyb/v/h -nav/h winConfig={ mBounds=Rect(0, 0 - 2000, 1200) mAppBounds=Rect(0, 0 - 2000, 1128) mWindowingMode=fullscreen mDisplayWindowingMode=fullscreen mActivityType=undefined mAlwaysOnTop=undefined mRotation=ROTATION_90} s.902} unchanged for IME proc com.google.android.inputmethod.latin
03-10 22:10:51.120   963  1019 I WindowManager: Override config changes=20000480 {1.0 ?mcc?mnc [zh_CN_#Hans,en_US] ldltr sw800dp w800dp h1261dp 240dpi xlrg port finger -keyb/v/h -nav/h winConfig={ mBounds=Rect(0, 0 - 1200, 2000) mAppBounds=Rect(0, 0 - 1200, 1928) mWindowingMode=fullscreen mDisplayWindowingMode=fullscreen mActivityType=undefined mAlwaysOnTop=undefined mRotation=ROTATION_0} s.902} for displayId=0
03-10 22:10:51.122   963  1019 V ActivityTaskManager: Sending to IME proc com.google.android.inputmethod.latin new config {1.0 ?mcc?mnc [zh_CN_#Hans,en_US] ldltr sw800dp w800dp h1261dp 240dpi xlrg port finger -keyb/v/h -nav/h winConfig={ mBounds=Rect(0, 0 - 1200, 2000) mAppBounds=Rect(0, 0 - 1200, 1928) mWindowingMode=fullscreen mDisplayWindowingMode=fullscreen mActivityType=undefined mAlwaysOnTop=undefined mRotation=ROTATION_0} s.902}
03-10 22:10:51.122   963  1019 W ActivityTaskManager: Current config: {1.0 ?mcc?mnc [zh_CN_#Hans,en_US] ldltr sw800dp w800dp h1261dp 240dpi xlrg port finger -keyb/v/h -nav/h winConfig={ mBounds=Rect(0, 0 - 1200, 2000) mAppBounds=Rect(0, 0 - 1200, 1928) mWindowingMode=fullscreen mDisplayWindowingMode=fullscreen mActivityType=undefined mAlwaysOnTop=undefined mRotation=ROTATION_0} s.902} unchanged for IME proc com.google.android.inputmethod.latin
03-10 22:10:51.344   963  2591 D MtkConnectivityService: requestNetwork for uid/pid:10120/10409 NetworkRequest [ TRACK_DEFAULT id=102, [ Capabilities: INTERNET&NOT_RESTRICTED&TRUSTED Uid: 10120 AdministratorUids: [] RequestorUid: 10120 RequestorPackageName: com.google.android.apps.photos] ]
03-10 22:10:51.345   963  1347 D MtkConnectivityService: NetReassign [102 : null → 100]
03-10 22:10:51.375   963  1750 D MediaRouterService: Client com.google.android.apps.photos (pid 10409): Set discovery request, routeTypes=0x0, activeScan=false
03-10 22:10:51.460  1418  1418 I EmergencyButton: mLocateAtNonSecureView = true
03-10 22:10:51.460  1418  1418 I EmergencyButton: ECC Button is located on Notification Keygaurd and OP do not ask to show. So this is a normal case ,we never show it.
03-10 22:10:51.492   963  1347 D MtkConnectivityService: releasing NetworkRequest [ TRACK_DEFAULT id=102, [ Capabilities: INTERNET&NOT_RESTRICTED&TRUSTED Uid: 10120 AdministratorUids: [] RequestorUid: 10120 RequestorPackageName: com.google.android.apps.photos] ] (release request)
03-10 22:10:51.517  1418  1418 I EmergencyButton: mLocateAtNonSecureView = true
03-10 22:10:51.517  1418  1418 I EmergencyButton: ECC Button is located on Notification Keygaurd and OP do not ask to show. So this is a normal case ,we never show it.
03-10 22:10:53.400   963  2591 W UriGrantsManagerService: No permission grants found for com.google.android.apps.photos
03-10 22:10:53.401   963  2591 W UriGrantsManagerService: No permission grants found for com.google.android.apps.photos
03-10 22:10:53.512   963  1776 W UriGrantsManagerService: No permission grants found for com.google.android.apps.photos
03-10 22:10:53.794   963  1776 I chatty  : uid=1000(system) Binder:963_A identical 8 lines
03-10 22:10:53.795   963  1776 W UriGrantsManagerService: No permission grants found for com.google.android.apps.photos
03-10 22:10:56.482   963  8851 W UriGrantsManagerService: No permission grants found for com.google.android.apps.photos
03-10 22:10:56.483   963  8851 W UriGrantsManagerService: No permission grants found for com.google.android.apps.photos
03-10 22:10:56.525   963  2591 W UriGrantsManagerService: No permission grants found for com.google.android.apps.photos
03-10 22:10:56.548   963  2591 I chatty  : uid=1000(system) Binder:963_11 identical 2 lines
03-10 22:10:56.548   963  2591 W UriGrantsManagerService: No permission grants found for com.google.android.apps.photos
03-10 22:10:56.754   963  1750 W UriGrantsManagerService: No permission grants found for com.google.android.apps.photos
03-10 22:10:56.821   963  1750 I chatty  : uid=1000(system) Binder:963_8 identical 4 lines
03-10 22:10:56.821   963  1750 W UriGrantsManagerService: No permission grants found for com.google.android.apps.photos
03-10 22:10:56.988   963  8851 W UriGrantsManagerService: No permission grants found for com.google.android.apps.photos
03-10 22:10:57.067   963  8851 I chatty  : uid=1000(system) Binder:963_20 identical 4 lines
03-10 22:10:57.068   963  8851 W UriGrantsManagerService: No permission grants found for com.google.android.apps.photos
03-10 22:10:57.097   963  1017 D AutofillManagerService: onBackKeyPressed()
03-10 22:10:58.019   963  1776 W UriGrantsManagerService: No permission grants found for com.google.android.apps.photos
03-10 22:10:58.020   963  1776 W UriGrantsManagerService: No permission grants found for com.google.android.apps.photos
03-10 22:10:58.137   963  2023 W UriGrantsManagerService: No permission grants found for com.google.android.apps.photos
03-10 22:10:58.138   963  2023 W UriGrantsManagerService: No permission grants found for com.google.android.apps.photos
03-10 22:10:58.731   963  2581 W UriGrantsManagerService: No permission grants found for com.google.android.apps.photos
03-10 22:10:58.732   963  2581 W UriGrantsManagerService: No permission grants found for com.google.android.apps.photos
03-10 22:10:59.009   963  2023 W UriGrantsManagerService: No permission grants found for com.google.android.apps.photos
03-10 22:10:59.011   963  2023 W UriGrantsManagerService: No permission grants found for com.google.android.apps.photos
03-10 22:10:59.129   963  2581 W UriGrantsManagerService: No permission grants found for com.google.android.apps.photos
03-10 22:10:59.130   963  2581 W UriGrantsManagerService: No permission grants found for com.google.android.apps.photos
03-10 22:10:59.261   963  2023 W UriGrantsManagerService: No permission grants found for com.google.android.apps.photos
03-10 22:10:59.261   963  2023 W UriGrantsManagerService: No permission grants found for com.google.android.apps.photos
03-10 22:11:02.107   963  1036 D DuraSpeed: System unhealthy type: HEALTH_TYPE_CPU
03-10 22:11:02.107   963  1036 D DuraSpeed: Need release resource: 10.0%
03-10 22:11:02.107   963  1036 D DuraSpeed:   com.mediatek.camera, appType: 0x2303, adj: 0, cpuLoading: 0.0%
03-10 22:11:02.107   963  1036 D DuraSpeed:   com.android.vending, appType: 0x0003, adj: 935, cpuLoading: 0.0%
03-10 22:11:02.107   963  1036 D DuraSpeed:   com.google.android.apps.nbu.files, appType: 0x0103, adj: 900, cpuLoading: 0.0%
03-10 22:11:02.107   963  1036 D DuraSpeed:   com.google.android.apps.docs, appType: 0x0003, adj: 955, cpuLoading: 0.0%
03-10 22:11:02.107   963  1036 D DuraSpeed:   com.google.android.apps.photos, appType: 0x0103, adj: 250, cpuLoading: 0.0%
03-10 22:11:02.107   963  1036 D DuraSpeed:   com.google.android.documentsui, appType: 0x0003, adj: 945, cpuLoading: 0.0%
03-10 22:11:02.107   963  1036 D DuraSpeed:   com.android.settings, appType: 0x1003, adj: 910, cpuLoading: 0.4%
03-10 22:11:02.107   963  1036 D DuraSpeed: CPU total released about: 0.0%
03-10 22:11:04.095   963  2023 W UriGrantsManagerService: No permission grants found for com.google.android.apps.photos
03-10 22:11:04.096   963  2023 W UriGrantsManagerService: No permission grants found for com.google.android.apps.photos
03-10 22:11:04.263   963  1750 W UriGrantsManagerService: No permission grants found for com.google.android.apps.photos
03-10 22:11:04.263   963  1750 W UriGrantsManagerService: No permission grants found for com.google.android.apps.photos
03-10 22:11:04.691   963  2023 W UriGrantsManagerService: No permission grants found for com.google.android.apps.photos
03-10 22:11:04.693   963  2023 W UriGrantsManagerService: No permission grants found for com.google.android.apps.photos
03-10 22:11:04.753   963  1750 W UriGrantsManagerService: No permission grants found for com.google.android.apps.photos
03-10 22:11:04.754   963  1750 W UriGrantsManagerService: No permission grants found for com.google.android.apps.photos
03-10 22:11:05.026   963  2581 I ActivityTaskManager: START u0 {act=com.android.camera.action.REVIEW dat=content://media/external/video/media/26 typ=video/mp4 cmp=com.google.android.apps.photos/.pager.HostPhotoPagerActivity (has extras)} from uid 10144
03-10 22:11:05.047   963  2581 D DuraSpeed: onAppSwitched, packageName:com.google.android.apps.photos
03-10 22:11:05.059   963  1750 W ActivityTaskManager: Tried to set launchTime (0) < mLastActivityLaunchTime (2762838)
03-10 22:11:05.064   963  1750 W WindowManager: Changing focus fromWindow{e3158b1 u0 com.mediatek.camera/com.mediatek.camera.CameraLauncher} to null displayId=0 Callers=com.android.server.wm.RootWindowContainer.updateFocusedWindowLocked:457 com.android.server.wm.WindowManagerService.updateFocusedWindowLocked:5599 com.android.server.wm.DisplayContent.setFocusedApp:5517 com.android.server.wm.ActivityTaskManagerService.setResumedActivityUncheckLocked:5510 
03-10 22:11:05.130   963  1750 I WindowManager: Relayout Window{d28c91 u0 com.google.android.apps.photos/com.google.android.apps.photos.pager.HostPhotoPagerActivity}: oldVis=4 newVis=0 focusMayChange = true
03-10 22:11:05.137   963  1750 W WindowManager: Changing focus fromnull to Window{d28c91 u0 com.google.android.apps.photos/com.google.android.apps.photos.pager.HostPhotoPagerActivity} displayId=0 Callers=com.android.server.wm.RootWindowContainer.updateFocusedWindowLocked:457 com.android.server.wm.WindowManagerService.updateFocusedWindowLocked:5599 com.android.server.wm.WindowManagerService.relayoutWindow:2392 com.android.server.wm.Session.relayout:213 
03-10 22:11:05.449   963  1025 E BOOTPROF: Failure open /proc/bootprof, not found!
03-10 22:11:05.449   963  1025 E BOOTPROF: java.io.FileNotFoundException: /proc/bootprof: open failed: ENOENT (No such file or directory)
03-10 22:11:05.449   963  1025 E BOOTPROF: 	at libcore.io.IoBridge.open(IoBridge.java:492)
03-10 22:11:05.449   963  1025 E BOOTPROF: 	at java.io.FileOutputStream.<init>(FileOutputStream.java:236)
03-10 22:11:05.449   963  1025 E BOOTPROF: 	at java.io.FileOutputStream.<init>(FileOutputStream.java:125)
03-10 22:11:05.449   963  1025 E BOOTPROF: 	at com.mediatek.server.MtkSystemServerImpl.addBootEvent(MtkSystemServerImpl.java:322)
03-10 22:11:05.449   963  1025 E BOOTPROF: 	at com.android.server.wm.ActivityMetricsLogger.logAppDisplayed(ActivityMetricsLogger.java:903)
03-10 22:11:05.449   963  1025 E BOOTPROF: 	at com.android.server.wm.ActivityMetricsLogger.lambda$logAppTransitionFinished$2$ActivityMetricsLogger(ActivityMetricsLogger.java:804)
03-10 22:11:05.449   963  1025 E BOOTPROF: 	at com.android.server.wm.-$$Lambda$ActivityMetricsLogger$fTBXciy3VZJ2vTW_ZJXaKfUj7_I.run(Unknown Source:4)
03-10 22:11:05.449   963  1025 E BOOTPROF: 	at android.os.Handler.handleCallback(Handler.java:938)
03-10 22:11:05.449   963  1025 E BOOTPROF: 	at android.os.Handler.dispatchMessage(Handler.java:99)
03-10 22:11:05.449   963  1025 E BOOTPROF: 	at android.os.Looper.loop(Looper.java:223)
03-10 22:11:05.449   963  1025 E BOOTPROF: 	at android.os.HandlerThread.run(HandlerThread.java:67)
03-10 22:11:05.449   963  1025 E BOOTPROF: Caused by: android.system.ErrnoException: open failed: ENOENT (No such file or directory)
03-10 22:11:05.449   963  1025 E BOOTPROF: 	at libcore.io.Linux.open(Native Method)
03-10 22:11:05.449   963  1025 E BOOTPROF: 	at libcore.io.ForwardingOs.open(ForwardingOs.java:166)
03-10 22:11:05.449   963  1025 E BOOTPROF: 	at libcore.io.BlockGuardOs.open(BlockGuardOs.java:254)
03-10 22:11:05.449   963  1025 E BOOTPROF: 	at libcore.io.IoBridge.open(IoBridge.java:478)
03-10 22:11:05.449   963  1025 E BOOTPROF: 	... 10 more
03-10 22:11:05.866  1418  1418 D SyncTransactionQueue: Nothing in queue, so skip queueing up WindowContainerTransaction { changes = {android.os.BinderProxy@4f414a1={bounds:Rect(0, 0 - 993, 1200),ssw:662,}, android.os.BinderProxy@fbc06c6={bounds:Rect(1007, 0 - 2000, 1200),ssw:662,}} hops = [] }
03-10 22:11:05.872   963  1019 W ActivityTaskManager: Current config: {1.0 ?mcc?mnc [zh_CN_#Hans,en_US] ldltr sw800dp w800dp h1261dp 240dpi xlrg port finger -keyb/v/h -nav/h winConfig={ mBounds=Rect(0, 0 - 1200, 2000) mAppBounds=Rect(0, 0 - 1200, 1928) mWindowingMode=fullscreen mDisplayWindowingMode=fullscreen mActivityType=undefined mAlwaysOnTop=undefined mRotation=ROTATION_0} s.934} unchanged for IME proc com.google.android.inputmethod.latin
03-10 22:11:05.875   963  1019 I ActivityTaskManager: Config changes=20000480 {1.0 ?mcc?mnc [zh_CN_#Hans,en_US] ldltr sw800dp w1333dp h728dp 240dpi xlrg land finger -keyb/v/h -nav/h winConfig={ mBounds=Rect(0, 0 - 2000, 1200) mAppBounds=Rect(0, 0 - 2000, 1128) mWindowingMode=fullscreen mDisplayWindowingMode=fullscreen mActivityType=undefined mAlwaysOnTop=undefined mRotation=ROTATION_90} s.934}
03-10 22:11:05.900   963  1019 W ActivityTaskManager: Current config: {1.0 ?mcc?mnc [zh_CN_#Hans,en_US] ldltr sw800dp w800dp h1261dp 240dpi xlrg port finger -keyb/v/h -nav/h winConfig={ mBounds=Rect(0, 0 - 1200, 2000) mAppBounds=Rect(0, 0 - 1200, 1928) mWindowingMode=fullscreen mDisplayWindowingMode=fullscreen mActivityType=undefined mAlwaysOnTop=undefined mRotation=ROTATION_0} s.934} unchanged for IME proc com.google.android.inputmethod.latin
03-10 22:11:05.901   963  1019 I WindowManager: Override config changes=20000480 {1.0 ?mcc?mnc [zh_CN_#Hans,en_US] ldltr sw800dp w1333dp h728dp 240dpi xlrg land finger -keyb/v/h -nav/h winConfig={ mBounds=Rect(0, 0 - 2000, 1200) mAppBounds=Rect(0, 0 - 2000, 1128) mWindowingMode=fullscreen mDisplayWindowingMode=fullscreen mActivityType=undefined mAlwaysOnTop=undefined mRotation=ROTATION_90} s.934} for displayId=0
03-10 22:11:05.903   963  1019 V ActivityTaskManager: Sending to IME proc com.google.android.inputmethod.latin new config {1.0 ?mcc?mnc [zh_CN_#Hans,en_US] ldltr sw800dp w1333dp h728dp 240dpi xlrg land finger -keyb/v/h -nav/h winConfig={ mBounds=Rect(0, 0 - 2000, 1200) mAppBounds=Rect(0, 0 - 2000, 1128) mWindowingMode=fullscreen mDisplayWindowingMode=fullscreen mActivityType=undefined mAlwaysOnTop=undefined mRotation=ROTATION_90} s.934}
