--------- beginning of system
03-10 21:19:35.175   963  2485 W WindowManager: Changing focus fromnull to Window{e3158b1 u0 com.mediatek.camera/com.mediatek.camera.CameraLauncher} displayId=0 Callers=com.android.server.wm.RootWindowContainer.updateFocusedWindowLocked:457 com.android.server.wm.WindowManagerService.updateFocusedWindowLocked:5599 com.android.server.wm.WindowManagerService.relayoutWindow:2392 com.android.server.wm.Session.relayout:213 
03-10 21:19:35.447   963  1424 W UriGrantsManagerService: No permission grants found for com.google.android.apps.photos
03-10 21:19:35.447   963  1424 W UriGrantsManagerService: No permission grants found for com.google.android.apps.photos
03-10 21:19:35.534  1418  1418 D SyncTransactionQueue: Nothing in queue, so skip queueing up WindowContainerTransaction { changes = {android.os.BinderProxy@4f414a1={bounds:Rect(0, 0 - 1200, 975),ssw:662,}, android.os.BinderProxy@fbc06c6={bounds:Rect(0, 989 - 1200, 2000),ssw:662,}} hops = [] }
03-10 21:19:35.541   963  1019 W ActivityTaskManager: Current config: {1.0 ?mcc?mnc [zh_CN_#Hans,en_US] ldltr sw800dp w1333dp h728dp 240dpi xlrg land finger -keyb/v/h -nav/h winConfig={ mBounds=Rect(0, 0 - 2000, 1200) mAppBounds=Rect(0, 0 - 2000, 1128) mWindowingMode=fullscreen mDisplayWindowingMode=fullscreen mActivityType=undefined mAlwaysOnTop=undefined mRotation=ROTATION_90} s.427} unchanged for IME proc com.google.android.inputmethod.latin
03-10 21:19:35.543   963  1019 I ActivityTaskManager: Config changes=20000480 {1.0 ?mcc?mnc [zh_CN_#Hans,en_US] ldltr sw800dp w800dp h1261dp 240dpi xlrg port finger -keyb/v/h -nav/h winConfig={ mBounds=Rect(0, 0 - 1200, 2000) mAppBounds=Rect(0, 0 - 1200, 1928) mWindowingMode=fullscreen mDisplayWindowingMode=fullscreen mActivityType=undefined mAlwaysOnTop=undefined mRotation=ROTATION_0} s.427}
03-10 21:19:35.560   963  1019 W ActivityTaskManager: Current config: {1.0 ?mcc?mnc [zh_CN_#Hans,en_US] ldltr sw800dp w1333dp h728dp 240dpi xlrg land finger -keyb/v/h -nav/h winConfig={ mBounds=Rect(0, 0 - 2000, 1200) mAppBounds=Rect(0, 0 - 2000, 1128) mWindowingMode=fullscreen mDisplayWindowingMode=fullscreen mActivityType=undefined mAlwaysOnTop=undefined mRotation=ROTATION_90} s.427} unchanged for IME proc com.google.android.inputmethod.latin
03-10 21:19:35.561   963  1019 I WindowManager: Override config changes=20000480 {1.0 ?mcc?mnc [zh_CN_#Hans,en_US] ldltr sw800dp w800dp h1261dp 240dpi xlrg port finger -keyb/v/h -nav/h winConfig={ mBounds=Rect(0, 0 - 1200, 2000) mAppBounds=Rect(0, 0 - 1200, 1928) mWindowingMode=fullscreen mDisplayWindowingMode=fullscreen mActivityType=undefined mAlwaysOnTop=undefined mRotation=ROTATION_0} s.427} for displayId=0
03-10 21:19:35.563   963  1019 V ActivityTaskManager: Sending to IME proc com.google.android.inputmethod.latin new config {1.0 ?mcc?mnc [zh_CN_#Hans,en_US] ldltr sw800dp w800dp h1261dp 240dpi xlrg port finger -keyb/v/h -nav/h winConfig={ mBounds=Rect(0, 0 - 1200, 2000) mAppBounds=Rect(0, 0 - 1200, 1928) mWindowingMode=fullscreen mDisplayWindowingMode=fullscreen mActivityType=undefined mAlwaysOnTop=undefined mRotation=ROTATION_0} s.427}
03-10 21:19:35.563   963  1019 W ActivityTaskManager: Current config: {1.0 ?mcc?mnc [zh_CN_#Hans,en_US] ldltr sw800dp w800dp h1261dp 240dpi xlrg port finger -keyb/v/h -nav/h winConfig={ mBounds=Rect(0, 0 - 1200, 2000) mAppBounds=Rect(0, 0 - 1200, 1928) mWindowingMode=fullscreen mDisplayWindowingMode=fullscreen mActivityType=undefined mAlwaysOnTop=undefined mRotation=ROTATION_0} s.427} unchanged for IME proc com.google.android.inputmethod.latin
03-10 21:19:35.569   963  1019 V WindowManager: Orientation start waiting for draw, mDrawState=DRAW_PENDING in Window{b1a90d0 u0 com.android.systemui.ImageWallpaper}, surfaceController Surface(name=com.android.systemui.ImageWallpaper)/@0x49e76d2
03-10 21:19:35.802   963  2585 W UriGrantsManagerService: No permission grants found for com.google.android.apps.photos
03-10 21:19:35.803   963  2585 W UriGrantsManagerService: No permission grants found for com.google.android.apps.photos
03-10 21:19:35.859   963  2485 W UriGrantsManagerService: No permission grants found for com.google.android.apps.photos
03-10 21:19:35.860   963  2485 W UriGrantsManagerService: No permission grants found for com.google.android.apps.photos
03-10 21:19:36.473   963  2585 I ActivityTaskManager: START u0 {act=com.android.camera.action.REVIEW dat=content://media/external/video/media/21 typ=video/mp4 cmp=com.google.android.apps.photos/.pager.HostPhotoPagerActivity (has extras)} from uid 10144
03-10 21:19:36.478   963  2585 D DuraSpeed: onAppSwitched, packageName:com.google.android.apps.photos
03-10 21:19:36.489   963  2485 W ActivityTaskManager: Tried to set launchTime (0) < mLastActivityLaunchTime (181975)
03-10 21:19:36.494   963  2485 W WindowManager: Changing focus fromWindow{e3158b1 u0 com.mediatek.camera/com.mediatek.camera.CameraLauncher} to null displayId=0 Callers=com.android.server.wm.RootWindowContainer.updateFocusedWindowLocked:457 com.android.server.wm.WindowManagerService.updateFocusedWindowLocked:5599 com.android.server.wm.DisplayContent.setFocusedApp:5517 com.android.server.wm.ActivityTaskManagerService.setResumedActivityUncheckLocked:5510 
03-10 21:19:36.551   963  2485 I WindowManager: Relayout Window{8a23b82 u0 com.google.android.apps.photos/com.google.android.apps.photos.pager.HostPhotoPagerActivity}: oldVis=4 newVis=0 focusMayChange = true
03-10 21:19:36.556   963  2485 W WindowManager: Changing focus fromnull to Window{8a23b82 u0 com.google.android.apps.photos/com.google.android.apps.photos.pager.HostPhotoPagerActivity} displayId=0 Callers=com.android.server.wm.RootWindowContainer.updateFocusedWindowLocked:457 com.android.server.wm.WindowManagerService.updateFocusedWindowLocked:5599 com.android.server.wm.WindowManagerService.relayoutWindow:2392 com.android.server.wm.Session.relayout:213 
03-10 21:19:36.760   963  1025 E BOOTPROF: Failure open /proc/bootprof, not found!
03-10 21:19:36.760   963  1025 E BOOTPROF: java.io.FileNotFoundException: /proc/bootprof: open failed: ENOENT (No such file or directory)
03-10 21:19:36.760   963  1025 E BOOTPROF: 	at libcore.io.IoBridge.open(IoBridge.java:492)
03-10 21:19:36.760   963  1025 E BOOTPROF: 	at java.io.FileOutputStream.<init>(FileOutputStream.java:236)
03-10 21:19:36.760   963  1025 E BOOTPROF: 	at java.io.FileOutputStream.<init>(FileOutputStream.java:125)
03-10 21:19:36.760   963  1025 E BOOTPROF: 	at com.mediatek.server.MtkSystemServerImpl.addBootEvent(MtkSystemServerImpl.java:322)
03-10 21:19:36.760   963  1025 E BOOTPROF: 	at com.android.server.wm.ActivityMetricsLogger.logAppDisplayed(ActivityMetricsLogger.java:903)
03-10 21:19:36.760   963  1025 E BOOTPROF: 	at com.android.server.wm.ActivityMetricsLogger.lambda$logAppTransitionFinished$2$ActivityMetricsLogger(ActivityMetricsLogger.java:804)
03-10 21:19:36.760   963  1025 E BOOTPROF: 	at com.android.server.wm.-$$Lambda$ActivityMetricsLogger$fTBXciy3VZJ2vTW_ZJXaKfUj7_I.run(Unknown Source:4)
03-10 21:19:36.760   963  1025 E BOOTPROF: 	at android.os.Handler.handleCallback(Handler.java:938)
03-10 21:19:36.760   963  1025 E BOOTPROF: 	at android.os.Handler.dispatchMessage(Handler.java:99)
03-10 21:19:36.760   963  1025 E BOOTPROF: 	at android.os.Looper.loop(Looper.java:223)
03-10 21:19:36.760   963  1025 E BOOTPROF: 	at android.os.HandlerThread.run(HandlerThread.java:67)
03-10 21:19:36.760   963  1025 E BOOTPROF: Caused by: android.system.ErrnoException: open failed: ENOENT (No such file or directory)
03-10 21:19:36.760   963  1025 E BOOTPROF: 	at libcore.io.Linux.open(Native Method)
03-10 21:19:36.760   963  1025 E BOOTPROF: 	at libcore.io.ForwardingOs.open(ForwardingOs.java:166)
03-10 21:19:36.760   963  1025 E BOOTPROF: 	at libcore.io.BlockGuardOs.open(BlockGuardOs.java:254)
03-10 21:19:36.760   963  1025 E BOOTPROF: 	at libcore.io.IoBridge.open(IoBridge.java:478)
03-10 21:19:36.760   963  1025 E BOOTPROF: 	... 10 more
03-10 21:19:37.171  1418  1418 D SyncTransactionQueue: Nothing in queue, so skip queueing up WindowContainerTransaction { changes = {android.os.BinderProxy@4f414a1={bounds:Rect(0, 0 - 993, 1200),ssw:662,}, android.os.BinderProxy@fbc06c6={bounds:Rect(1007, 0 - 2000, 1200),ssw:662,}} hops = [] }
03-10 21:19:37.179   963  1019 W ActivityTaskManager: Current config: {1.0 ?mcc?mnc [zh_CN_#Hans,en_US] ldltr sw800dp w800dp h1261dp 240dpi xlrg port finger -keyb/v/h -nav/h winConfig={ mBounds=Rect(0, 0 - 1200, 2000) mAppBounds=Rect(0, 0 - 1200, 1928) mWindowingMode=fullscreen mDisplayWindowingMode=fullscreen mActivityType=undefined mAlwaysOnTop=undefined mRotation=ROTATION_0} s.498} unchanged for IME proc com.google.android.inputmethod.latin
03-10 21:19:37.184   963  1019 I ActivityTaskManager: Config changes=20000480 {1.0 ?mcc?mnc [zh_CN_#Hans,en_US] ldltr sw800dp w1333dp h728dp 240dpi xlrg land finger -keyb/v/h -nav/h winConfig={ mBounds=Rect(0, 0 - 2000, 1200) mAppBounds=Rect(0, 0 - 2000, 1128) mWindowingMode=fullscreen mDisplayWindowingMode=fullscreen mActivityType=undefined mAlwaysOnTop=undefined mRotation=ROTATION_90} s.498}
03-10 21:19:37.203   963  1019 W ActivityTaskManager: Current config: {1.0 ?mcc?mnc [zh_CN_#Hans,en_US] ldltr sw800dp w800dp h1261dp 240dpi xlrg port finger -keyb/v/h -nav/h winConfig={ mBounds=Rect(0, 0 - 1200, 2000) mAppBounds=Rect(0, 0 - 1200, 1928) mWindowingMode=fullscreen mDisplayWindowingMode=fullscreen mActivityType=undefined mAlwaysOnTop=undefined mRotation=ROTATION_0} s.498} unchanged for IME proc com.google.android.inputmethod.latin
03-10 21:19:37.204   963  1019 I WindowManager: Override config changes=20000480 {1.0 ?mcc?mnc [zh_CN_#Hans,en_US] ldltr sw800dp w1333dp h728dp 240dpi xlrg land finger -keyb/v/h -nav/h winConfig={ mBounds=Rect(0, 0 - 2000, 1200) mAppBounds=Rect(0, 0 - 2000, 1128) mWindowingMode=fullscreen mDisplayWindowingMode=fullscreen mActivityType=undefined mAlwaysOnTop=undefined mRotation=ROTATION_90} s.498} for displayId=0
03-10 21:19:37.206   963  1019 V ActivityTaskManager: Sending to IME proc com.google.android.inputmethod.latin new config {1.0 ?mcc?mnc [zh_CN_#Hans,en_US] ldltr sw800dp w1333dp h728dp 240dpi xlrg land finger -keyb/v/h -nav/h winConfig={ mBounds=Rect(0, 0 - 2000, 1200) mAppBounds=Rect(0, 0 - 2000, 1128) mWindowingMode=fullscreen mDisplayWindowingMode=fullscreen mActivityType=undefined mAlwaysOnTop=undefined mRotation=ROTATION_90} s.498}
03-10 21:19:37.206   963  1019 W ActivityTaskManager: Current config: {1.0 ?mcc?mnc [zh_CN_#Hans,en_US] ldltr sw800dp w1333dp h728dp 240dpi xlrg land finger -keyb/v/h -nav/h winConfig={ mBounds=Rect(0, 0 - 2000, 1200) mAppBounds=Rect(0, 0 - 2000, 1128) mWindowingMode=fullscreen mDisplayWindowingMode=fullscreen mActivityType=undefined mAlwaysOnTop=undefined mRotation=ROTATION_90} s.498} unchanged for IME proc com.google.android.inputmethod.latin
03-10 21:19:37.252   963  2599 V SettingsProvider: name : hide_rotation_lock_toggle_for_accessibility appId : 10142
03-10 21:19:37.253   963  2599 V SettingsProvider: Package name : com.android.systemui privateFlags : -1938812824
03-10 21:19:37.259   963  5636 V SettingsProvider: name : accelerometer_rotation appId : 1000
03-10 21:19:37.259   963  5636 V SettingsProvider: name : user_rotation appId : 1000
03-10 21:19:37.290   963  2585 D MediaRouterService: Client com.google.android.apps.photos (pid 3109): Set discovery request, routeTypes=0x800000, activeScan=false
03-10 21:19:37.401   963  5615 W UriGrantsManagerService: No permission grants found for com.google.android.apps.photos
03-10 21:19:37.472   963  5615 I chatty  : uid=1000(system) Binder:963_19 identical 4 lines
03-10 21:19:37.472   963  5615 W UriGrantsManagerService: No permission grants found for com.google.android.apps.photos
03-10 21:19:38.606   963  2585 W UriGrantsManagerService: No permission grants found for com.google.android.apps.photos
03-10 21:19:38.606   963  2585 W UriGrantsManagerService: No permission grants found for com.google.android.apps.photos
03-10 21:19:38.660   963  5615 W UriGrantsManagerService: No permission grants found for com.google.android.apps.photos
03-10 21:19:38.718   963  5615 I chatty  : uid=1000(system) Binder:963_19 identical 2 lines
03-10 21:19:38.719   963  5615 W UriGrantsManagerService: No permission grants found for com.google.android.apps.photos
03-10 21:19:41.108   963  1017 W WindowManager: Changing focus fromWindow{8a23b82 u0 com.google.android.apps.photos/com.google.android.apps.photos.pager.HostPhotoPagerActivity} to Window{3f352b0 u0 ImmersiveModeConfirmation} displayId=0 Callers=com.android.server.wm.RootWindowContainer.updateFocusedWindowLocked:457 com.android.server.wm.WindowManagerService.updateFocusedWindowLocked:5599 com.android.server.wm.WindowManagerService.addWindow:1731 com.android.server.wm.Session.addToDisplayAsUser:176 
03-10 21:19:41.317   963  1017 W Looper  : Slow dispatch took 116ms android.ui h=android.view.Choreographer$FrameHandler c=android.view.Choreographer$FrameDisplayEventReceiver@b82d15e m=0
03-10 21:19:41.652   963  1017 W WindowManager: Changing focus fromWindow{3f352b0 u0 ImmersiveModeConfirmation EXITING} to Window{8a23b82 u0 com.google.android.apps.photos/com.google.android.apps.photos.pager.HostPhotoPagerActivity} displayId=0 Callers=com.android.server.wm.RootWindowContainer.updateFocusedWindowLocked:457 com.android.server.wm.WindowManagerService.updateFocusedWindowLocked:5599 com.android.server.wm.WindowState.setupWindowForRemoveOnExit:2358 com.android.server.wm.WindowState.removeIfPossible:2327 
03-10 21:19:43.068   963  2585 V WindowManager: nav_input_consumer created.
03-10 21:19:43.074   963  5615 V WindowManager: nav_input_consumer dismissed.
03-10 21:19:43.836   963  1017 W WindowManager: Changing focus fromWindow{8a23b82 u0 com.google.android.apps.photos/com.google.android.apps.photos.pager.HostPhotoPagerActivity} to Window{6d840ee u0 ImmersiveModeConfirmation} displayId=0 Callers=com.android.server.wm.RootWindowContainer.updateFocusedWindowLocked:457 com.android.server.wm.WindowManagerService.updateFocusedWindowLocked:5599 com.android.server.wm.WindowManagerService.addWindow:1731 com.android.server.wm.Session.addToDisplayAsUser:176 
03-10 21:19:45.513   963  1017 W WindowManager: Changing focus fromWindow{6d840ee u0 ImmersiveModeConfirmation EXITING} to Window{8a23b82 u0 com.google.android.apps.photos/com.google.android.apps.photos.pager.HostPhotoPagerActivity} displayId=0 Callers=com.android.server.wm.RootWindowContainer.updateFocusedWindowLocked:457 com.android.server.wm.WindowManagerService.updateFocusedWindowLocked:5599 com.android.server.wm.WindowState.setupWindowForRemoveOnExit:2358 com.android.server.wm.WindowState.removeIfPossible:2327 
03-10 21:20:37.158   963  1026 W ActivityManager: Stopping service due to app idle: u0a144 -1m57s250ms com.mediatek.camera/.CameraAppService
03-10 21:20:38.512   963  1042 V DisplayPowerController: Brightness [0.05] reason changing to: 'manual [ dim ]', previous reason: 'manual'.
03-10 21:20:45.505   963  1042 I PowerManagerService: Going to sleep due to timeout (uid 1000)...
03-10 21:20:45.509   963  1042 I PowerManagerService: Sleeping (uid 1000)...
03-10 21:20:45.648   963  1042 V DisplayPowerController: Brightness [0.20289086] reason changing to: 'manual', previous reason: 'manual [ dim ]'.
03-10 21:20:45.771   963  1042 I DisplayPowerController: Blocking screen off
03-10 21:20:45.772   963  1042 I DisplayPowerController: Unblocked screen off after 0 ms
03-10 21:20:45.799   963  1042 D ActivityTaskManager: Top Process State changed to PROCESS_STATE_TOP_SLEEPING
03-10 21:20:45.806   963  1042 D WindowOrientationListener: WindowOrientationListener disabled
03-10 21:20:45.808   963  1032 E KernelCpuSpeedReader: Failed to read cpu-freq: /sys/devices/system/cpu/cpu0/cpufreq/stats/time_in_state: open failed: ENOENT (No such file or directory)
03-10 21:20:45.809   963  1032 E KernelCpuSpeedReader: Failed to read cpu-freq: /sys/devices/system/cpu/cpu4/cpufreq/stats/time_in_state: open failed: ENOENT (No such file or directory)
03-10 21:20:45.824   963  1019 W ProcessStats: Tracking association SourceState{66081d9 com.google.android.gms/10108 Top #8938} whose proc state 1 is better than process ProcessState{57d979e com.google.android.gms.persistent/10108 pkg=com.google.android.gms} proc state 2 (0 skipped)
03-10 21:20:45.825   963  1042 V DisplayPowerController: Brightness [-1.0] reason changing to: 'screen_off', previous reason: 'manual'.
03-10 21:20:45.830   963  1018 I DropBoxManagerService: add tag=system_server_strictmode isTagEnabled=true flags=0x2
03-10 21:20:45.831   963  1019 I DisplayManagerService: Display device changed: DisplayDeviceInfo{"内置屏幕": uniqueId="local:0", 1200 x 2000, modeId 1, defaultModeId 1, supportedModes [{id=1, width=1200, height=2000, fps=60.0}], colorMode 0, supportedColorModes [0], HdrCapabilities HdrCapabilities{mSupportedHdrTypes=[], mMaxLuminance=500.0, mMaxAverageLuminance=500.0, mMinLuminance=0.0}, allmSupported false, gameContentTypeSupported false, density 240, 225.777 x 224.778 dpi, appVsyncOff 8300000, presDeadline 9366667, touch INTERNAL, rotation 0, type INTERNAL, address {port=0}, deviceProductInfo null, state OFF, FLAG_DEFAULT_DISPLAY, FLAG_ROTATES_WITH_CONTENT, FLAG_SECURE, FLAG_SUPPORTS_PROTECTED_BUFFERS}
03-10 21:20:45.888   963  1019 W WindowManager: Changing focus fromWindow{8a23b82 u0 com.google.android.apps.photos/com.google.android.apps.photos.pager.HostPhotoPagerActivity} to null displayId=0 Callers=com.android.server.wm.RootWindowContainer.updateFocusedWindowLocked:457 com.android.server.wm.WindowManagerService.updateFocusedWindowLocked:5599 com.android.server.wm.ActivityRecord.commitVisibility:4297 com.android.server.wm.ActivityRecord.setVisibility:4239 
03-10 21:20:45.936   963  1424 D MediaRouterService: Client com.google.android.apps.photos (pid 3109): Set discovery request, routeTypes=0x0, activeScan=false
03-10 21:20:47.864   963  1026 W BroadcastQueue: Background execution not allowed: receiving Intent { act=android.intent.action.DROPBOX_ENTRY_ADDED flg=0x10 (has extras) } to com.google.android.gms/.stats.service.DropBoxEntryAddedReceiver
03-10 21:20:47.865   963  1026 W BroadcastQueue: Background execution not allowed: receiving Intent { act=android.intent.action.DROPBOX_ENTRY_ADDED flg=0x10 (has extras) } to com.google.android.gms/.chimera.GmsIntentOperationService$PersistentTrustedReceiver
03-10 21:20:50.565   409   412 E Cryptfs : cryptfs_get_password not valid for file encryption
03-10 21:20:50.687  1418  1418 V KeyguardStatusView: refresh statusview showing:true
03-10 21:20:50.800   963  1019 W ActivityTaskManager: Sleep timeout!  Sleeping now.
03-10 21:20:50.805   963  2599 I WindowManager: Relayout Window{c45acd2 u0 NotificationShade}: oldVis=4 newVis=0 focusMayChange = true
03-10 21:20:50.815   963  1032 E KernelCpuSpeedReader: Failed to read cpu-freq: /sys/devices/system/cpu/cpu0/cpufreq/stats/time_in_state: open failed: ENOENT (No such file or directory)
03-10 21:20:50.816   963  1032 E KernelCpuSpeedReader: Failed to read cpu-freq: /sys/devices/system/cpu/cpu4/cpufreq/stats/time_in_state: open failed: ENOENT (No such file or directory)
03-10 21:20:50.816   963  2599 W WindowManager: Changing focus fromnull to Window{c45acd2 u0 NotificationShade} displayId=0 Callers=com.android.server.wm.RootWindowContainer.updateFocusedWindowLocked:457 com.android.server.wm.WindowManagerService.updateFocusedWindowLocked:5599 com.android.server.wm.WindowManagerService.relayoutWindow:2392 com.android.server.wm.Session.relayout:213 
03-10 21:20:50.840   963  1020 V WindowManager: Orientation start waiting for draw, mDrawState=DRAW_PENDING in Window{c45acd2 u0 NotificationShade}, surfaceController Surface(name=NotificationShade)/@0x64ee8c2
03-10 21:20:50.853   963  1019 V WindowManager: Orientation start waiting for draw, mDrawState=DRAW_PENDING in Window{c45acd2 u0 NotificationShade}, surfaceController Surface(name=NotificationShade)/@0x64ee8c2
03-10 21:20:50.884  1418  1418 I EmergencyButton: mLocateAtNonSecureView = true
03-10 21:20:50.884  1418  1418 I EmergencyButton: ECC Button is located on Notification Keygaurd and OP do not ask to show. So this is a normal case ,we never show it.
03-10 21:21:03.979   963  1020 V WindowManager: Orientation start waiting for draw, mDrawState=DRAW_PENDING in Window{b1a90d0 u0 com.android.systemui.ImageWallpaper}, surfaceController Surface(name=com.android.systemui.ImageWallpaper)/@0x49e76d2
03-10 21:21:04.057   963  1424 V WindowManager: Orientation start waiting for draw, mDrawState=DRAW_PENDING in Window{b1a90d0 u0 com.android.systemui.ImageWallpaper}, surfaceController Surface(name=com.android.systemui.ImageWallpaper)/@0x49e76d2
03-10 21:25:24.650   963   963 W Looper  : Slow dispatch took 520ms main h=android.app.ActivityThread$H c=android.app.LoadedApk$ServiceDispatcher$RunConnection@5a14d1e m=0
03-10 21:25:24.650   963   963 W Looper  : Slow delivery took 480ms main h=com.android.server.AlarmManagerService$AlarmHandler c=null m=8
03-10 21:25:24.651   963   963 W Looper  : Drained
03-10 21:26:43.921   963  2599 W ProcessStats: Tracking association SourceState{464c3cc com.google.android.apps.photos/10120 Top #9088} whose proc state 1 is better than process ProcessState{57d979e com.google.android.gms.persistent/10108 pkg=com.google.android.gms} proc state 2 (108 skipped)
03-10 21:26:43.973   963  1032 E KernelCpuSpeedReader: Failed to read cpu-freq: /sys/devices/system/cpu/cpu0/cpufreq/stats/time_in_state: open failed: ENOENT (No such file or directory)
03-10 21:26:43.974   963  1032 E KernelCpuSpeedReader: Failed to read cpu-freq: /sys/devices/system/cpu/cpu4/cpufreq/stats/time_in_state: open failed: ENOENT (No such file or directory)
03-10 21:26:43.989   963  1032 D KernelCpuUidUserSysTimeReader: Removing uids 1037-1037
03-10 21:29:00.177   963  1102 I PowerManagerService: Waking up from Asleep (uid=1000, reason=WAKE_REASON_POWER_BUTTON, details=android.policy:POWER)...
03-10 21:29:00.206   963  1042 I DisplayPowerController: Blocking screen on until initial contents have been drawn.
03-10 21:29:00.213   963  1032 E KernelCpuSpeedReader: Failed to read cpu-freq: /sys/devices/system/cpu/cpu0/cpufreq/stats/time_in_state: open failed: ENOENT (No such file or directory)
03-10 21:29:00.214   963  1032 E KernelCpuSpeedReader: Failed to read cpu-freq: /sys/devices/system/cpu/cpu4/cpufreq/stats/time_in_state: open failed: ENOENT (No such file or directory)
03-10 21:29:00.216   963  5636 E BOOTPROF: Failure open /proc/bootprof, not found!
03-10 21:29:00.216   963  5636 E BOOTPROF: java.io.FileNotFoundException: /proc/bootprof: open failed: ENOENT (No such file or directory)
03-10 21:29:00.216   963  5636 E BOOTPROF: 	at libcore.io.IoBridge.open(IoBridge.java:492)
03-10 21:29:00.216   963  5636 E BOOTPROF: 	at java.io.FileOutputStream.<init>(FileOutputStream.java:236)
03-10 21:29:00.216   963  5636 E BOOTPROF: 	at java.io.FileOutputStream.<init>(FileOutputStream.java:125)
03-10 21:29:00.216   963  5636 E BOOTPROF: 	at com.mediatek.server.MtkSystemServerImpl.addBootEvent(MtkSystemServerImpl.java:322)
03-10 21:29:00.216   963  5636 E BOOTPROF: 	at com.android.server.policy.keyguard.KeyguardServiceDelegate$KeyguardShowDelegate.onDrawn(KeyguardServiceDelegate.java:111)
03-10 21:29:00.216   963  5636 E BOOTPROF: 	at com.android.internal.policy.IKeyguardDrawnCallback$Stub.onTransact(IKeyguardDrawnCallback.java:79)
03-10 21:29:00.216   963  5636 E BOOTPROF: 	at android.os.Binder.execTransactInternal(Binder.java:1159)
03-10 21:29:00.216   963  5636 E BOOTPROF: 	at android.os.Binder.execTransact(Binder.java:1123)
03-10 21:29:00.216   963  5636 E BOOTPROF: Caused by: android.system.ErrnoException: open failed: ENOENT (No such file or directory)
03-10 21:29:00.216   963  5636 E BOOTPROF: 	at libcore.io.Linux.open(Native Method)
03-10 21:29:00.216   963  5636 E BOOTPROF: 	at libcore.io.ForwardingOs.open(ForwardingOs.java:166)
03-10 21:29:00.216   963  5636 E BOOTPROF: 	at libcore.io.BlockGuardOs.open(BlockGuardOs.java:254)
03-10 21:29:00.216   963  5636 E BOOTPROF: 	at libcore.io.IoBridge.open(IoBridge.java:478)
03-10 21:29:00.216   963  5636 E BOOTPROF: 	... 7 more
03-10 21:29:00.230   963  1042 V DisplayPowerController: Brightness [0.20289086] reason changing to: 'manual', previous reason: 'screen_off'.
03-10 21:29:00.232   963  1018 I DropBoxManagerService: add tag=system_server_strictmode isTagEnabled=true flags=0x2
03-10 21:29:00.241   963  1019 I DisplayManagerService: Display device changed state: "内置屏幕", ON
03-10 21:29:00.296   963  1017 D WindowOrientationListener: WindowOrientationListener enabled clearCurrentRotation=true
03-10 21:29:00.300   963  1042 I DisplayPowerController: Unblocked screen on after 95 ms
03-10 21:29:00.831   963  1042 W PowerManagerService: Screen on took 691 ms
03-10 21:29:01.744   963  2599 D ActivityTaskManager: Top Process State changed to PROCESS_STATE_TOP
03-10 21:29:01.757   963  1020 I WindowManager: Relayout Window{d1b7492 u0 SnapshotStartingWindow for taskId=10}: oldVis=8 newVis=0 focusMayChange = true
03-10 21:29:01.810   963  2599 I WindowManager: Relayout Window{8a23b82 u0 com.google.android.apps.photos/com.google.android.apps.photos.pager.HostPhotoPagerActivity}: oldVis=4 newVis=0 focusMayChange = true
03-10 21:29:01.817   963  1424 W WindowManager: Changing focus fromWindow{c45acd2 u0 NotificationShade} to Window{8a23b82 u0 com.google.android.apps.photos/com.google.android.apps.photos.pager.HostPhotoPagerActivity} displayId=0 Callers=com.android.server.wm.RootWindowContainer.updateFocusedWindowLocked:457 com.android.server.wm.WindowManagerService.updateFocusedWindowLocked:5599 com.android.server.wm.WindowManagerService.relayoutWindow:2392 com.android.server.wm.Session.relayout:213 
03-10 21:29:01.828   963  2599 D MediaRouterService: Client com.google.android.apps.photos (pid 3109): Set discovery request, routeTypes=0x800000, activeScan=false
03-10 21:29:01.835   963  1424 D CompatibilityChangeReporter: Compat change id reported: 149924527; UID 10120; state: ENABLED
03-10 21:29:01.837   963  1424 D CompatibilityChangeReporter: Compat change id reported: 132649864; UID 10120; state: DISABLED
03-10 21:29:01.865   963  1026 W BroadcastQueue: Background execution not allowed: receiving Intent { act=android.intent.action.USER_PRESENT flg=0x24200010 } to com.android.chrome/org.chromium.chrome.browser.sharing.click_to_call.ClickToCallMessageHandler$PhoneUnlockedReceiver
03-10 21:29:01.883   963  1026 W BroadcastQueue: Background execution not allowed: receiving Intent { act=android.intent.action.USER_PRESENT flg=0x24200010 } to com.google.android.gms/.auth.setup.devicesignals.LockScreenReceiver
03-10 21:29:01.883   963  1026 W BroadcastQueue: Background execution not allowed: receiving Intent { act=android.intent.action.USER_PRESENT flg=0x24200010 } to com.google.android.gms/.chimera.GmsIntentOperationService$PersistentTrustedReceiver
03-10 21:29:02.240   963  1026 W BroadcastQueue: Background execution not allowed: receiving Intent { act=android.intent.action.DROPBOX_ENTRY_ADDED flg=0x10 (has extras) } to com.google.android.gms/.stats.service.DropBoxEntryAddedReceiver
03-10 21:29:02.240   963  1026 W BroadcastQueue: Background execution not allowed: receiving Intent { act=android.intent.action.DROPBOX_ENTRY_ADDED flg=0x10 (has extras) } to com.google.android.gms/.chimera.GmsIntentOperationService$PersistentTrustedReceiver
03-10 21:29:04.557   963  1017 V WindowOrientationListener: Proposed rotation changed!  proposedRotation=1, oldProposedRotation=-1
03-10 21:29:05.928   963  1017 D AutofillManagerService: onBackKeyPressed()
03-10 21:29:05.951   963  2580 D DuraSpeed: onAppSwitched, packageName:com.mediatek.camera
03-10 21:29:05.966   963  2580 W WindowManager: Changing focus fromWindow{8a23b82 u0 com.google.android.apps.photos/com.google.android.apps.photos.pager.HostPhotoPagerActivity} to null displayId=0 Callers=com.android.server.wm.RootWindowContainer.updateFocusedWindowLocked:457 com.android.server.wm.WindowManagerService.updateFocusedWindowLocked:5599 com.android.server.wm.DisplayContent.setFocusedApp:5517 com.android.server.wm.ActivityTaskManagerService.setResumedActivityUncheckLocked:5510 
03-10 21:29:06.009   963  1424 I WindowManager: Relayout Window{e3158b1 u0 com.mediatek.camera/com.mediatek.camera.CameraLauncher}: oldVis=4 newVis=0 focusMayChange = true
03-10 21:29:06.013   963  1424 W WindowManager: Changing focus fromnull to Window{e3158b1 u0 com.mediatek.camera/com.mediatek.camera.CameraLauncher} displayId=0 Callers=com.android.server.wm.RootWindowContainer.updateFocusedWindowLocked:457 com.android.server.wm.WindowManagerService.updateFocusedWindowLocked:5599 com.android.server.wm.WindowManagerService.relayoutWindow:2392 com.android.server.wm.Session.relayout:213 
03-10 21:29:06.064  1418  1418 D SyncTransactionQueue: Nothing in queue, so skip queueing up WindowContainerTransaction { changes = {android.os.BinderProxy@4f414a1={bounds:Rect(0, 0 - 1200, 975),ssw:662,}, android.os.BinderProxy@fbc06c6={bounds:Rect(0, 989 - 1200, 2000),ssw:662,}} hops = [] }
03-10 21:29:06.069   963  1019 W ActivityTaskManager: Current config: {1.0 ?mcc?mnc [zh_CN_#Hans,en_US] ldltr sw800dp w1333dp h728dp 240dpi xlrg land finger -keyb/v/h -nav/h winConfig={ mBounds=Rect(0, 0 - 2000, 1200) mAppBounds=Rect(0, 0 - 2000, 1128) mWindowingMode=fullscreen mDisplayWindowingMode=fullscreen mActivityType=undefined mAlwaysOnTop=undefined mRotation=ROTATION_90} s.569} unchanged for IME proc com.google.android.inputmethod.latin
03-10 21:29:06.074   963  1019 I ActivityTaskManager: Config changes=20000480 {1.0 ?mcc?mnc [zh_CN_#Hans,en_US] ldltr sw800dp w800dp h1261dp 240dpi xlrg port finger -keyb/v/h -nav/h winConfig={ mBounds=Rect(0, 0 - 1200, 2000) mAppBounds=Rect(0, 0 - 1200, 1928) mWindowingMode=fullscreen mDisplayWindowingMode=fullscreen mActivityType=undefined mAlwaysOnTop=undefined mRotation=ROTATION_0} s.569}
03-10 21:29:06.101   963  1019 W ActivityTaskManager: Current config: {1.0 ?mcc?mnc [zh_CN_#Hans,en_US] ldltr sw800dp w1333dp h728dp 240dpi xlrg land finger -keyb/v/h -nav/h winConfig={ mBounds=Rect(0, 0 - 2000, 1200) mAppBounds=Rect(0, 0 - 2000, 1128) mWindowingMode=fullscreen mDisplayWindowingMode=fullscreen mActivityType=undefined mAlwaysOnTop=undefined mRotation=ROTATION_90} s.569} unchanged for IME proc com.google.android.inputmethod.latin
03-10 21:29:06.102   963  1019 I WindowManager: Override config changes=20000480 {1.0 ?mcc?mnc [zh_CN_#Hans,en_US] ldltr sw800dp w800dp h1261dp 240dpi xlrg port finger -keyb/v/h -nav/h winConfig={ mBounds=Rect(0, 0 - 1200, 2000) mAppBounds=Rect(0, 0 - 1200, 1928) mWindowingMode=fullscreen mDisplayWindowingMode=fullscreen mActivityType=undefined mAlwaysOnTop=undefined mRotation=ROTATION_0} s.569} for displayId=0
03-10 21:29:06.108   963  1019 V ActivityTaskManager: Sending to IME proc com.google.android.inputmethod.latin new config {1.0 ?mcc?mnc [zh_CN_#Hans,en_US] ldltr sw800dp w800dp h1261dp 240dpi xlrg port finger -keyb/v/h -nav/h winConfig={ mBounds=Rect(0, 0 - 1200, 2000) mAppBounds=Rect(0, 0 - 1200, 1928) mWindowingMode=fullscreen mDisplayWindowingMode=fullscreen mActivityType=undefined mAlwaysOnTop=undefined mRotation=ROTATION_0} s.569}
03-10 21:29:06.109   963  1019 W ActivityTaskManager: Current config: {1.0 ?mcc?mnc [zh_CN_#Hans,en_US] ldltr sw800dp w800dp h1261dp 240dpi xlrg port finger -keyb/v/h -nav/h winConfig={ mBounds=Rect(0, 0 - 1200, 2000) mAppBounds=Rect(0, 0 - 1200, 1928) mWindowingMode=fullscreen mDisplayWindowingMode=fullscreen mActivityType=undefined mAlwaysOnTop=undefined mRotation=ROTATION_0} s.569} unchanged for IME proc com.google.android.inputmethod.latin
03-10 21:29:06.314   963  1036 D DuraSpeed: System unhealthy type: HEALTH_TYPE_CPU
03-10 21:29:06.314   963  1036 D DuraSpeed: Need release resource: 10.0%
03-10 21:29:06.314   963  1036 D DuraSpeed:   com.google.android.youtube, appType: 0x0003, adj: 945, cpuLoading: 0.0%
03-10 21:29:06.314   963  1036 D DuraSpeed:   com.mediatek.camera, appType: 0x2103, adj: 0, cpuLoading: 0.0%
03-10 21:29:06.314   963  1036 D DuraSpeed:   com.android.vending, appType: 0x0003, adj: 905, cpuLoading: 0.0%
03-10 21:29:06.314   963  1036 D DuraSpeed:   com.google.android.gm, appType: 0x0003, adj: 915, cpuLoading: 1.7%
03-10 21:29:06.314   963  1036 D DuraSpeed:   com.google.android.apps.tachyon, appType: 0x0003, adj: 975, cpuLoading: 0.0%
03-10 21:29:06.314   963  1036 D DuraSpeed:   com.google.android.apps.nbu.files, appType: 0x0003, adj: 905, cpuLoading: 0.0%
03-10 21:29:06.314   963  1036 D DuraSpeed:   com.google.android.apps.docs, appType: 0x0003, adj: 915, cpuLoading: 0.0%
03-10 21:29:06.314   963  1036 D DuraSpeed:   com.google.android.apps.maps, appType: 0x0003, adj: 935, cpuLoading: 0.0%
03-10 21:29:06.314   963  1036 D DuraSpeed:   com.google.android.contacts, appType: 0x0003, adj: 965, cpuLoading: 0.0%
03-10 21:29:06.314   963  1036 D DuraSpeed:   com.android.chrome, appType: 0x0003, adj: 955, cpuLoading: 0.1%
03-10 21:29:06.314   963  1036 D DuraSpeed:   com.google.android.videos, appType: 0x0003, adj: 945, cpuLoading: 0.0%
03-10 21:29:06.314   963  1036 D DuraSpeed:   com.google.android.apps.photos, appType: 0x2103, adj: 0, cpuLoading: 0.0%
03-10 21:29:06.314   963  1036 D DuraSpeed:   com.google.android.calendar, appType: 0x0003, adj: 975, cpuLoading: 0.0%
03-10 21:29:06.314   963  1036 D DuraSpeed:   com.google.android.documentsui, appType: 0x0003, adj: 915, cpuLoading: 0.0%
03-10 21:29:06.314   963  1036 D DuraSpeed:   com.android.settings, appType: 0x1003, adj: 910, cpuLoading: 0.4%
03-10 21:29:06.314   963  1036 D DuraSpeed:   com.android.deskclock, appType: 0x0003, adj: 975, cpuLoading: 0.0%
03-10 21:29:06.314   963  1036 D DuraSpeed:   com.google.android.apps.youtube.music, appType: 0x0003, adj: 905, cpuLoading: 9.8%
03-10 21:29:06.315   963  1036 D DuraSpeed: CPU total released about: 0.0%
03-10 21:29:06.363   963  2585 D MediaRouterService: Client com.google.android.apps.photos (pid 3109): Set discovery request, routeTypes=0x0, activeScan=false
03-10 21:29:06.854   963  1363 W UriGrantsManagerService: No permission grants found for com.google.android.apps.photos
03-10 21:29:06.854   963  1363 W UriGrantsManagerService: No permission grants found for com.google.android.apps.photos
03-10 21:29:06.898   963  5636 W UriGrantsManagerService: No permission grants found for com.google.android.apps.photos
03-10 21:29:07.000   963  5636 I chatty  : uid=1000(system) Binder:963_1B identical 4 lines
03-10 21:29:07.000   963  5636 W UriGrantsManagerService: No permission grants found for com.google.android.apps.photos
03-10 21:29:07.059   963  2580 W UriGrantsManagerService: No permission grants found for com.google.android.apps.photos
03-10 21:29:07.252   963  2580 I chatty  : uid=1000(system) Binder:963_E identical 8 lines
03-10 21:29:07.253   963  2580 W UriGrantsManagerService: No permission grants found for com.google.android.apps.photos
03-10 21:29:07.284   963  1017 V WindowOrientationListener: Proposed rotation changed!  proposedRotation=1, oldProposedRotation=-1
03-10 21:29:07.297   963  2580 W UriGrantsManagerService: No permission grants found for com.google.android.apps.photos
03-10 21:29:07.297   963  2580 W UriGrantsManagerService: No permission grants found for com.google.android.apps.photos
03-10 21:29:07.339   963  5636 W UriGrantsManagerService: No permission grants found for com.google.android.apps.photos
03-10 21:29:07.340   963  5636 W UriGrantsManagerService: No permission grants found for com.google.android.apps.photos
03-10 21:29:10.267   963  2599 W UriGrantsManagerService: No permission grants found for com.google.android.apps.photos
03-10 21:29:10.268   963  2599 W UriGrantsManagerService: No permission grants found for com.google.android.apps.photos
03-10 21:29:10.417   963  1363 W UriGrantsManagerService: No permission grants found for com.google.android.apps.photos
03-10 21:29:11.260   963  1363 I chatty  : uid=1000(system) Binder:963_4 identical 4 lines
03-10 21:29:11.262   963  1363 W UriGrantsManagerService: No permission grants found for com.google.android.apps.photos
03-10 21:29:11.400   963  5636 W UriGrantsManagerService: No permission grants found for com.google.android.apps.photos
03-10 21:29:11.401   963  1363 W UriGrantsManagerService: No permission grants found for com.google.android.apps.photos
03-10 21:29:12.086   963  1032 E KernelCpuSpeedReader: Failed to read cpu-freq: /sys/devices/system/cpu/cpu0/cpufreq/stats/time_in_state: open failed: ENOENT (No such file or directory)
03-10 21:29:12.086   963  1032 E KernelCpuSpeedReader: Failed to read cpu-freq: /sys/devices/system/cpu/cpu4/cpufreq/stats/time_in_state: open failed: ENOENT (No such file or directory)
03-10 21:29:12.188   963  2580 I ActivityTaskManager: START u0 {act=com.android.camera.action.REVIEW dat=content://media/external/video/media/22 typ=video/mp4 cmp=com.google.android.apps.photos/.pager.HostPhotoPagerActivity (has extras)} from uid 10144
03-10 21:29:12.214   963  2580 D DuraSpeed: onAppSwitched, packageName:com.google.android.apps.photos
03-10 21:29:12.225   963  1363 W ActivityTaskManager: Tried to set launchTime (0) < mLastActivityLaunchTime (188763)
03-10 21:29:12.230   963  1363 W WindowManager: Changing focus fromWindow{e3158b1 u0 com.mediatek.camera/com.mediatek.camera.CameraLauncher} to null displayId=0 Callers=com.android.server.wm.RootWindowContainer.updateFocusedWindowLocked:457 com.android.server.wm.WindowManagerService.updateFocusedWindowLocked:5599 com.android.server.wm.DisplayContent.setFocusedApp:5517 com.android.server.wm.ActivityTaskManagerService.setResumedActivityUncheckLocked:5510 
03-10 21:29:12.308   963  1363 I WindowManager: Relayout Window{ef06834 u0 com.google.android.apps.photos/com.google.android.apps.photos.pager.HostPhotoPagerActivity}: oldVis=4 newVis=0 focusMayChange = true
03-10 21:29:12.313   963  1363 W WindowManager: Changing focus fromnull to Window{ef06834 u0 com.google.android.apps.photos/com.google.android.apps.photos.pager.HostPhotoPagerActivity} displayId=0 Callers=com.android.server.wm.RootWindowContainer.updateFocusedWindowLocked:457 com.android.server.wm.WindowManagerService.updateFocusedWindowLocked:5599 com.android.server.wm.WindowManagerService.relayoutWindow:2392 com.android.server.wm.Session.relayout:213 
03-10 21:29:12.581   963  1025 E BOOTPROF: Failure open /proc/bootprof, not found!
03-10 21:29:12.581   963  1025 E BOOTPROF: java.io.FileNotFoundException: /proc/bootprof: open failed: ENOENT (No such file or directory)
03-10 21:29:12.581   963  1025 E BOOTPROF: 	at libcore.io.IoBridge.open(IoBridge.java:492)
03-10 21:29:12.581   963  1025 E BOOTPROF: 	at java.io.FileOutputStream.<init>(FileOutputStream.java:236)
03-10 21:29:12.581   963  1025 E BOOTPROF: 	at java.io.FileOutputStream.<init>(FileOutputStream.java:125)
03-10 21:29:12.581   963  1025 E BOOTPROF: 	at com.mediatek.server.MtkSystemServerImpl.addBootEvent(MtkSystemServerImpl.java:322)
03-10 21:29:12.581   963  1025 E BOOTPROF: 	at com.android.server.wm.ActivityMetricsLogger.logAppDisplayed(ActivityMetricsLogger.java:903)
03-10 21:29:12.581   963  1025 E BOOTPROF: 	at com.android.server.wm.ActivityMetricsLogger.lambda$logAppTransitionFinished$2$ActivityMetricsLogger(ActivityMetricsLogger.java:804)
03-10 21:29:12.581   963  1025 E BOOTPROF: 	at com.android.server.wm.-$$Lambda$ActivityMetricsLogger$fTBXciy3VZJ2vTW_ZJXaKfUj7_I.run(Unknown Source:4)
03-10 21:29:12.581   963  1025 E BOOTPROF: 	at android.os.Handler.handleCallback(Handler.java:938)
03-10 21:29:12.581   963  1025 E BOOTPROF: 	at android.os.Handler.dispatchMessage(Handler.java:99)
03-10 21:29:12.581   963  1025 E BOOTPROF: 	at android.os.Looper.loop(Looper.java:223)
03-10 21:29:12.581   963  1025 E BOOTPROF: 	at android.os.HandlerThread.run(HandlerThread.java:67)
03-10 21:29:12.581   963  1025 E BOOTPROF: Caused by: android.system.ErrnoException: open failed: ENOENT (No such file or directory)
03-10 21:29:12.581   963  1025 E BOOTPROF: 	at libcore.io.Linux.open(Native Method)
03-10 21:29:12.581   963  1025 E BOOTPROF: 	at libcore.io.ForwardingOs.open(ForwardingOs.java:166)
03-10 21:29:12.581   963  1025 E BOOTPROF: 	at libcore.io.BlockGuardOs.open(BlockGuardOs.java:254)
03-10 21:29:12.581   963  1025 E BOOTPROF: 	at libcore.io.IoBridge.open(IoBridge.java:478)
03-10 21:29:12.581   963  1025 E BOOTPROF: 	... 10 more
03-10 21:29:12.975  1418  1418 D SyncTransactionQueue: Nothing in queue, so skip queueing up WindowContainerTransaction { changes = {android.os.BinderProxy@4f414a1={bounds:Rect(0, 0 - 993, 1200),ssw:662,}, android.os.BinderProxy@fbc06c6={bounds:Rect(1007, 0 - 2000, 1200),ssw:662,}} hops = [] }
03-10 21:29:12.982   963  1019 W ActivityTaskManager: Current config: {1.0 ?mcc?mnc [zh_CN_#Hans,en_US] ldltr sw800dp w800dp h1261dp 240dpi xlrg port finger -keyb/v/h -nav/h winConfig={ mBounds=Rect(0, 0 - 1200, 2000) mAppBounds=Rect(0, 0 - 1200, 1928) mWindowingMode=fullscreen mDisplayWindowingMode=fullscreen mActivityType=undefined mAlwaysOnTop=undefined mRotation=ROTATION_0} s.640} unchanged for IME proc com.google.android.inputmethod.latin
03-10 21:29:12.986   963  1019 I ActivityTaskManager: Config changes=20000480 {1.0 ?mcc?mnc [zh_CN_#Hans,en_US] ldltr sw800dp w1333dp h728dp 240dpi xlrg land finger -keyb/v/h -nav/h winConfig={ mBounds=Rect(0, 0 - 2000, 1200) mAppBounds=Rect(0, 0 - 2000, 1128) mWindowingMode=fullscreen mDisplayWindowingMode=fullscreen mActivityType=undefined mAlwaysOnTop=undefined mRotation=ROTATION_90} s.640}
03-10 21:29:13.002   963  1019 W ActivityTaskManager: Current config: {1.0 ?mcc?mnc [zh_CN_#Hans,en_US] ldltr sw800dp w800dp h1261dp 240dpi xlrg port finger -keyb/v/h -nav/h winConfig={ mBounds=Rect(0, 0 - 1200, 2000) mAppBounds=Rect(0, 0 - 1200, 1928) mWindowingMode=fullscreen mDisplayWindowingMode=fullscreen mActivityType=undefined mAlwaysOnTop=undefined mRotation=ROTATION_0} s.640} unchanged for IME proc com.google.android.inputmethod.latin
03-10 21:29:13.004   963  1019 I WindowManager: Override config changes=20000480 {1.0 ?mcc?mnc [zh_CN_#Hans,en_US] ldltr sw800dp w1333dp h728dp 240dpi xlrg land finger -keyb/v/h -nav/h winConfig={ mBounds=Rect(0, 0 - 2000, 1200) mAppBounds=Rect(0, 0 - 2000, 1128) mWindowingMode=fullscreen mDisplayWindowingMode=fullscreen mActivityType=undefined mAlwaysOnTop=undefined mRotation=ROTATION_90} s.640} for displayId=0
03-10 21:29:13.006   963  1019 V ActivityTaskManager: Sending to IME proc com.google.android.inputmethod.latin new config {1.0 ?mcc?mnc [zh_CN_#Hans,en_US] ldltr sw800dp w1333dp h728dp 240dpi xlrg land finger -keyb/v/h -nav/h winConfig={ mBounds=Rect(0, 0 - 2000, 1200) mAppBounds=Rect(0, 0 - 2000, 1128) mWindowingMode=fullscreen mDisplayWindowingMode=fullscreen mActivityType=undefined mAlwaysOnTop=undefined mRotation=ROTATION_90} s.640}
03-10 21:29:13.006   963  1019 W ActivityTaskManager: Current config: {1.0 ?mcc?mnc [zh_CN_#Hans,en_US] ldltr sw800dp w1333dp h728dp 240dpi xlrg land finger -keyb/v/h -nav/h winConfig={ mBounds=Rect(0, 0 - 2000, 1200) mAppBounds=Rect(0, 0 - 2000, 1128) mWindowingMode=fullscreen mDisplayWindowingMode=fullscreen mActivityType=undefined mAlwaysOnTop=undefined mRotation=ROTATION_90} s.640} unchanged for IME proc com.google.android.inputmethod.latin
03-10 21:29:13.050   963  2585 V SettingsProvider: name : hide_rotation_lock_toggle_for_accessibility appId : 10142
03-10 21:29:13.051   963  2585 V SettingsProvider: Package name : com.android.systemui privateFlags : -1938812824
03-10 21:29:13.053   963  5636 V SettingsProvider: name : accelerometer_rotation appId : 1000
03-10 21:29:13.054   963  5636 V SettingsProvider: name : user_rotation appId : 1000
03-10 21:29:13.152   963  5636 W UriGrantsManagerService: No permission grants found for com.google.android.apps.photos
03-10 21:29:13.156   963  5636 W UriGrantsManagerService: No permission grants found for com.google.android.apps.photos
03-10 21:29:13.174   963  2599 D MediaRouterService: Client com.google.android.apps.photos (pid 3109): Set discovery request, routeTypes=0x800000, activeScan=false
03-10 21:29:13.376   963  2585 W UriGrantsManagerService: No permission grants found for com.google.android.apps.photos
03-10 21:29:13.376   963  2585 W UriGrantsManagerService: No permission grants found for com.google.android.apps.photos
03-10 21:29:13.861   963  2599 W UriGrantsManagerService: No permission grants found for com.google.android.apps.photos
03-10 21:29:13.913   963  2599 I chatty  : uid=1000(system) Binder:963_15 identical 2 lines
03-10 21:29:13.913   963  2599 W UriGrantsManagerService: No permission grants found for com.google.android.apps.photos
03-10 21:29:17.430   963  1016 D AutofillManagerService: Close system dialogs
03-10 21:29:17.431   963  1017 I ActivityTaskManager: START u0 {act=android.intent.action.MAIN cat=[android.intent.category.HOME] flg=0x10000100 cmp=com.android.launcher3/com.android.searchlauncher.SearchLauncher (has extras)} from uid 0
03-10 21:29:17.439   963  1017 W WindowManager: Changing focus fromWindow{ef06834 u0 com.google.android.apps.photos/com.google.android.apps.photos.pager.HostPhotoPagerActivity} to null displayId=0 Callers=com.android.server.wm.RootWindowContainer.updateFocusedWindowLocked:457 com.android.server.wm.WindowManagerService.updateFocusedWindowLocked:5599 com.android.server.wm.DisplayContent.setFocusedApp:5517 com.android.server.wm.ActivityTaskManagerService.setResumedActivityUncheckLocked:5510 
03-10 21:29:17.441   963  1017 D DuraSpeed: onAppSwitched, packageName:com.android.launcher3
03-10 21:29:17.481   963  1016 D AutofillManagerService: Close system dialogs
03-10 21:29:17.490   963  1750 I WindowManager: Relayout Window{1fe2e41 u0 com.android.launcher3/com.android.searchlauncher.SearchLauncher EXITING}: oldVis=4 newVis=0 focusMayChange = true
03-10 21:29:17.492   963  1750 D WindowManager: relayoutVisibleWindow: Window{1fe2e41 u0 com.android.launcher3/com.android.searchlauncher.SearchLauncher EXITING} mAnimatingExit=true, mRemoveOnExit=false, mDestroying=false
03-10 21:29:17.492   963  1750 W WindowManager: Changing focus fromnull to Window{1fe2e41 u0 com.android.launcher3/com.android.searchlauncher.SearchLauncher} displayId=0 Callers=com.android.server.wm.RootWindowContainer.updateFocusedWindowLocked:457 com.android.server.wm.WindowManagerService.updateFocusedWindowLocked:5599 com.android.server.wm.WindowManagerService.relayoutWindow:2392 com.android.server.wm.Session.relayout:213 
03-10 21:29:17.496   963  2585 I WindowManager: Relayout Window{7968442 u0 com.android.launcher3/com.android.searchlauncher.SearchLauncher}: oldVis=4 newVis=0 focusMayChange = true
03-10 21:29:18.240   963  2599 D MediaRouterService: Client com.google.android.apps.photos (pid 3109): Set discovery request, routeTypes=0x0, activeScan=false
03-10 21:29:18.372   963  1750 W UriGrantsManagerService: No permission grants found for com.google.android.apps.photos
03-10 21:29:18.496   963  1750 I chatty  : uid=1000(system) Binder:963_8 identical 4 lines
03-10 21:29:18.497   963  1750 W UriGrantsManagerService: No permission grants found for com.google.android.apps.photos
03-10 21:29:20.302   963  1363 W UriGrantsManagerService: No permission grants found for com.google.android.apps.photos
03-10 21:29:20.380   963  1363 I chatty  : uid=1000(system) Binder:963_4 identical 2 lines
03-10 21:29:20.381   963  1363 W UriGrantsManagerService: No permission grants found for com.google.android.apps.photos
03-10 21:29:20.435   963  1750 W UriGrantsManagerService: No permission grants found for com.google.android.apps.photos
03-10 21:29:20.436   963  1750 W UriGrantsManagerService: No permission grants found for com.google.android.apps.photos
03-10 21:29:20.537   963  1363 W UriGrantsManagerService: No permission grants found for com.google.android.apps.photos
03-10 21:29:20.657   963  1363 I chatty  : uid=1000(system) Binder:963_4 identical 4 lines
03-10 21:29:20.657   963  1363 W UriGrantsManagerService: No permission grants found for com.google.android.apps.photos
03-10 21:29:21.126   963  1750 W UriGrantsManagerService: No permission grants found for com.google.android.apps.photos
03-10 21:29:21.333   963  1750 I chatty  : uid=1000(system) Binder:963_8 identical 6 lines
03-10 21:29:21.333   963  1750 W UriGrantsManagerService: No permission grants found for com.google.android.apps.photos
03-10 21:29:21.364   963  2580 W UriGrantsManagerService: No permission grants found for com.google.android.apps.photos
03-10 21:29:21.365   963  2580 W UriGrantsManagerService: No permission grants found for com.google.android.apps.photos
03-10 21:29:21.378   963  2580 I ActivityTaskManager: START u0 {act=android.intent.action.MAIN cat=[android.intent.category.LAUNCHER] flg=0x10200000 cmp=com.google.android.apps.nbu.files/.home.HomeActivity bnds=[802,287][1197,445]} from uid 10135
03-10 21:29:21.403   963  2580 D DuraSpeed: onAppSwitched, packageName:com.google.android.apps.nbu.files
03-10 21:29:21.416   963  2580 W WindowManager: Changing focus fromWindow{1fe2e41 u0 com.android.launcher3/com.android.searchlauncher.SearchLauncher} to null displayId=0 Callers=com.android.server.wm.RootWindowContainer.updateFocusedWindowLocked:457 com.android.server.wm.WindowManagerService.updateFocusedWindowLocked:5599 com.android.server.wm.DisplayContent.setFocusedApp:5517 com.android.server.wm.ActivityTaskManagerService.setResumedActivityUncheckLocked:5510 
03-10 21:29:21.430   963  1750 W UriGrantsManagerService: No permission grants found for com.google.android.apps.photos
03-10 21:29:21.467   963  1750 I chatty  : uid=1000(system) Binder:963_8 identical 2 lines
03-10 21:29:21.467   963  1750 W UriGrantsManagerService: No permission grants found for com.google.android.apps.photos
