03-10 21:48:57.476   963  1027 E BOOTPROF: 	at libcore.io.IoBridge.open(IoBridge.java:478)
03-10 21:48:57.476   963  1027 E BOOTPROF: 	... 13 more
03-10 21:48:57.476   963  1027 I ActivityManager: Start proc 9904:com.google.android.apps.nbu.files/u0a106 for pre-top-activity {com.google.android.apps.nbu.files/com.google.android.apps.nbu.files.home.HomeActivity}
03-10 21:48:57.490   963  1020 W WindowManager: Changing focus fromWindow{1fe2e41 u0 com.android.launcher3/com.android.searchlauncher.SearchLauncher} to null displayId=0 Callers=com.android.server.wm.RootWindowContainer.updateFocusedWindowLocked:457 com.android.server.wm.WindowManagerService.updateFocusedWindowLocked:5599 com.android.server.wm.WindowManagerService.relayoutWindow:2392 com.android.server.wm.Session.relayout:213 
03-10 21:48:57.498   963  2591 V ActivityManager: New death recipient com.android.server.am.ActivityManagerService$AppDeathRecipient@1953673 for thread android.os.BinderProxy@3116930
03-10 21:48:57.694   963  3003 V SettingsProvider: packageValueForCallResult, name = null, value : Bundle[{_track_generation=android.util.MemoryIntArray@92, value=null, _generation_index=0, _generation=59}]
03-10 21:48:57.714   963  8851 D CompatibilityChangeReporter: Compat change id reported: 136274596; UID 10106; state: ENABLED
03-10 21:48:57.763   963  2591 D CompatibilityChangeReporter: Compat change id reported: 149924527; UID 10106; state: ENABLED
03-10 21:48:57.766   963  2591 D CompatibilityChangeReporter: Compat change id reported: 132649864; UID 10106; state: DISABLED
03-10 21:48:57.837   963  8851 V SettingsProvider: packageValueForCallResult, name = android_id, value : Bundle[{_track_generation=android.util.MemoryIntArray@92, value=ed467c7eff14af9c, _generation_index=2, _generation=86}]
03-10 21:48:58.126   963  3003 W UriGrantsManagerService: No permission grants found for com.google.android.apps.nbu.files
03-10 21:48:58.146   963  2591 W UriGrantsManagerService: No permission grants found for com.google.android.apps.nbu.files
03-10 21:48:58.179   963  1363 W UriGrantsManagerService: No permission grants found for com.google.android.apps.nbu.files
03-10 21:48:58.438   963  3003 I WindowManager: Relayout Window{be0823b u0 com.google.android.apps.nbu.files/com.google.android.apps.nbu.files.home.HomeActivity}: oldVis=4 newVis=0 focusMayChange = true
03-10 21:48:58.443   963  3003 W WindowManager: Changing focus fromnull to Window{be0823b u0 com.google.android.apps.nbu.files/com.google.android.apps.nbu.files.home.HomeActivity} displayId=0 Callers=com.android.server.wm.RootWindowContainer.updateFocusedWindowLocked:457 com.android.server.wm.WindowManagerService.updateFocusedWindowLocked:5599 com.android.server.wm.WindowManagerService.relayoutWindow:2392 com.android.server.wm.Session.relayout:213 
03-10 21:48:58.580   963  1025 E BOOTPROF: Failure open /proc/bootprof, not found!
03-10 21:48:58.580   963  1025 E BOOTPROF: java.io.FileNotFoundException: /proc/bootprof: open failed: ENOENT (No such file or directory)
03-10 21:48:58.580   963  1025 E BOOTPROF: 	at libcore.io.IoBridge.open(IoBridge.java:492)
03-10 21:48:58.580   963  1025 E BOOTPROF: 	at java.io.FileOutputStream.<init>(FileOutputStream.java:236)
03-10 21:48:58.580   963  1025 E BOOTPROF: 	at java.io.FileOutputStream.<init>(FileOutputStream.java:125)
03-10 21:48:58.580   963  1025 E BOOTPROF: 	at com.mediatek.server.MtkSystemServerImpl.addBootEvent(MtkSystemServerImpl.java:322)
03-10 21:48:58.580   963  1025 E BOOTPROF: 	at com.android.server.wm.ActivityMetricsLogger.logAppDisplayed(ActivityMetricsLogger.java:903)
03-10 21:48:58.580   963  1025 E BOOTPROF: 	at com.android.server.wm.ActivityMetricsLogger.lambda$logAppTransitionFinished$2$ActivityMetricsLogger(ActivityMetricsLogger.java:804)
03-10 21:48:58.580   963  1025 E BOOTPROF: 	at com.android.server.wm.-$$Lambda$ActivityMetricsLogger$fTBXciy3VZJ2vTW_ZJXaKfUj7_I.run(Unknown Source:4)
03-10 21:48:58.580   963  1025 E BOOTPROF: 	at android.os.Handler.handleCallback(Handler.java:938)
03-10 21:48:58.580   963  1025 E BOOTPROF: 	at android.os.Handler.dispatchMessage(Handler.java:99)
03-10 21:48:58.580   963  1025 E BOOTPROF: 	at android.os.Looper.loop(Looper.java:223)
03-10 21:48:58.580   963  1025 E BOOTPROF: 	at android.os.HandlerThread.run(HandlerThread.java:67)
03-10 21:48:58.580   963  1025 E BOOTPROF: Caused by: android.system.ErrnoException: open failed: ENOENT (No such file or directory)
03-10 21:48:58.580   963  1025 E BOOTPROF: 	at libcore.io.Linux.open(Native Method)
03-10 21:48:58.580   963  1025 E BOOTPROF: 	at libcore.io.ForwardingOs.open(ForwardingOs.java:166)
03-10 21:48:58.580   963  1025 E BOOTPROF: 	at libcore.io.BlockGuardOs.open(BlockGuardOs.java:254)
03-10 21:48:58.580   963  1025 E BOOTPROF: 	at libcore.io.IoBridge.open(IoBridge.java:478)
03-10 21:48:58.580   963  1025 E BOOTPROF: 	... 10 more
03-10 21:48:58.642   963  1363 D MtkConnectivityService: requestNetwork for uid/pid:10106/9904 NetworkRequest [ TRACK_DEFAULT id=92, [ Capabilities: INTERNET&NOT_RESTRICTED&TRUSTED Uid: 10106 AdministratorUids: [] RequestorUid: 10106 RequestorPackageName: com.google.android.apps.nbu.files] ]
03-10 21:48:58.643   963  1347 D MtkConnectivityService: NetReassign [92 : null → 100]
03-10 21:48:58.652  1418  1418 I EmergencyButton: mLocateAtNonSecureView = true
03-10 21:48:58.652  1418  1418 I EmergencyButton: ECC Button is located on Notification Keygaurd and OP do not ask to show. So this is a normal case ,we never show it.
03-10 21:49:02.776   963  3003 V SettingsProvider: packageValueForCallResult, name = sound_effects_enabled, value : Bundle[{_track_generation=android.util.MemoryIntArray@92, value=1, _generation_index=3, _generation=23}]
03-10 21:49:02.781   963  3003 W UriGrantsManagerService: No permission grants found for com.google.android.apps.nbu.files
03-10 21:49:02.790   963  8851 I ActivityTaskManager: START u0 {act=android.intent.action.OPEN_DOCUMENT_TREE cmp=com.google.android.documentsui/com.android.documentsui.picker.PickActivity (has extras)} from uid 10106
03-10 21:49:02.802   963  8851 D DuraSpeed: onAppSwitched, packageName:com.google.android.documentsui
03-10 21:49:02.814   963  8851 W ActivityTaskManager: Tried to set launchTime (0) < mLastActivityLaunchTime (151805)
03-10 21:49:02.818   963  8851 W WindowManager: Changing focus fromWindow{be0823b u0 com.google.android.apps.nbu.files/com.google.android.apps.nbu.files.home.HomeActivity} to null displayId=0 Callers=com.android.server.wm.RootWindowContainer.updateFocusedWindowLocked:457 com.android.server.wm.WindowManagerService.updateFocusedWindowLocked:5599 com.android.server.wm.DisplayContent.setFocusedApp:5517 com.android.server.wm.ActivityTaskManagerService.setResumedActivityUncheckLocked:5510 
03-10 21:49:02.897   963  8851 D CompatibilityChangeReporter: Compat change id reported: 141600225; UID 10106; state: ENABLED
03-10 21:49:03.013   963  2591 D CompatibilityChangeReporter: Compat change id reported: 135634846; UID 10121; state: DISABLED
03-10 21:49:03.013   963  2591 D CompatibilityChangeReporter: Compat change id reported: 135754954; UID 10121; state: ENABLED
03-10 21:49:03.013   963  1027 D CompatibilityChangeReporter: Compat change id reported: 143937733; UID 10121; state: ENABLED
03-10 21:49:03.017   963  8851 I WindowManager: Relayout Window{cb367d6 u0 com.google.android.documentsui/com.android.documentsui.picker.PickActivity}: oldVis=4 newVis=0 focusMayChange = true
03-10 21:49:03.021   963  8851 W WindowManager: Changing focus fromnull to Window{cb367d6 u0 com.google.android.documentsui/com.android.documentsui.picker.PickActivity} displayId=0 Callers=com.android.server.wm.RootWindowContainer.updateFocusedWindowLocked:457 com.android.server.wm.WindowManagerService.updateFocusedWindowLocked:5599 com.android.server.wm.WindowManagerService.relayoutWindow:2392 com.android.server.wm.Session.relayout:213 
03-10 21:49:03.028   963  1027 E BOOTPROF: Failure open /proc/bootprof, not found!
03-10 21:49:03.028   963  1027 E BOOTPROF: java.io.FileNotFoundException: /proc/bootprof: open failed: ENOENT (No such file or directory)
03-10 21:49:03.028   963  1027 E BOOTPROF: 	at libcore.io.IoBridge.open(IoBridge.java:492)
03-10 21:49:03.028   963  1027 E BOOTPROF: 	at java.io.FileOutputStream.<init>(FileOutputStream.java:236)
03-10 21:49:03.028   963  1027 E BOOTPROF: 	at java.io.FileOutputStream.<init>(FileOutputStream.java:125)
03-10 21:49:03.028   963  1027 E BOOTPROF: 	at com.mediatek.server.MtkSystemServerImpl.addBootEvent(MtkSystemServerImpl.java:322)
03-10 21:49:03.028   963  1027 E BOOTPROF: 	at com.android.server.am.ProcessList.handleProcessStartedLocked(ProcessList.java:2544)
03-10 21:49:03.028   963  1027 E BOOTPROF: 	at com.android.server.am.ProcessList.handleProcessStartedLocked(ProcessList.java:2508)
03-10 21:49:03.028   963  1027 E BOOTPROF: 	at com.android.server.am.ProcessList.handleProcessStart(ProcessList.java:2077)
03-10 21:49:03.028   963  1027 E BOOTPROF: 	at com.android.server.am.ProcessList.lambda$startProcessLocked$0$ProcessList(ProcessList.java:2007)
03-10 21:49:03.028   963  1027 E BOOTPROF: 	at com.android.server.am.-$$Lambda$ProcessList$jjoaAPSQT_weAnGqu0R0SCcvKqw.run(Unknown Source:22)
03-10 21:49:03.028   963  1027 E BOOTPROF: 	at android.os.Handler.handleCallback(Handler.java:938)
03-10 21:49:03.028   963  1027 E BOOTPROF: 	at android.os.Handler.dispatchMessage(Handler.java:99)
03-10 21:49:03.028   963  1027 E BOOTPROF: 	at android.os.Looper.loop(Looper.java:223)
03-10 21:49:03.028   963  1027 E BOOTPROF: 	at android.os.HandlerThread.run(HandlerThread.java:67)
03-10 21:49:03.028   963  1027 E BOOTPROF: 	at com.android.server.ServiceThread.run(ServiceThread.java:44)
03-10 21:49:03.028   963  1027 E BOOTPROF: Caused by: android.system.ErrnoException: open failed: ENOENT (No such file or directory)
03-10 21:49:03.028   963  1027 E BOOTPROF: 	at libcore.io.Linux.open(Native Method)
03-10 21:49:03.028   963  1027 E BOOTPROF: 	at libcore.io.ForwardingOs.open(ForwardingOs.java:166)
03-10 21:49:03.028   963  1027 E BOOTPROF: 	at libcore.io.BlockGuardOs.open(BlockGuardOs.java:254)
03-10 21:49:03.028   963  1027 E BOOTPROF: 	at libcore.io.IoBridge.open(IoBridge.java:478)
03-10 21:49:03.028   963  1027 E BOOTPROF: 	... 13 more
03-10 21:49:03.028   963  1027 I ActivityManager: Start proc 10025:com.google.android.apps.docs/u0a121 for content provider {com.google.android.apps.docs/com.google.android.apps.docs.storagebackend.StorageBackendContentProvider}
03-10 21:49:03.051   963  1363 V ActivityManager: New death recipient com.android.server.am.ActivityManagerService$AppDeathRecipient@2659cdc for thread android.os.BinderProxy@93701e5
03-10 21:49:03.113   963  1025 E BOOTPROF: Failure open /proc/bootprof, not found!
03-10 21:49:03.113   963  1025 E BOOTPROF: java.io.FileNotFoundException: /proc/bootprof: open failed: ENOENT (No such file or directory)
03-10 21:49:03.113   963  1025 E BOOTPROF: 	at libcore.io.IoBridge.open(IoBridge.java:492)
03-10 21:49:03.113   963  1025 E BOOTPROF: 	at java.io.FileOutputStream.<init>(FileOutputStream.java:236)
03-10 21:49:03.113   963  1025 E BOOTPROF: 	at java.io.FileOutputStream.<init>(FileOutputStream.java:125)
03-10 21:49:03.113   963  1025 E BOOTPROF: 	at com.mediatek.server.MtkSystemServerImpl.addBootEvent(MtkSystemServerImpl.java:322)
03-10 21:49:03.113   963  1025 E BOOTPROF: 	at com.android.server.wm.ActivityMetricsLogger.logAppDisplayed(ActivityMetricsLogger.java:903)
03-10 21:49:03.113   963  1025 E BOOTPROF: 	at com.android.server.wm.ActivityMetricsLogger.lambda$logAppTransitionFinished$2$ActivityMetricsLogger(ActivityMetricsLogger.java:804)
03-10 21:49:03.113   963  1025 E BOOTPROF: 	at com.android.server.wm.-$$Lambda$ActivityMetricsLogger$fTBXciy3VZJ2vTW_ZJXaKfUj7_I.run(Unknown Source:4)
03-10 21:49:03.113   963  1025 E BOOTPROF: 	at android.os.Handler.handleCallback(Handler.java:938)
03-10 21:49:03.113   963  1025 E BOOTPROF: 	at android.os.Handler.dispatchMessage(Handler.java:99)
03-10 21:49:03.113   963  1025 E BOOTPROF: 	at android.os.Looper.loop(Looper.java:223)
03-10 21:49:03.113   963  1025 E BOOTPROF: 	at android.os.HandlerThread.run(HandlerThread.java:67)
03-10 21:49:03.113   963  1025 E BOOTPROF: Caused by: android.system.ErrnoException: open failed: ENOENT (No such file or directory)
03-10 21:49:03.113   963  1025 E BOOTPROF: 	at libcore.io.Linux.open(Native Method)
03-10 21:49:03.113   963  1025 E BOOTPROF: 	at libcore.io.ForwardingOs.open(ForwardingOs.java:166)
03-10 21:49:03.113   963  1025 E BOOTPROF: 	at libcore.io.BlockGuardOs.open(BlockGuardOs.java:254)
03-10 21:49:03.113   963  1025 E BOOTPROF: 	at libcore.io.IoBridge.open(IoBridge.java:478)
03-10 21:49:03.113   963  1025 E BOOTPROF: 	... 10 more
03-10 21:49:03.314   963  1363 V SettingsProvider: packageValueForCallResult, name = null, value : Bundle[{_track_generation=android.util.MemoryIntArray@92, value=null, _generation_index=0, _generation=59}]
03-10 21:49:03.569   963  1347 D MtkConnectivityService: releasing NetworkRequest [ TRACK_DEFAULT id=92, [ Capabilities: INTERNET&NOT_RESTRICTED&TRUSTED Uid: 10106 AdministratorUids: [] RequestorUid: 10106 RequestorPackageName: com.google.android.apps.nbu.files] ] (release request)
03-10 21:49:03.584  1418  1418 I EmergencyButton: mLocateAtNonSecureView = true
03-10 21:49:03.585  1418  1418 I EmergencyButton: ECC Button is located on Notification Keygaurd and OP do not ask to show. So this is a normal case ,we never show it.
03-10 21:49:04.349   963  1016 I RoleManagerService: Granting default roles...
03-10 21:49:04.482   963   963 I Telecom : DefaultDialerCache: Refreshing default dialer for user 0: now null: DDC.oR@AKg
03-10 21:49:04.864   963  1084 W WindowManager: Changing focus fromWindow{cb367d6 u0 com.google.android.documentsui/com.android.documentsui.picker.PickActivity} to Window{d49d738 u0 com.google.android.documentsui/com.android.documentsui.picker.PickActivity} displayId=0 Callers=com.android.server.wm.RootWindowContainer.updateFocusedWindowLocked:457 com.android.server.wm.WindowManagerService.updateFocusedWindowLocked:5599 com.android.server.wm.WindowManagerService.addWindow:1731 com.android.server.wm.Session.addToDisplayAsUser:176 
03-10 21:49:08.758   963  1363 W WindowManager: Changing focus fromWindow{d49d738 u0 com.google.android.documentsui/com.android.documentsui.picker.PickActivity EXITING} to Window{cb367d6 u0 com.google.android.documentsui/com.android.documentsui.picker.PickActivity} displayId=0 Callers=com.android.server.wm.RootWindowContainer.updateFocusedWindowLocked:457 com.android.server.wm.WindowManagerService.updateFocusedWindowLocked:5599 com.android.server.wm.WindowState.setupWindowForRemoveOnExit:2358 com.android.server.wm.WindowState.removeIfPossible:2327 
03-10 21:49:08.789   963  1363 D DuraSpeed: onAppSwitched, packageName:com.google.android.apps.nbu.files
03-10 21:49:08.797   963  1363 W WindowManager: Changing focus fromWindow{cb367d6 u0 com.google.android.documentsui/com.android.documentsui.picker.PickActivity} to null displayId=0 Callers=com.android.server.wm.RootWindowContainer.updateFocusedWindowLocked:457 com.android.server.wm.WindowManagerService.updateFocusedWindowLocked:5599 com.android.server.wm.DisplayContent.setFocusedApp:5517 com.android.server.wm.ActivityTaskManagerService.setResumedActivityUncheckLocked:5510 
03-10 21:49:08.818   963  1363 D MtkConnectivityService: requestNetwork for uid/pid:10106/9904 NetworkRequest [ TRACK_DEFAULT id=93, [ Capabilities: INTERNET&NOT_RESTRICTED&TRUSTED Uid: 10106 AdministratorUids: [] RequestorUid: 10106 RequestorPackageName: com.google.android.apps.nbu.files] ]
03-10 21:49:08.818   963  1347 D MtkConnectivityService: NetReassign [93 : null → 100]
03-10 21:49:08.823   963  2593 I ActivityTaskManager: START u0 {cmp=com.google.android.apps.nbu.files/.advancedbrowsing.browser.AdvancedBrowsingActivity (has extras)} from uid 10106
03-10 21:49:08.838  1418  1418 I EmergencyButton: mLocateAtNonSecureView = true
03-10 21:49:08.840  1418  1418 I EmergencyButton: ECC Button is located on Notification Keygaurd and OP do not ask to show. So this is a normal case ,we never show it.
03-10 21:49:08.847   963  2593 I WindowManager: Relayout Window{be0823b u0 com.google.android.apps.nbu.files/com.google.android.apps.nbu.files.home.HomeActivity}: oldVis=4 newVis=0 focusMayChange = true
03-10 21:49:08.853   963  2593 W WindowManager: Changing focus fromnull to Window{be0823b u0 com.google.android.apps.nbu.files/com.google.android.apps.nbu.files.home.HomeActivity} displayId=0 Callers=com.android.server.wm.RootWindowContainer.updateFocusedWindowLocked:457 com.android.server.wm.WindowManagerService.updateFocusedWindowLocked:5599 com.android.server.wm.WindowManagerService.relayoutWindow:2392 com.android.server.wm.Session.relayout:213 
03-10 21:49:08.914   963  1084 W ActivityTaskManager: Tried to set launchTime (0) < mLastActivityLaunchTime (1452483)
03-10 21:49:08.916   963  1084 W WindowManager: Changing focus fromWindow{be0823b u0 com.google.android.apps.nbu.files/com.google.android.apps.nbu.files.home.HomeActivity} to null displayId=0 Callers=com.android.server.wm.RootWindowContainer.updateFocusedWindowLocked:457 com.android.server.wm.WindowManagerService.updateFocusedWindowLocked:5599 com.android.server.wm.DisplayContent.setFocusedApp:5517 com.android.server.wm.ActivityTaskManagerService.setResumedActivityUncheckLocked:5510 
03-10 21:49:09.075   963  1084 I WindowManager: Relayout Window{7362d2a u0 com.google.android.apps.nbu.files/com.google.android.apps.nbu.files.advancedbrowsing.browser.AdvancedBrowsingActivity}: oldVis=4 newVis=0 focusMayChange = true
03-10 21:49:09.080   963  1084 W WindowManager: Changing focus fromnull to Window{7362d2a u0 com.google.android.apps.nbu.files/com.google.android.apps.nbu.files.advancedbrowsing.browser.AdvancedBrowsingActivity} displayId=0 Callers=com.android.server.wm.RootWindowContainer.updateFocusedWindowLocked:457 com.android.server.wm.WindowManagerService.updateFocusedWindowLocked:5599 com.android.server.wm.WindowManagerService.relayoutWindow:2392 com.android.server.wm.Session.relayout:213 
03-10 21:49:09.119   963  1025 E BOOTPROF: Failure open /proc/bootprof, not found!
03-10 21:49:09.119   963  1025 E BOOTPROF: java.io.FileNotFoundException: /proc/bootprof: open failed: ENOENT (No such file or directory)
03-10 21:49:09.119   963  1025 E BOOTPROF: 	at libcore.io.IoBridge.open(IoBridge.java:492)
03-10 21:49:09.119   963  1025 E BOOTPROF: 	at java.io.FileOutputStream.<init>(FileOutputStream.java:236)
03-10 21:49:09.119   963  1025 E BOOTPROF: 	at java.io.FileOutputStream.<init>(FileOutputStream.java:125)
03-10 21:49:09.119   963  1025 E BOOTPROF: 	at com.mediatek.server.MtkSystemServerImpl.addBootEvent(MtkSystemServerImpl.java:322)
03-10 21:49:09.119   963  1025 E BOOTPROF: 	at com.android.server.wm.ActivityMetricsLogger.logAppDisplayed(ActivityMetricsLogger.java:903)
03-10 21:49:09.119   963  1025 E BOOTPROF: 	at com.android.server.wm.ActivityMetricsLogger.lambda$logAppTransitionFinished$2$ActivityMetricsLogger(ActivityMetricsLogger.java:804)
03-10 21:49:09.119   963  1025 E BOOTPROF: 	at com.android.server.wm.-$$Lambda$ActivityMetricsLogger$fTBXciy3VZJ2vTW_ZJXaKfUj7_I.run(Unknown Source:4)
03-10 21:49:09.119   963  1025 E BOOTPROF: 	at android.os.Handler.handleCallback(Handler.java:938)
03-10 21:49:09.119   963  1025 E BOOTPROF: 	at android.os.Handler.dispatchMessage(Handler.java:99)
03-10 21:49:09.119   963  1025 E BOOTPROF: 	at android.os.Looper.loop(Looper.java:223)
03-10 21:49:09.119   963  1025 E BOOTPROF: 	at android.os.HandlerThread.run(HandlerThread.java:67)
03-10 21:49:09.119   963  1025 E BOOTPROF: Caused by: android.system.ErrnoException: open failed: ENOENT (No such file or directory)
03-10 21:49:09.119   963  1025 E BOOTPROF: 	at libcore.io.Linux.open(Native Method)
03-10 21:49:09.119   963  1025 E BOOTPROF: 	at libcore.io.ForwardingOs.open(ForwardingOs.java:166)
03-10 21:49:09.119   963  1025 E BOOTPROF: 	at libcore.io.BlockGuardOs.open(BlockGuardOs.java:254)
03-10 21:49:09.119   963  1025 E BOOTPROF: 	at libcore.io.IoBridge.open(IoBridge.java:478)
03-10 21:49:09.119   963  1025 E BOOTPROF: 	... 10 more
03-10 21:49:13.870   963  2593 W WindowManager: Changing focus fromWindow{7362d2a u0 com.google.android.apps.nbu.files/com.google.android.apps.nbu.files.advancedbrowsing.browser.AdvancedBrowsingActivity} to Window{5d584b6 u0 PopupWindow:6173061} displayId=0 Callers=com.android.server.wm.RootWindowContainer.updateFocusedWindowLocked:457 com.android.server.wm.WindowManagerService.updateFocusedWindowLocked:5599 com.android.server.wm.WindowManagerService.addWindow:1731 com.android.server.wm.Session.addToDisplayAsUser:176 
03-10 21:49:15.577   963  1363 W WindowManager: Changing focus fromWindow{5d584b6 u0 PopupWindow:6173061} to Window{7362d2a u0 com.google.android.apps.nbu.files/com.google.android.apps.nbu.files.advancedbrowsing.browser.AdvancedBrowsingActivity} displayId=0 Callers=com.android.server.wm.RootWindowContainer.updateFocusedWindowLocked:457 com.android.server.wm.WindowManagerService.updateFocusedWindowLocked:5599 com.android.server.wm.WindowManagerService.relayoutWindow:2392 com.android.server.wm.Session.relayout:213 
03-10 21:49:16.605   963  1363 W WindowManager: Changing focus fromWindow{7362d2a u0 com.google.android.apps.nbu.files/com.google.android.apps.nbu.files.advancedbrowsing.browser.AdvancedBrowsingActivity} to null displayId=0 Callers=com.android.server.wm.RootWindowContainer.updateFocusedWindowLocked:457 com.android.server.wm.WindowManagerService.updateFocusedWindowLocked:5599 com.android.server.wm.DisplayContent.setFocusedApp:5517 com.android.server.wm.ActivityTaskManagerService.setResumedActivityUncheckLocked:5510 
03-10 21:49:16.632   963  5651 I WindowManager: Relayout Window{be0823b u0 com.google.android.apps.nbu.files/com.google.android.apps.nbu.files.home.HomeActivity}: oldVis=4 newVis=0 focusMayChange = true
03-10 21:49:16.636   963  5651 W WindowManager: Changing focus fromnull to Window{be0823b u0 com.google.android.apps.nbu.files/com.google.android.apps.nbu.files.home.HomeActivity} displayId=0 Callers=com.android.server.wm.RootWindowContainer.updateFocusedWindowLocked:457 com.android.server.wm.WindowManagerService.updateFocusedWindowLocked:5599 com.android.server.wm.WindowManagerService.relayoutWindow:2392 com.android.server.wm.Session.relayout:213 
03-10 21:49:19.024   963  3003 I WindowManager: Relayout Window{c45acd2 u0 NotificationShade}: oldVis=4 newVis=0 focusMayChange = true
03-10 21:49:19.050   963  3003 W WindowManager: Changing focus fromWindow{be0823b u0 com.google.android.apps.nbu.files/com.google.android.apps.nbu.files.home.HomeActivity} to Window{c45acd2 u0 NotificationShade} displayId=0 Callers=com.android.server.wm.RootWindowContainer.updateFocusedWindowLocked:457 com.android.server.wm.WindowManagerService.updateFocusedWindowLocked:5599 com.android.server.wm.WindowManagerService.relayoutWindow:2392 com.android.server.wm.Session.relayout:213 
--------- beginning of main
03-10 21:49:19.553  9817  9817 D BoundBrokerSvc: onUnbind: Intent { act=com.google.android.gms.feedback.internal.IFeedbackService cmp=com.google.android.gms/.chimera.GmsBoundBrokerService }
03-10 21:49:19.573   586   759 D hwcomposer: (0:2) Layer+ (mva=0x0/sec=0/prot=0/alpha=1:0xff/blend=0002/dim=0/fmt=4868/range=1(20000000)/x=0 y=0 w=1200 h=2000 s=1200,2000 -> x=0 y=0 w=1200 h=2000/layer_type=0 ext_layer=-1 ds=0 fbdc=0) =
03-10 21:49:19.573   586   759 D hwcomposer: (0:3) Layer+ (mva=0x0/sec=0/prot=0/alpha=1:0xff/blend=0002/dim=0/fmt=4868/range=1(20000000)/x=0 y=0 w=72 h=2000 s=80,2000 -> x=1128 y=0 w=72 h=2000/layer_type=0 ext_layer=-1 ds=0 fbdc=0) =
03-10 21:49:20.038   842  9627 I MtkCam/P1NodeImp: [deliverLoop] [Cam::0] Delivery(2000000000) NumList[0] NodeQueue[0]
03-10 21:49:20.038   842  9627 I MtkCam/P1NodeUtility: [analyze] [Cam::0] [::P1_LOG_NOTE::] ++++++++ ++++++++ ++++++++ ++++++++ ++++++++ ++++++++ ++++++++ ++++++++ ++++++++ ++++++++ ++++++++ ++++++++ ++++++++ ++++++++ ++++++++ ++++++++
03-10 21:49:20.038   842  9627 I MtkCam/P1NodeUtility: [analyze] [Cam::0] [::P1_LOG_NOTE::] ClueCode_ALL[0x100000000000]
03-10 21:49:20.038   842  9627 I MtkCam/P1NodeUtility: [analyze] [Cam::0] [::P1_LOG_NOTE::] ClueCode-bit[0x100000000000] = [CcDeduce_UninitNotCalledAfterFlush] the API function uninit() is not called after flush() done and the user also did not queue() acceptable request again  - reference tag <ApiFlush+++> <ApiFlush---> <ApiUninit+++> <ApiUninit---> <Queue@Arrive> <Queue@Accept> <Queue@REV> <Queue@RET>  
03-10 21:49:20.038   842  9627 I MtkCam/P1NodeUtility: [analyze] [Cam::0] [::P1_LOG_NOTE::] [ 21:43:16.862277_00842-07655= <Queue@Arrive> FrameNum(1116) RequestNum(1117) (0) (0) ] 
03-10 21:49:20.038   842  9627 I MtkCam/P1NodeUtility: [analyze] [Cam::0] [::P1_LOG_NOTE::] [ 21:43:16.862290_00842-07655= <Queue@Accept> FrameNum(1116) RequestNum(1117) IsAccepted(0) ReceivingResult(3) ] 
03-10 21:49:20.038   842  9627 I MtkCam/P1NodeUtility: [analyze] [Cam::0] [::P1_LOG_NOTE::] [ 21:43:16.791636_00842-07655= <Queue@REV> FrameNum(1115) RequestNum(1116) (0) (0) ] 
03-10 21:49:20.038   842  9627 I MtkCam/P1NodeUtility: [analyze] [Cam::0] [::P1_LOG_NOTE::] [ 21:43:16.792225_00842-07655= <Queue@RET> FrameNum(1115) RequestNum(1116) (0) (0) ] 
03-10 21:49:20.038   842  9627 I MtkCam/P1NodeUtility: [analyze] [Cam::0] [::P1_LOG_NOTE::] [ 21:43:16.862700_00842-00954= <ApiFlush+++> (0) (0) (0) (0) ] 
03-10 21:49:20.038   842  9627 I MtkCam/P1NodeUtility: [analyze] [Cam::0] [::P1_LOG_NOTE::] [ 21:43:16.909436_00842-00954= <ApiFlush---> (0) (0) (0) (0) ] 
03-10 21:49:20.038   842  9627 I MtkCam/P1NodeUtility: [analyze] [Cam::0] [::P1_LOG_NOTE::] [ 19:00:00.000000_00000-00000= <ApiUninit+++> (0) (0) (0) (0) ] 
03-10 21:49:20.038   842  9627 I MtkCam/P1NodeUtility: [analyze] [Cam::0] [::P1_LOG_NOTE::] [ 19:00:00.000000_00000-00000= <ApiUninit---> (0) (0) (0) (0) ] 
03-10 21:49:20.038   842  9627 I MtkCam/P1NodeUtility: [analyze] [Cam::0] [::P1_LOG_NOTE::] -------- -------- -------- -------- -------- -------- -------- -------- -------- -------- -------- -------- -------- -------- -------- --------
03-10 21:49:20.038   842  9627 I MtkCam/P1NodeUtility: [inspect] [Cam::0] [::P1_LOG_DUMP::] [Burst:1][Type:8] check since no more frame delivery
03-10 21:49:20.038   842  9627 I MtkCam/P1NodeUtility: [inspect] [Cam::0] [::P1_LOG_DUMP::] ++++++++ ++++++++ ++++++++ ++++++++ ++++++++ ++++++++ ++++++++ ++++++++ ++++++++ ++++++++ ++++++++ ++++++++ ++++++++ ++++++++ ++++++++ ++++++++
03-10 21:49:20.038   842  9627 I MtkCam/P1NodeUtility: [inspect] [Cam::0] [::P1_LOG_DUMP::] [ 21:43:16.862277_00842-07655= <Queue@Arrive> FrameNum(1116) RequestNum(1117) (0) (0) ] 
03-10 21:49:20.038   842  9627 I MtkCam/P1NodeUtility: [inspect] [Cam::0] [::P1_LOG_DUMP::] [ 21:43:16.862290_00842-07655= <Queue@Accept> FrameNum(1116) RequestNum(1117) IsAccepted(0) ReceivingResult(3) ] 
03-10 21:49:20.038   842  9627 I MtkCam/P1NodeUtility: [inspect] [Cam::0] [::P1_LOG_DUMP::] [ 21:43:16.791636_00842-07655= <Queue@REV> FrameNum(1115) RequestNum(1116) (0) (0) ] 
03-10 21:49:20.038   842  9627 I MtkCam/P1NodeUtility: [inspect] [Cam::0] [::P1_LOG_DUMP::] [ 21:43:16.792225_00842-07655= <Queue@RET> FrameNum(1115) RequestNum(1116) (0) (0) ] 
03-10 21:49:20.038   842  9627 I MtkCam/P1NodeUtility: [inspect] [Cam::0] [::P1_LOG_DUMP::] [ 21:43:16.791513_00842-09557= <ReqNotify+++> LastFrameNum(1114) LastRequestNum(1115) PipelineCbButNotQueueCnt(1) (0) ] 
03-10 21:49:20.038   842  9627 I MtkCam/P1NodeUtility: [inspect] [Cam::0] [::P1_LOG_DUMP::] [ 21:43:16.791603_00842-09557= <ReqNotify---> LastFrameNum(1114) LastRequestNum(1115) PipelineCbButNotQueueCnt(1) (0) ] 
03-10 21:49:20.038   842  9627 I MtkCam/P1NodeUtility: [inspect] [Cam::0] [::P1_LOG_DUMP::] [ 21:43:16.791456_00842-09557= <3A_CB_SYNC@REV> MsgType(4) (0) (0) (0) ] 
03-10 21:49:20.038   842  9627 I MtkCam/P1NodeUtility: [inspect] [Cam::0] [::P1_LOG_DUMP::] [ 21:43:16.791858_00842-09557= <3A_CB_SYNC@RET> MsgType(4) Skip(0) (0) (0) ] 
03-10 21:49:20.038   842  9627 I MtkCam/P1NodeUtility: [inspect] [Cam::0] [::P1_LOG_DUMP::] [ 21:43:16.795390_00842-09557= <3A_CB_PROC@REV> MsgType(0) MagicNum(1116) SofIdx(92) (0) ] 
03-10 21:49:20.038   842  9627 I MtkCam/P1NodeUtility: [inspect] [Cam::0] [::P1_LOG_DUMP::] [ 21:43:16.795975_00842-09557= <3A_CB_PROC@RET> MsgType(0) Skip(0) (0) (0) ] 
03-10 21:49:20.038   842  9627 I MtkCam/P1NodeUtility: [inspect] [Cam::0] [::P1_LOG_DUMP::] [ 21:41:25.197083_00842-07655= <3A.StartSet+++> Type(0) MagicNum(2) (0) (0) ] 
03-10 21:49:20.039   842  9627 I MtkCam/P1NodeUtility: [inspect] [Cam::0] [::P1_LOG_DUMP::] [ 21:41:25.197741_00842-07655= <3A.StartSet---> Type(0) MagicNum(2) (0) (0) ] 
03-10 21:49:20.039   842  9627 I MtkCam/P1NodeUtility: [inspect] [Cam::0] [::P1_LOG_DUMP::] [ 21:43:16.791961_00842-07655= <3A.PreSet+++> PreSetKey(1117) Dummy(0) FrameNum(1115) RequestNum(1116) ] 
03-10 21:49:20.039   842  9627 I MtkCam/P1NodeUtility: [inspect] [Cam::0] [::P1_LOG_DUMP::] [ 21:43:16.792180_00842-07655= <3A.PreSet---> PreSetKey(1117) Dummy(0) FrameNum(1115) RequestNum(1116) ] 
03-10 21:49:20.039   842  9627 I MtkCam/P1NodeUtility: [inspect] [Cam::0] [::P1_LOG_DUMP::] [ 21:43:16.791619_00842-09557= <3A.Set+++> PreSetKey(1116) MagicNum(1116) FrameNum(1114) RequestNum(1115) ] 
03-10 21:49:20.039   842  9627 I MtkCam/P1NodeUtility: [inspect] [Cam::0] [::P1_LOG_DUMP::] [ 21:43:16.791814_00842-09557= <3A.Set---> PreSetKey(1116) MagicNum(1116) FrameNum(1114) RequestNum(1115) ] 
03-10 21:49:20.039   842  9627 I MtkCam/P1NodeUtility: [inspect] [Cam::0] [::P1_LOG_DUMP::] [ 21:43:16.896462_00842-09627= <AcqBuf+++> StreamNum(7) StreamId(4294967299) FrameNum(1115) RequestNum(1116) ] 
03-10 21:49:20.039   842  9627 I MtkCam/P1NodeUtility: [inspect] [Cam::0] [::P1_LOG_DUMP::] [ 21:43:16.896498_00842-09627= <AcqBuf---> StreamNum(7) StreamId(4294967299) FrameNum(1115) RequestNum(1116) ] 
03-10 21:49:20.039   842  9627 I MtkCam/P1NodeUtility: [inspect] [Cam::0] [::P1_LOG_DUMP::] [ 21:43:16.795873_00842-09557= <DRV.EnQ+++> MagicNum(1116) FrameNum(1114) RequestNum(1115) SofIdx(92) ] 
03-10 21:49:20.039   842  9627 I MtkCam/P1NodeUtility: [inspect] [Cam::0] [::P1_LOG_DUMP::] [ 21:43:16.795957_00842-09557= <DRV.EnQ---> MagicNum(1116) FrameNum(1114) RequestNum(1115) SofIdx(92) ] 
03-10 21:49:20.039   842  9627 I MtkCam/P1NodeUtility: [inspect] [Cam::0] [::P1_LOG_DUMP::] [ 21:43:16.826934_00842-09623= <DRV.DeQ+++> (0) (0) (0) (0) ] 
03-10 21:49:20.039   842  9627 I MtkCam/P1NodeUtility: [inspect] [Cam::0] [::P1_LOG_DUMP::] [ 21:43:16.892048_00842-09623= <DRV.DeQ---> ResultMagicNum(0) (0) (0) (0) ] 
03-10 21:49:20.039   842  9627 I MtkCam/P1NodeUtility: [inspect] [Cam::0] [::P1_LOG_DUMP::] [ 21:43:16.825340_00842-09623= <3A.Get+++> MagicNum(1114) FrameNum(1112) RequestNum(1113) (0) ] 
03-10 21:49:20.039   842  9627 I MtkCam/P1NodeUtility: [inspect] [Cam::0] [::P1_LOG_DUMP::] [ 21:43:16.825457_00842-09623= <3A.Get---> MagicNum(1114) FrameNum(1112) RequestNum(1113) (0) ] 
03-10 21:49:20.039   842  9627 I MtkCam/P1NodeUtility: [inspect] [Cam::0] [::P1_LOG_DUMP::] [ 19:00:00.000000_00000-00000= <3A.GetCur+++> MagicNum(0) FrameNum(0) RequestNum(0) (0) ] 
03-10 21:49:20.039   842  9627 I MtkCam/P1NodeUtility: [inspect] [Cam::0] [::P1_LOG_DUMP::] [ 19:00:00.000000_00000-00000= <3A.GetCur---> MagicNum(0) FrameNum(0) RequestNum(0) (0) ] 
03-10 21:49:20.039   842  9627 I MtkCam/P1NodeUtility: [inspect] [Cam::0] [::P1_LOG_DUMP::] [ 21:43:16.825463_00842-09623= <ISP.Get+++> MagicNum(1114) FrameNum(1112) RequestNum(1113) (0) ] 
03-10 21:49:20.039   842  9627 I MtkCam/P1NodeUtility: [inspect] [Cam::0] [::P1_LOG_DUMP::] [ 21:43:16.825467_00842-09623= <ISP.Get---> MagicNum(1114) FrameNum(1112) RequestNum(1113) (0) ] 
03-10 21:49:20.039   842  9627 I MtkCam/P1NodeUtility: [inspect] [Cam::0] [::P1_LOG_DUMP::] [ 19:00:00.000000_00000-00000= <ISP.GetCur+++> MagicNum(0) FrameNum(0) RequestNum(0) (0) ] 
03-10 21:49:20.039   842  9627 I MtkCam/P1NodeUtility: [inspect] [Cam::0] [::P1_LOG_DUMP::] [ 19:00:00.000000_00000-00000= <ISP.GetCur---> MagicNum(0) FrameNum(0) RequestNum(0) (0) ] 
03-10 21:49:20.039   842  9627 I MtkCam/P1NodeUtility: [inspect] [Cam::0] [::P1_LOG_DUMP::] [ 19:00:00.000000_00000-00000= <SYNC.syncResultCheck+++> MagicNum(0) FrameNum(0) RequestNum(0) (0) ] 
03-10 21:49:20.039   842  9627 I MtkCam/P1NodeUtility: [inspect] [Cam::0] [::P1_LOG_DUMP::] [ 19:00:00.000000_00000-00000= <SYNC.syncResultCheck---> MagicNum(0) FrameNum(0) RequestNum(0) (0) ] 
03-10 21:49:20.039   842  9627 I MtkCam/P1NodeUtility: [inspect] [Cam::0] [::P1_LOG_DUMP::] [ 21:43:16.896786_00842-09627= <DispatchNext+++> MagicNum(1117) FrameNum(1115) RequestNum(1116) (0) ] 
03-10 21:49:20.039   842  9627 I MtkCam/P1NodeUtility: [inspect] [Cam::0] [::P1_LOG_DUMP::] [ 21:43:16.898384_00842-09627= <DispatchNext---> MagicNum(1117) FrameNum(1115) RequestNum(1116) (0) ] 
03-10 21:49:20.039   842  9627 I MtkCam/P1NodeUtility: [inspect] [Cam::0] [::P1_LOG_DUMP::] [ 21:41:25.132285_00842-09621= <OpStart+++> BurstMode(1) StartCap(0) InitReq(0) (0) ] 
03-10 21:49:20.039   842  9627 I MtkCam/P1NodeUtility: [inspect] [Cam::0] [::P1_LOG_DUMP::] [ 21:41:25.168323_00842-09621= <OpStart.3aPwrOn+++> (0) (0) (0) (0) ] 
03-10 21:49:20.039   842  9627 I MtkCam/P1NodeUtility: [inspect] [Cam::0] [::P1_LOG_DUMP::] [ 21:41:25.168438_00842-09621= <OpStart.3aPwrOn---> (0) (0) (0) (0) ] 
03-10 21:49:20.039   842  9627 I MtkCam/P1NodeUtility: [inspect] [Cam::0] [::P1_LOG_DUMP::] [ 21:41:25.168624_00842-09621= <OpStart.3aCfg+++> (0) (0) (0) (0) ] 
03-10 21:49:20.039   842  9627 I MtkCam/P1NodeUtility: [inspect] [Cam::0] [::P1_LOG_DUMP::] [ 21:41:25.172150_00842-09621= <OpStart.3aCfg---> (0) (0) (0) (0) ] 
03-10 21:49:20.040   842  9627 I MtkCam/P1NodeUtility: [inspect] [Cam::0] [::P1_LOG_DUMP::] [ 21:41:25.172470_00842-09621= <OpStart.3aStart+++> (0) (0) (0) (0) ] 
03-10 21:49:20.040   842  9627 I MtkCam/P1NodeUtility: [inspect] [Cam::0] [::P1_LOG_DUMP::] [ 21:41:25.180152_00842-09621= <OpStart.3aStart---> (0) (0) (0) (0) ] 
03-10 21:49:20.040   842  9627 I MtkCam/P1NodeUtility: [inspect] [Cam::0] [::P1_LOG_DUMP::] [ 21:41:25.172160_00842-09621= <OpStart.ISPCfg+++> (0) (0) (0) (0) ] 
03-10 21:49:20.040   842  9627 I MtkCam/P1NodeUtility: [inspect] [Cam::0] [::P1_LOG_DUMP::] [ 21:41:25.172203_00842-09621= <OpStart.ISPCfg---> (0) (0) (0) (0) ] 
03-10 21:49:20.040   842  9627 I MtkCam/P1NodeUtility: [inspect] [Cam::0] [::P1_LOG_DUMP::] [ 21:41:25.180154_00842-09621= <OpStart.ISPStart+++> (0) (0) (0) (0) ] 
03-10 21:49:20.040   842  9627 I MtkCam/P1NodeUtility: [inspect] [Cam::0] [::P1_LOG_DUMP::] [ 21:41:25.180202_00842-09621= <OpStart.ISPStart---> (0) (0) (0) (0) ] 
03-10 21:49:20.040   842  9627 I MtkCam/P1NodeUtility: [inspect] [Cam::0] [::P1_LOG_DUMP::] [ 21:41:25.132449_00842-09621= <OpStart.DrvInit+++> (0) (0) (0) (0) ] 
03-10 21:49:20.040   842  9627 I MtkCam/P1NodeUtility: [inspect] [Cam::0] [::P1_LOG_DUMP::] [ 21:41:25.134464_00842-09621= <OpStart.DrvInit---> (0) (0) (0) (0) ] 
03-10 21:49:20.040   842  9627 I MtkCam/P1NodeUtility: [inspect] [Cam::0] [::P1_LOG_DUMP::] [ 21:41:25.135084_00842-09621= <OpStart.DrvCfg+++> (0) (0) (0) (0) ] 
03-10 21:49:20.040   842  9627 I MtkCam/P1NodeUtility: [inspect] [Cam::0] [::P1_LOG_DUMP::] [ 21:41:25.168194_00842-09621= <OpStart.DrvCfg---> (0) (0) (0) (0) ] 
03-10 21:49:20.040   842  9627 I MtkCam/P1NodeUtility: [inspect] [Cam::0] [::P1_LOG_DUMP::] [ 21:41:25.181121_00842-09621= <OpStart.DrvStart+++> (0) (0) (0) (0) ] 
03-10 21:49:20.040   842  9627 I MtkCam/P1NodeUtility: [inspect] [Cam::0] [::P1_LOG_DUMP::] [ 21:41:25.181907_00842-09621= <OpStart.DrvStart---> (0) (0) (0) (0) ] 
03-10 21:49:20.040   842  9627 I MtkCam/P1NodeUtility: [inspect] [Cam::0] [::P1_LOG_DUMP::] [ 19:00:00.000000_00000-00000= <OpStart.ReqWait+++> Type(0) (0) (0) (0) ] 
03-10 21:49:20.040   842  9627 I MtkCam/P1NodeUtility: [inspect] [Cam::0] [::P1_LOG_DUMP::] [ 19:00:00.000000_00000-00000= <OpStart.ReqWait---> Type(0) (0) (0) (0) ] 
03-10 21:49:20.040   842  9627 I MtkCam/P1NodeUtility: [inspect] [Cam::0] [::P1_LOG_DUMP::] [ 21:41:25.182031_00842-09621= <OpStart---> BurstMode(1) StartCap(0) InitReq(0) Type(0) ] 
03-10 21:49:20.040   842  9627 I MtkCam/P1NodeUtility: [inspect] [Cam::0] [::P1_LOG_DUMP::] [ 21:43:16.862721_00842-00954= <OpStop+++> LastFrameNum(1115) LastRequestNum(1116) PipelineCbButNotQueueCnt(0) (0) ] 
03-10 21:49:20.040   842  9627 I MtkCam/P1NodeUtility: [inspect] [Cam::0] [::P1_LOG_DUMP::] [ 21:43:16.906271_00842-00954= <OpStop.3aPwrOff+++> (0) (0) (0) (0) ] 
03-10 21:49:20.040   842  9627 I MtkCam/P1NodeUtility: [inspect] [Cam::0] [::P1_LOG_DUMP::] [ 21:43:16.906354_00842-00954= <OpStop.3aPwrOff---> (0) (0) (0) (0) ] 
03-10 21:49:20.040   842  9627 I MtkCam/P1NodeUtility: [inspect] [Cam::0] [::P1_LOG_DUMP::] [ 21:43:16.862726_00842-00954= <OpStop.3aStopStt+++> (0) (0) (0) (0) ] 
03-10 21:49:20.040   842  9627 I MtkCam/P1NodeUtility: [inspect] [Cam::0] [::P1_LOG_DUMP::] [ 21:43:16.863509_00842-00954= <OpStop.3aStopStt---> (0) (0) (0) (0) ] 
03-10 21:49:20.040   842  9627 I MtkCam/P1NodeUtility: [inspect] [Cam::0] [::P1_LOG_DUMP::] [ 21:43:16.892211_00842-00954= <OpStop.3aStop+++> (0) (0) (0) (0) ] 
03-10 21:49:20.040   842  9627 I MtkCam/P1NodeUtility: [inspect] [Cam::0] [::P1_LOG_DUMP::] [ 21:43:16.906188_00842-00954= <OpStop.3aStop---> (0) (0) (0) (0) ] 
03-10 21:49:20.040   842  9627 I MtkCam/P1NodeUtility: [inspect] [Cam::0] [::P1_LOG_DUMP::] [ 21:43:16.906191_00842-00954= <OpStop.ISPStop+++> (0) (0) (0) (0) ] 
03-10 21:49:20.040   842  9627 I MtkCam/P1NodeUtility: [inspect] [Cam::0] [::P1_LOG_DUMP::] [ 21:43:16.906270_00842-00954= <OpStop.ISPStop---> (0) (0) (0) (0) ] 
03-10 21:49:20.040   842  9627 I MtkCam/P1NodeUtility: [inspect] [Cam::0] [::P1_LOG_DUMP::] [ 21:43:16.906691_00842-00954= <OpStop.DrvUninit+++> (0) (0) (0) (0) ] 
03-10 21:49:20.040   842  9627 I MtkCam/P1NodeUtility: [inspect] [Cam::0] [::P1_LOG_DUMP::] [ 21:43:16.908729_00842-00954= <OpStop.DrvUninit---> (0) (0) (0) (0) ] 
03-10 21:49:20.040   842  9627 I MtkCam/P1NodeUtility: [inspect] [Cam::0] [::P1_LOG_DUMP::] [ 21:43:16.863513_00842-00954= <OpStop.DrvStop+++> (0) (0) (0) (0) ] 
03-10 21:49:20.040   842  9627 I MtkCam/P1NodeUtility: [inspect] [Cam::0] [::P1_LOG_DUMP::] [ 21:43:16.892047_00842-00954= <OpStop.DrvStop---> IsAbort(0) (0) (0) (0) ] 
03-10 21:49:20.040   842  9627 I MtkCam/P1NodeUtility: [inspect] [Cam::0] [::P1_LOG_DUMP::] [ 21:43:16.892049_00842-00954= <OpStop.HwLock+++> (0) (0) (0) (0) ] 
03-10 21:49:20.040   842  9627 I MtkCam/P1NodeUtility: [inspect] [Cam::0] [::P1_LOG_DUMP::] [ 21:43:16.892073_00842-00954= <OpStop.HwLock---> (0) (0) (0) (0) ] 
03-10 21:49:20.040   842  9627 I MtkCam/P1NodeUtility: [inspect] [Cam::0] [::P1_LOG_DUMP::] [ 21:43:16.909405_00842-00954= <OpStop---> LastFrameNum(1115) LastRequestNum(1116) PipelineCbButNotQueueCnt(0) (0) ] 
03-10 21:49:20.040   842  9627 I MtkCam/P1NodeUtility: [inspect] [Cam::0] [::P1_LOG_DUMP::] [ 21:43:16.862700_00842-00954= <ApiFlush+++> (0) (0) (0) (0) ] 
03-10 21:49:20.040   842  9627 I MtkCam/P1NodeUtility: [inspect] [Cam::0] [::P1_LOG_DUMP::] [ 21:43:16.909436_00842-00954= <ApiFlush---> (0) (0) (0) (0) ] 
03-10 21:49:20.040   842  9627 I MtkCam/P1NodeUtility: [inspect] [Cam::0] [::P1_LOG_DUMP::] [ 19:00:00.000000_00000-00000= <ApiUninit+++> (0) (0) (0) (0) ] 
03-10 21:49:20.041   842  9627 I MtkCam/P1NodeUtility: [inspect] [Cam::0] [::P1_LOG_DUMP::] [ 19:00:00.000000_00000-00000= <ApiUninit---> (0) (0) (0) (0) ] 
03-10 21:49:20.041   842  9627 I MtkCam/P1NodeUtility: [inspect] [Cam::0] [::P1_LOG_DUMP::] -------- -------- -------- -------- -------- -------- -------- -------- -------- -------- -------- -------- -------- -------- -------- --------
03-10 21:49:20.624   397   397 I hwservicemanager: getTransport: Cannot find entry vendor.mediatek.hardware.mtkradioex@2.0::IMtkRadioEx/mtkCap1 in either framework or device manifest.
03-10 21:49:20.646   601  2120 I BufferQueueProducer: [NotificationShade#0](this:0xb40000740dc8a0a8,id:163,api:1,p:1418,c:601) queueBuffer: fps=20.55 dur=1605.51 max=1083.69 min=8.17
03-10 21:49:20.650   603   603 W MTK_FG  : fd < 0, init first!
03-10 21:49:20.650   603   603 E MTK_FG  : init failed, return!
03-10 21:49:20.650   603   603 W MTK_FG  : fd < 0, init first!
03-10 21:49:20.650   603   603 E MTK_FG  : init failed, return!
03-10 21:49:20.654   586   586 I hwcomposer: [HWCDisplay] [Display_0 (type:1)] fps:18.991732,dur:1948.22,max:1065.47,min:15.05  
03-10 21:49:20.655   586   759 D hwcomposer: (0:0) Layer+ (mva=0x0/sec=0/prot=0/alpha=0:0xff/blend=0001/dim=0/fmt=2820/range=1(20000000)/x=0 y=0 w=1200 h=2000 s=1200,2000 -> x=0 y=0 w=1200 h=2000/layer_type=0 ext_layer=-1 ds=0 fbdc=0) =
03-10 21:49:20.655   586   759 D hwcomposer: (0:1) Layer+ (mva=0x0/sec=0/prot=0/alpha=1:0xff/blend=0002/dim=0/fmt=4868/range=1(20000000)/x=0 y=0 w=36 h=2000 s=48,2000 -> x=0 y=0 w=36 h=2000/layer_type=0 ext_layer=-1 ds=0 fbdc=0) =
03-10 21:49:20.655   586   759 D hwcomposer: (0:2) Layer+ (mva=0x0/sec=0/prot=0/alpha=1:0xff/blend=0002/dim=0/fmt=4868/range=1(20000000)/x=0 y=0 w=1200 h=2000 s=1200,2000 -> x=0 y=0 w=1200 h=2000/layer_type=0 ext_layer=-1 ds=0 fbdc=0) =
03-10 21:49:20.655   586   759 D hwcomposer: (0:3) Layer+ (mva=0x0/sec=0/prot=0/alpha=1:0xff/blend=0002/dim=0/fmt=4868/range=1(20000000)/x=0 y=0 w=72 h=2000 s=80,2000 -> x=1128 y=0 w=72 h=2000/layer_type=0 ext_layer=-1 ds=0 fbdc=0) =
03-10 21:49:20.672  1418  1418 D KeyguardUpdateMonitor: received broadcast android.intent.action.BATTERY_CHANGED
03-10 21:49:20.690  1418  1418 D KeyguardUpdateMonitor: handleBatteryUpdate
03-10 21:49:20.708  1418  1418 D KeyguardUpdateMonitor: received broadcast android.intent.action.BATTERY_CHANGED
03-10 21:49:20.723  1418  1418 D KeyguardUpdateMonitor: handleBatteryUpdate
03-10 21:49:20.842  1418  1418 V ViewRootImpl[NavigationBar0]: enqueueInputEvent: event = MotionEvent { action=ACTION_OUTSIDE, actionButton=0, id[0]=0, x[0]=1670.1649, y[0]=-116.84265, toolType[0]=TOOL_TYPE_FINGER, buttonState=0, classification=NONE, metaState=0, flags=0x0, edgeFlags=0x0, pointerCount=1, historySize=0, eventTime=1475821, downTime=1475821, deviceId=3, source=0x1002, displayId=0 },processImmediately = true,mProcessInputEventsScheduled = false, this = android.view.ViewRootImpl@c9d44e3
03-10 21:49:20.842   594   704 I libPowerHal: [perfLockAcq] idx:0 hdl:623 hint:25 pid:594 duration:10000 => ret_hdl:623
03-10 21:49:20.842   594   704 I libPowerHal: [PE] scn:0 hdl:623 hint:25 comm:mtkpower@1.0-se pid:594
03-10 21:49:20.842   594   704 I libPowerHal: [PE] MTKPOWER_HINT_APP_TOUCH update cmd:3408600 param:1
03-10 21:49:20.842  1418  1418 V ViewRootImpl[NotificationShade]: enqueueInputEvent: event = MotionEvent { action=ACTION_DOWN, actionButton=0, id[0]=0, x[0]=1670.1649, y[0]=1011.15735, toolType[0]=TOOL_TYPE_FINGER, buttonState=0, classification=NONE, metaState=0, flags=0x0, edgeFlags=0x0, pointerCount=1, historySize=0, eventTime=1475821, downTime=1475821, deviceId=3, source=0x1002, displayId=0 },processImmediately = true,mProcessInputEventsScheduled = false, this = android.view.ViewRootImpl@c7373dd
03-10 21:49:20.975  1418  1418 V ViewRootImpl[NotificationShade]: enqueueInputEvent: event = MotionEvent { action=ACTION_UP, actionButton=0, id[0]=0, x[0]=1670.1649, y[0]=1011.15735, toolType[0]=TOOL_TYPE_FINGER, buttonState=0, classification=NONE, metaState=0, flags=0x0, edgeFlags=0x0, pointerCount=1, historySize=0, eventTime=1475955, downTime=1475821, deviceId=3, source=0x1002, displayId=0 },processImmediately = true,mProcessInputEventsScheduled = false, this = android.view.ViewRootImpl@c7373dd
03-10 21:49:20.976   594   704 I libPowerHal: [perfLockRel] hdl:623, idx:0
03-10 21:49:20.976   594   704 I libPowerHal: [PD] scn:0 hdl:623 hint:25 comm:mtkpower@1.0-se pid:594
03-10 21:49:20.976   594   704 I libPowerHal: [PD] MTKPOWER_HINT_APP_TOUCH update cmd:3408600 param:0
03-10 21:49:20.977   963  1356 V PlayerBase: baseStart() piid=15
03-10 21:49:20.978   963  1356 V AudioService.PlaybackActivityMonitor: playerEvent(piid=15, event=2)
03-10 21:49:20.979   963  1356 D AudioTrack: setVolume(41): 0xb40000792626e410, left = 0.501187, right = 0.501187
03-10 21:49:20.979   963  1356 D AudioTrack: start(41): 0xb40000792626e410, prior state:STATE_STOPPED
03-10 21:49:20.979   597   597 V AudioPolicyIntefaceImpl: startOutput()
03-10 21:49:20.979   597   597 D APM_AudioPolicyManager: [MTK_APM_Output]startOutput() output 29, stream 1, session 161 portId 41
03-10 21:49:20.980   597   597 D AudioPolicyManagerCustomImpl: [MTK_APM_Route]setOutputDevices() mIoHandle 29 mId 7 device 0x2(0x2)(0x1 , 0x2 , 0x4 , 0x8 , 0x10 , 0x20 , 0x40) delayMs 0 force 0 size 4
03-10 21:49:20.982   597   906 D AudioFlinger_Threads: 0xb4000079201d0040:threadLoop_write write data to hw, mixerStatus 2, muted count 1
03-10 21:49:20.982   578  2718 D AudioALSAStreamOut: write(), flag 0x4, mStreamAttributeSource.output_devices = 0x2, set usePolicyDevice from true to false
03-10 21:49:20.983   578  2718 D AudioALSAStreamManager: +syncSharedOutDevice(), routingSharedOutDevice: 0x2, mPhoneCallControllerStatusPolicy: 0
03-10 21:49:20.983   578  2718 D AudioMTKGainController: setNormalVolume(), mSceneIndex = 0, stream 1, devices 0x2, index 8, mode 0x0, gainDevice 0x2
03-10 21:49:20.983   578  2718 D AudioMTKGainController: setSpeakerGain(), gain = 10, spkAnaType = 1, spkLMixerName = Headset_PGAL_GAIN, spkRMixerName = Headset_PGAR_GAIN
03-10 21:49:20.983   578  2718 D AudioALSAStreamOut: open(), flags 4
03-10 21:49:20.983   578  2718 D AudioALSAStreamManager: +createPlaybackHandler(), mAudioMode = 0, output_devices = 0x2, isMixerOut = 0, isBypassAurisys = 0, flag = 4
03-10 21:49:20.983   578  2718 D AudioALSAStreamManager: needEnableVoip(), output_devices = 0x2, flags: 0x4, mAvailableOutputFlags: 0x1000e, enable: 0
03-10 21:49:20.983   963  3003 I system_server: oneway function results will be dropped but finished with status OK and parcel size 4
03-10 21:49:20.983   578  2718 D AudioALSAPlaybackHandlerFast: AudioALSAPlaybackHandlerFast()
03-10 21:49:20.983   578  2718 D AudioALSAPlaybackHandlerFast: +open(), mDevice = 0x2
03-10 21:49:20.983   578  2718 D AudioALSAPlaybackHandlerBase: initLogFlag mlog_flag[0]
03-10 21:49:20.983   578  2718 D AudioALSADeviceParser: compare pcm success = 23, stringpair = MultiMedia2_PLayback
03-10 21:49:20.983   578  2718 D AudioALSAPlaybackHandlerBase: transferAudioFormatToPcmFormat(), audio_format(0x4) => pcm_format(0x1)
03-10 21:49:20.983   578  2718 D AudioALSAPlaybackHandlerFast: open(), mConfig: channels = 2, rate = 48000, period_size = 256, period_count = 2, format = 1, buffer size 4096 2048
03-10 21:49:20.983   578  2718 D AudioALSAPlaybackHandlerBase: CreateAurisysLibManager, ph type: 7, voip: 0, mAurisysScenario: 1
03-10 21:49:20.983   578  2718 D aurisys_utility: input dev: 0x80000004, fmt = 0x3, fs: 48000, max fs: 48000, ch: 2, max ch: 1, ch maks: 0x3, hw_info_mask: 0x0; output dev: 0x2, fmt = 0x3, fs: 48000, max fs: 48000, ch: 2, max ch: 2, ch maks: 0x3, hw_info_mask: 0x4; task_scene: 2, audio_mode: 0, stream_type: 1, output_flags: 0x4, input_source: 0, input_flags: 0x0; network_info: 0, enhancement_feature_mask: 0x0
03-10 21:49:20.983   963  5651 I system_server: oneway function results will be dropped but finished with status OK and parcel size 4
03-10 21:49:20.983   578  2718 D aurisys_utility: lib, working fs: 48000, fmt: 0x3, frame = 0, b_interleave = 1, num_ul_ref_buf_array = 0, num_dl_ref_buf_array = 0
03-10 21:49:20.983   578  2718 D aurisys_utility: dl in[type:2], ch: 2, ch_mask: 0x3, buf fs: 48000, buf content fs: 48000, fmt: 0x3; dl out[type:3], ch: 2, ch_mask: 0x3, buf fs: 48000, buf content fs: 48000, fmt: 0x3
03-10 21:49:20.984   578  2718 D AudioCompFltCustParam: audioHierarchicalParamEnable [1]
03-10 21:49:20.984   578  2718 D AudioCompFltCustParam: getPlaybackPostProcessParameterFromXML Type/Name [5]/[PlaybackDRC]
03-10 21:49:20.984   578  2718 D AudioCompFltCustParam: Load from scene Scene,Default,Volume type,Music
03-10 21:49:20.984   578  2718 D AudioCompFltCustParam: audioHierarchicalParamEnable [1]
03-10 21:49:20.984   578  2718 D AudioCompFltCustParam: getPlaybackPostProcessParameterFromXML Type/Name [0]/[PlaybackACF]
03-10 21:49:20.984   578  2718 D AudioCompFltCustParam: Load from scene Scene,Default,Volume type,Music,Profile,Speaker
03-10 21:49:20.984   578  2718 D AudioCompFltCustParam: audioHierarchicalParamEnable [1]
03-10 21:49:20.984   578  2718 D AudioCompFltCustParam: getPlaybackPostProcessParameterFromXML Type/Name [6]/[PlaybackDRC]
03-10 21:49:20.984   578  2718 D AudioCompFltCustParam: Load from scene Scene,Default,Volume type,Ring
03-10 21:49:20.984   578  2718 D AudioCompFltCustParam: audioHierarchicalParamEnable [1]
03-10 21:49:20.984   578  2718 D AudioCompFltCustParam: getPlaybackPostProcessParameterFromXML Type/Name [8]/[PlaybackACF]
03-10 21:49:20.984   578  2718 D AudioCompFltCustParam: Load from scene Scene,Default,Volume type,Music,Profile,Speaker
03-10 21:49:20.984   578  2718 D aurisys_lib_handler: aurisys_arsi_parsing_param_file(), gProductInfo "platform=MT6771,device=CPS01,model=CPS01", file_path "/vendor/etc/audio_param", enhancement_mode 0, param_buf_size 2528, data_size 2528, custom_info SetAudioCustomScene=
03-10 21:49:20.984   578  2718 D aurisys_lib_handler: aurisys_arsi_create_handler(), lib_name mtk_bessound, 0xf4cc3cd0, memory_size 72624, arsi_handler 0xf741b030, retval 0x0
03-10 21:49:20.984   578  2718 D aurisys_lib_handler: aurisys_arsi_create_handler(), arsi_query_process_unit_bytes, ul 0, dl 2048, retval 0
