03-10 21:49:23.147   594   704 I libPowerHal: [PD] MTKPOWER_HINT_ACT_SWITCH update cmd:1000000 param:-1
03-10 21:49:23.147   594   704 I libPowerHal: [perfLockAcq] idx:0 hdl:632 hint:30 pid:594 duration:5000 => ret_hdl:632
03-10 21:49:23.147   594   704 I libPowerHal: [PE] scn:0 hdl:632 hint:30 comm:mtkpower@1.0-se pid:594
03-10 21:49:23.147   594   704 I libPowerHal: [PE] MTKPOWER_HINT_EXT_LAUNCH update cmd:1000000, param:1
03-10 21:49:23.147  2205  2205 V PhoneWindow: DecorView setVisiblity: visibility = 8, Parent = android.view.ViewRootImpl@dffe406, this = DecorView@121ac7[InputMethod]
03-10 21:49:23.147   594   704 I libPowerHal: [PE] MTKPOWER_HINT_EXT_LAUNCH update cmd:2020000, param:15
03-10 21:49:23.148   594   704 I libPowerHal: [PE] MTKPOWER_HINT_EXT_LAUNCH update cmd:1408300, param:40
03-10 21:49:23.148   594   704 I libPowerHal: [PE] MTKPOWER_HINT_EXT_LAUNCH update cmd:1000000 param:1
03-10 21:49:23.157   963  2593 I InputDispatcher: setInputWindows displayId=0 Window{c3a9e12 u0 NavigationBar0} Window{2cd6101 u0 StatusBar} Window{be0823b u0 com.google.android.apps.nbu.files/com.google.android.apps.nbu.files.home.HomeActivity} android/com.android.internal.app.ResolverActivity#0 Window{b1a90d0 u0 com.android.systemui.ImageWallpaper} 
03-10 21:49:23.170  1418  1444 I ndroid.systemu: NativeAlloc concurrent copying GC freed 92058(5758KB) AllocSpace objects, 0(0B) LOS objects, 41% free, 8774KB/14MB, paused 121us total 105.224ms
03-10 21:49:23.173   963  1363 I InputDispatcher: setInputWindows displayId=0 Window{c3a9e12 u0 NavigationBar0} Window{2cd6101 u0 StatusBar} Window{be0823b u0 com.google.android.apps.nbu.files/com.google.android.apps.nbu.files.home.HomeActivity} android/com.android.internal.app.ResolverActivity#0 Window{b1a90d0 u0 com.android.systemui.ImageWallpaper} 
03-10 21:49:23.180  5655 10154 E NetworkScheduler.ATC: Called cancelTask for already completed task com.google.android.gms/.measurement.PackageMeasurementTaskService{u=0 tag="Measurement.PackageMeasurementTaskService.UPLOAD_TASK_TAG" trigger=window{start=0s,end=1s,earliest=-14s,latest=-13s} requirements=[NET_CONNECTED] attributes=[PERSISTED] scheduled=-14s last_run=-5s exec_window_multiplier=1.0000 jid=N/A status=ACTIVE retries=0 client_lib=GMS_TASK_SCHEDULER-214516000} :1 [CONTEXT service_id=218 ]
03-10 21:49:23.190   963  1363 I InputDispatcher: setInputWindows displayId=0 Window{c3a9e12 u0 NavigationBar0} Window{2cd6101 u0 StatusBar} Window{be0823b u0 com.google.android.apps.nbu.files/com.google.android.apps.nbu.files.home.HomeActivity} android/com.android.internal.app.ResolverActivity#0 Window{b1a90d0 u0 com.android.systemui.ImageWallpaper} 
03-10 21:49:23.206   963  1363 I InputDispatcher: setInputWindows displayId=0 Window{c3a9e12 u0 NavigationBar0} Window{2cd6101 u0 StatusBar} Window{be0823b u0 com.google.android.apps.nbu.files/com.google.android.apps.nbu.files.home.HomeActivity} android/com.android.internal.app.ResolverActivity#0 Window{b1a90d0 u0 com.android.systemui.ImageWallpaper} 
03-10 21:49:23.223   963  2593 I InputDispatcher: setInputWindows displayId=0 Window{c3a9e12 u0 NavigationBar0} Window{2cd6101 u0 StatusBar} Window{be0823b u0 com.google.android.apps.nbu.files/com.google.android.apps.nbu.files.home.HomeActivity} android/com.android.internal.app.ResolverActivity#0 Window{b1a90d0 u0 com.android.systemui.ImageWallpaper} 
03-10 21:49:23.239   963  2593 I chatty  : uid=1000(system) Binder:963_13 identical 1 line
03-10 21:49:23.256   963  2593 I InputDispatcher: setInputWindows displayId=0 Window{c3a9e12 u0 NavigationBar0} Window{2cd6101 u0 StatusBar} Window{be0823b u0 com.google.android.apps.nbu.files/com.google.android.apps.nbu.files.home.HomeActivity} android/com.android.internal.app.ResolverActivity#0 Window{b1a90d0 u0 com.android.systemui.ImageWallpaper} 
03-10 21:49:23.257   586   759 D hwcomposer: (0:0) Layer+ (mva=0x0/sec=0/prot=0/alpha=0:0xff/blend=0001/dim=0/fmt=2820/range=1(20000000)/x=0 y=0 w=1200 h=2000 s=1200,2000 -> x=0 y=0 w=1200 h=2000/layer_type=0 ext_layer=-1 ds=0 fbdc=0) =
03-10 21:49:23.272   963  2593 I InputDispatcher: setInputWindows displayId=0 Window{c3a9e12 u0 NavigationBar0} Window{2cd6101 u0 StatusBar} Window{be0823b u0 com.google.android.apps.nbu.files/com.google.android.apps.nbu.files.home.HomeActivity} android/com.android.internal.app.ResolverActivity#0 Window{b1a90d0 u0 com.android.systemui.ImageWallpaper} 
03-10 21:49:23.289   963  2593 I chatty  : uid=1000(system) Binder:963_13 identical 1 line
03-10 21:49:23.306   963  2593 I InputDispatcher: setInputWindows displayId=0 Window{c3a9e12 u0 NavigationBar0} Window{2cd6101 u0 StatusBar} Window{be0823b u0 com.google.android.apps.nbu.files/com.google.android.apps.nbu.files.home.HomeActivity} android/com.android.internal.app.ResolverActivity#0 Window{b1a90d0 u0 com.android.systemui.ImageWallpaper} 
03-10 21:49:23.322   963  1363 I InputDispatcher: setInputWindows displayId=0 Window{c3a9e12 u0 NavigationBar0} Window{2cd6101 u0 StatusBar} Window{be0823b u0 com.google.android.apps.nbu.files/com.google.android.apps.nbu.files.home.HomeActivity} android/com.android.internal.app.ResolverActivity#0 Window{b1a90d0 u0 com.android.systemui.ImageWallpaper} 
03-10 21:49:23.372   963  1363 I chatty  : uid=1000(system) Binder:963_4 identical 3 lines
03-10 21:49:23.388   963  1363 I InputDispatcher: setInputWindows displayId=0 Window{c3a9e12 u0 NavigationBar0} Window{2cd6101 u0 StatusBar} Window{be0823b u0 com.google.android.apps.nbu.files/com.google.android.apps.nbu.files.home.HomeActivity} android/com.android.internal.app.ResolverActivity#0 Window{b1a90d0 u0 com.android.systemui.ImageWallpaper} 
03-10 21:49:23.405   963  2593 I InputDispatcher: setInputWindows displayId=0 Window{c3a9e12 u0 NavigationBar0} Window{2cd6101 u0 StatusBar} Window{be0823b u0 com.google.android.apps.nbu.files/com.google.android.apps.nbu.files.home.HomeActivity} android/com.android.internal.app.ResolverActivity#0 Window{b1a90d0 u0 com.android.systemui.ImageWallpaper} 
03-10 21:49:23.422   963  2593 I InputDispatcher: setInputWindows displayId=0 Window{c3a9e12 u0 NavigationBar0} Window{2cd6101 u0 StatusBar} Window{be0823b u0 com.google.android.apps.nbu.files/com.google.android.apps.nbu.files.home.HomeActivity} android/com.android.internal.app.ResolverActivity#0 Window{b1a90d0 u0 com.android.systemui.ImageWallpaper} 
03-10 21:49:23.439   963  1363 I InputDispatcher: setInputWindows displayId=0 Window{c3a9e12 u0 NavigationBar0} Window{2cd6101 u0 StatusBar} Window{be0823b u0 com.google.android.apps.nbu.files/com.google.android.apps.nbu.files.home.HomeActivity} android/com.android.internal.app.ResolverActivity#0 Window{b1a90d0 u0 com.android.systemui.ImageWallpaper} 
03-10 21:49:23.472   963  1363 I chatty  : uid=1000(system) Binder:963_4 identical 2 lines
03-10 21:49:23.489   963  1363 I InputDispatcher: setInputWindows displayId=0 Window{c3a9e12 u0 NavigationBar0} Window{2cd6101 u0 StatusBar} Window{be0823b u0 com.google.android.apps.nbu.files/com.google.android.apps.nbu.files.home.HomeActivity} android/com.android.internal.app.ResolverActivity#0 Window{b1a90d0 u0 com.android.systemui.ImageWallpaper} 
03-10 21:49:23.490   586   759 D hwcomposer: (0:1) Layer+ (mva=0x0/sec=0/prot=0/alpha=1:0xff/blend=0002/dim=0/fmt=4868/range=1(20000000)/x=0 y=0 w=36 h=2000 s=48,2000 -> x=0 y=0 w=36 h=2000/layer_type=0 ext_layer=-1 ds=0 fbdc=0) =
03-10 21:49:23.490   586   759 D hwcomposer: (0:2) Layer+ (mva=0x0/sec=0/prot=0/alpha=1:0xff/blend=0002/dim=0/fmt=4868/range=1(20000000)/x=0 y=0 w=72 h=2000 s=80,2000 -> x=1128 y=0 w=72 h=2000/layer_type=0 ext_layer=-1 ds=0 fbdc=0) =
03-10 21:49:23.506   963  1363 I InputDispatcher: setInputWindows displayId=0 Window{c3a9e12 u0 NavigationBar0} Window{2cd6101 u0 StatusBar} Window{be0823b u0 com.google.android.apps.nbu.files/com.google.android.apps.nbu.files.home.HomeActivity} android/com.android.internal.app.ResolverActivity#0 Window{b1a90d0 u0 com.android.systemui.ImageWallpaper} 
03-10 21:49:23.605   963  1363 I chatty  : uid=1000(system) Binder:963_4 identical 6 lines
03-10 21:49:23.622   963  1363 I InputDispatcher: setInputWindows displayId=0 Window{c3a9e12 u0 NavigationBar0} Window{2cd6101 u0 StatusBar} Window{be0823b u0 com.google.android.apps.nbu.files/com.google.android.apps.nbu.files.home.HomeActivity} android/com.android.internal.app.ResolverActivity#0 Window{b1a90d0 u0 com.android.systemui.ImageWallpaper} 
03-10 21:49:23.639   963  2593 I InputDispatcher: setInputWindows displayId=0 Window{c3a9e12 u0 NavigationBar0} Window{2cd6101 u0 StatusBar} Window{be0823b u0 com.google.android.apps.nbu.files/com.google.android.apps.nbu.files.home.HomeActivity} android/com.android.internal.app.ResolverActivity#0 Window{b1a90d0 u0 com.android.systemui.ImageWallpaper} 
03-10 21:49:23.655   963  2593 I chatty  : uid=1000(system) Binder:963_13 identical 1 line
03-10 21:49:23.672   963  2593 I InputDispatcher: setInputWindows displayId=0 Window{c3a9e12 u0 NavigationBar0} Window{2cd6101 u0 StatusBar} Window{be0823b u0 com.google.android.apps.nbu.files/com.google.android.apps.nbu.files.home.HomeActivity} android/com.android.internal.app.ResolverActivity#0 Window{b1a90d0 u0 com.android.systemui.ImageWallpaper} 
03-10 21:49:23.683   601   698 I BufferQueueProducer: [android/com.android.internal.app.ResolverActivity#0](id:259000000a4,api:2,p:6269,c:601) disconnect(): api=2
03-10 21:49:23.688   963  6178 I GED     : ged_boost_gpu_freq, level 100, eOrigin 2, final_idx 15, oppidx_max 15, oppidx_min 0
03-10 21:49:23.689   963  2593 I InputDispatcher: setInputWindows displayId=0 Window{c3a9e12 u0 NavigationBar0} Window{2cd6101 u0 StatusBar} Window{be0823b u0 com.google.android.apps.nbu.files/com.google.android.apps.nbu.files.home.HomeActivity} android/com.android.internal.app.ResolverActivity#0 Window{b1a90d0 u0 com.android.systemui.ImageWallpaper} 
03-10 21:49:23.689   963  1363 W ActivityTaskManager: Finishing task with all activities already finished
03-10 21:49:23.689   963  1363 W ActivityTaskManager: Duplicate finish request for r=ActivityRecord{b08f035 u0 android/com.android.internal.app.ResolverActivity t17 f}}
03-10 21:49:23.691  6269  6269 V PhoneWindow: DecorView setVisiblity: visibility = 4, Parent = android.view.ViewRootImpl@32e6c42, this = DecorView@67143b7[ResolverActivity]
03-10 21:49:23.697  6269  6269 D View    : [Warning] assignParent to null: this = DecorView@67143b7[ResolverActivity]
03-10 21:49:23.701  6269  6269 I InputTransport: Destroy ARC handle: 0xb400007846268c30
03-10 21:49:23.705   601   601 I BufferQueueConsumer: [android/com.android.internal.app.ResolverActivity#0](id:259000000a4,api:0,p:-1,c:601) disconnect()
03-10 21:49:23.705   601   601 I BufferQueue: [android/com.android.internal.app.ResolverActivity#0](this:0xb40000740dcaa2a8,id:164,api:2,p:-1,c:-1) onDestructor()
03-10 21:49:23.706   963  1363 I InputDispatcher: setInputWindows displayId=0 Window{c3a9e12 u0 NavigationBar0} Window{2cd6101 u0 StatusBar} Window{be0823b u0 com.google.android.apps.nbu.files/com.google.android.apps.nbu.files.home.HomeActivity} Window{b1a90d0 u0 com.android.systemui.ImageWallpaper} 
03-10 21:49:23.706   963  1363 I InputDispatcher: Window went away: android/com.android.internal.app.ResolverActivity#0
03-10 21:49:23.722   963  2593 I InputDispatcher: setInputWindows displayId=0 Window{c3a9e12 u0 NavigationBar0} Window{2cd6101 u0 StatusBar} Window{be0823b u0 com.google.android.apps.nbu.files/com.google.android.apps.nbu.files.home.HomeActivity} Window{b1a90d0 u0 com.android.systemui.ImageWallpaper} 
03-10 21:49:23.756   586   586 I hwcomposer: [HWCDisplay] [Display_0 (type:1)] fps:58.176632,dur:1014.15,max:33.11,min:14.56  
03-10 21:49:23.773   586   759 D hwcomposer: (0:0) Layer+ (mva=0x0/sec=0/prot=0/alpha=0:0xff/blend=0001/dim=0/fmt=2820/range=1(20000000)/x=0 y=0 w=1200 h=2000 s=1200,2000 -> x=0 y=0 w=1200 h=2000/layer_type=0 ext_layer=-1 ds=0 fbdc=0) =
03-10 21:49:23.889   963   973 I system_server: NativeAlloc concurrent copying GC freed 92236(4211KB) AllocSpace objects, 4(208KB) LOS objects, 27% free, 16MB/22MB, paused 180us total 158.815ms
03-10 21:49:24.006   586   759 D hwcomposer: (0:1) Layer+ (mva=0x0/sec=0/prot=0/alpha=1:0xff/blend=0002/dim=0/fmt=4868/range=1(20000000)/x=0 y=0 w=36 h=2000 s=48,2000 -> x=0 y=0 w=36 h=2000/layer_type=0 ext_layer=-1 ds=0 fbdc=0) =
03-10 21:49:24.006   586   759 D hwcomposer: (0:2) Layer+ (mva=0x0/sec=0/prot=0/alpha=1:0xff/blend=0002/dim=0/fmt=4868/range=1(20000000)/x=0 y=0 w=72 h=2000 s=80,2000 -> x=1128 y=0 w=72 h=2000/layer_type=0 ext_layer=-1 ds=0 fbdc=0) =
03-10 21:49:24.044   842  9627 I MtkCam/P1NodeImp: [deliverLoop] [Cam::0] Delivery(2000000000) NumList[0] NodeQueue[0]
03-10 21:49:24.044   842  9627 I MtkCam/P1NodeUtility: [analyze] [Cam::0] [::P1_LOG_NOTE::] ++++++++ ++++++++ ++++++++ ++++++++ ++++++++ ++++++++ ++++++++ ++++++++ ++++++++ ++++++++ ++++++++ ++++++++ ++++++++ ++++++++ ++++++++ ++++++++
03-10 21:49:24.044   842  9627 I MtkCam/P1NodeUtility: [analyze] [Cam::0] [::P1_LOG_NOTE::] ClueCode_ALL[0x100000000000]
03-10 21:49:24.044   842  9627 I MtkCam/P1NodeUtility: [analyze] [Cam::0] [::P1_LOG_NOTE::] ClueCode-bit[0x100000000000] = [CcDeduce_UninitNotCalledAfterFlush] the API function uninit() is not called after flush() done and the user also did not queue() acceptable request again  - reference tag <ApiFlush+++> <ApiFlush---> <ApiUninit+++> <ApiUninit---> <Queue@Arrive> <Queue@Accept> <Queue@REV> <Queue@RET>  
03-10 21:49:24.044   842  9627 I MtkCam/P1NodeUtility: [analyze] [Cam::0] [::P1_LOG_NOTE::] [ 21:43:16.862277_00842-07655= <Queue@Arrive> FrameNum(1116) RequestNum(1117) (0) (0) ] 
03-10 21:49:24.044   842  9627 I MtkCam/P1NodeUtility: [analyze] [Cam::0] [::P1_LOG_NOTE::] [ 21:43:16.862290_00842-07655= <Queue@Accept> FrameNum(1116) RequestNum(1117) IsAccepted(0) ReceivingResult(3) ] 
03-10 21:49:24.044   842  9627 I MtkCam/P1NodeUtility: [analyze] [Cam::0] [::P1_LOG_NOTE::] [ 21:43:16.791636_00842-07655= <Queue@REV> FrameNum(1115) RequestNum(1116) (0) (0) ] 
03-10 21:49:24.044   842  9627 I MtkCam/P1NodeUtility: [analyze] [Cam::0] [::P1_LOG_NOTE::] [ 21:43:16.792225_00842-07655= <Queue@RET> FrameNum(1115) RequestNum(1116) (0) (0) ] 
03-10 21:49:24.044   842  9627 I MtkCam/P1NodeUtility: [analyze] [Cam::0] [::P1_LOG_NOTE::] [ 21:43:16.862700_00842-00954= <ApiFlush+++> (0) (0) (0) (0) ] 
03-10 21:49:24.044   842  9627 I MtkCam/P1NodeUtility: [analyze] [Cam::0] [::P1_LOG_NOTE::] [ 21:43:16.909436_00842-00954= <ApiFlush---> (0) (0) (0) (0) ] 
03-10 21:49:24.044   842  9627 I MtkCam/P1NodeUtility: [analyze] [Cam::0] [::P1_LOG_NOTE::] [ 19:00:00.000000_00000-00000= <ApiUninit+++> (0) (0) (0) (0) ] 
03-10 21:49:24.044   842  9627 I MtkCam/P1NodeUtility: [analyze] [Cam::0] [::P1_LOG_NOTE::] [ 19:00:00.000000_00000-00000= <ApiUninit---> (0) (0) (0) (0) ] 
03-10 21:49:24.044   842  9627 I MtkCam/P1NodeUtility: [analyze] [Cam::0] [::P1_LOG_NOTE::] -------- -------- -------- -------- -------- -------- -------- -------- -------- -------- -------- -------- -------- -------- -------- --------
03-10 21:49:24.044   842  9627 I MtkCam/P1NodeUtility: [inspect] [Cam::0] [::P1_LOG_DUMP::] [Burst:1][Type:8] check since no more frame delivery
03-10 21:49:24.044   842  9627 I MtkCam/P1NodeUtility: [inspect] [Cam::0] [::P1_LOG_DUMP::] ++++++++ ++++++++ ++++++++ ++++++++ ++++++++ ++++++++ ++++++++ ++++++++ ++++++++ ++++++++ ++++++++ ++++++++ ++++++++ ++++++++ ++++++++ ++++++++
03-10 21:49:24.044   842  9627 I MtkCam/P1NodeUtility: [inspect] [Cam::0] [::P1_LOG_DUMP::] [ 21:43:16.862277_00842-07655= <Queue@Arrive> FrameNum(1116) RequestNum(1117) (0) (0) ] 
03-10 21:49:24.044   842  9627 I MtkCam/P1NodeUtility: [inspect] [Cam::0] [::P1_LOG_DUMP::] [ 21:43:16.862290_00842-07655= <Queue@Accept> FrameNum(1116) RequestNum(1117) IsAccepted(0) ReceivingResult(3) ] 
03-10 21:49:24.044   842  9627 I MtkCam/P1NodeUtility: [inspect] [Cam::0] [::P1_LOG_DUMP::] [ 21:43:16.791636_00842-07655= <Queue@REV> FrameNum(1115) RequestNum(1116) (0) (0) ] 
03-10 21:49:24.045   842  9627 I MtkCam/P1NodeUtility: [inspect] [Cam::0] [::P1_LOG_DUMP::] [ 21:43:16.792225_00842-07655= <Queue@RET> FrameNum(1115) RequestNum(1116) (0) (0) ] 
03-10 21:49:24.045   842  9627 I MtkCam/P1NodeUtility: [inspect] [Cam::0] [::P1_LOG_DUMP::] [ 21:43:16.791513_00842-09557= <ReqNotify+++> LastFrameNum(1114) LastRequestNum(1115) PipelineCbButNotQueueCnt(1) (0) ] 
03-10 21:49:24.045   842  9627 I MtkCam/P1NodeUtility: [inspect] [Cam::0] [::P1_LOG_DUMP::] [ 21:43:16.791603_00842-09557= <ReqNotify---> LastFrameNum(1114) LastRequestNum(1115) PipelineCbButNotQueueCnt(1) (0) ] 
03-10 21:49:24.045   842  9627 I MtkCam/P1NodeUtility: [inspect] [Cam::0] [::P1_LOG_DUMP::] [ 21:43:16.791456_00842-09557= <3A_CB_SYNC@REV> MsgType(4) (0) (0) (0) ] 
03-10 21:49:24.045   842  9627 I MtkCam/P1NodeUtility: [inspect] [Cam::0] [::P1_LOG_DUMP::] [ 21:43:16.791858_00842-09557= <3A_CB_SYNC@RET> MsgType(4) Skip(0) (0) (0) ] 
03-10 21:49:24.045   842  9627 I MtkCam/P1NodeUtility: [inspect] [Cam::0] [::P1_LOG_DUMP::] [ 21:43:16.795390_00842-09557= <3A_CB_PROC@REV> MsgType(0) MagicNum(1116) SofIdx(92) (0) ] 
03-10 21:49:24.045   842  9627 I MtkCam/P1NodeUtility: [inspect] [Cam::0] [::P1_LOG_DUMP::] [ 21:43:16.795975_00842-09557= <3A_CB_PROC@RET> MsgType(0) Skip(0) (0) (0) ] 
03-10 21:49:24.045   842  9627 I MtkCam/P1NodeUtility: [inspect] [Cam::0] [::P1_LOG_DUMP::] [ 21:41:25.197083_00842-07655= <3A.StartSet+++> Type(0) MagicNum(2) (0) (0) ] 
03-10 21:49:24.045   842  9627 I MtkCam/P1NodeUtility: [inspect] [Cam::0] [::P1_LOG_DUMP::] [ 21:41:25.197741_00842-07655= <3A.StartSet---> Type(0) MagicNum(2) (0) (0) ] 
03-10 21:49:24.045   842  9627 I MtkCam/P1NodeUtility: [inspect] [Cam::0] [::P1_LOG_DUMP::] [ 21:43:16.791961_00842-07655= <3A.PreSet+++> PreSetKey(1117) Dummy(0) FrameNum(1115) RequestNum(1116) ] 
03-10 21:49:24.045   842  9627 I MtkCam/P1NodeUtility: [inspect] [Cam::0] [::P1_LOG_DUMP::] [ 21:43:16.792180_00842-07655= <3A.PreSet---> PreSetKey(1117) Dummy(0) FrameNum(1115) RequestNum(1116) ] 
03-10 21:49:24.045   842  9627 I MtkCam/P1NodeUtility: [inspect] [Cam::0] [::P1_LOG_DUMP::] [ 21:43:16.791619_00842-09557= <3A.Set+++> PreSetKey(1116) MagicNum(1116) FrameNum(1114) RequestNum(1115) ] 
03-10 21:49:24.045   842  9627 I MtkCam/P1NodeUtility: [inspect] [Cam::0] [::P1_LOG_DUMP::] [ 21:43:16.791814_00842-09557= <3A.Set---> PreSetKey(1116) MagicNum(1116) FrameNum(1114) RequestNum(1115) ] 
03-10 21:49:24.045   842  9627 I MtkCam/P1NodeUtility: [inspect] [Cam::0] [::P1_LOG_DUMP::] [ 21:43:16.896462_00842-09627= <AcqBuf+++> StreamNum(7) StreamId(4294967299) FrameNum(1115) RequestNum(1116) ] 
03-10 21:49:24.045   842  9627 I MtkCam/P1NodeUtility: [inspect] [Cam::0] [::P1_LOG_DUMP::] [ 21:43:16.896498_00842-09627= <AcqBuf---> StreamNum(7) StreamId(4294967299) FrameNum(1115) RequestNum(1116) ] 
03-10 21:49:24.045   842  9627 I MtkCam/P1NodeUtility: [inspect] [Cam::0] [::P1_LOG_DUMP::] [ 21:43:16.795873_00842-09557= <DRV.EnQ+++> MagicNum(1116) FrameNum(1114) RequestNum(1115) SofIdx(92) ] 
03-10 21:49:24.045   842  9627 I MtkCam/P1NodeUtility: [inspect] [Cam::0] [::P1_LOG_DUMP::] [ 21:43:16.795957_00842-09557= <DRV.EnQ---> MagicNum(1116) FrameNum(1114) RequestNum(1115) SofIdx(92) ] 
03-10 21:49:24.045   842  9627 I MtkCam/P1NodeUtility: [inspect] [Cam::0] [::P1_LOG_DUMP::] [ 21:43:16.826934_00842-09623= <DRV.DeQ+++> (0) (0) (0) (0) ] 
03-10 21:49:24.045   842  9627 I MtkCam/P1NodeUtility: [inspect] [Cam::0] [::P1_LOG_DUMP::] [ 21:43:16.892048_00842-09623= <DRV.DeQ---> ResultMagicNum(0) (0) (0) (0) ] 
03-10 21:49:24.045   842  9627 I MtkCam/P1NodeUtility: [inspect] [Cam::0] [::P1_LOG_DUMP::] [ 21:43:16.825340_00842-09623= <3A.Get+++> MagicNum(1114) FrameNum(1112) RequestNum(1113) (0) ] 
03-10 21:49:24.045   842  9627 I MtkCam/P1NodeUtility: [inspect] [Cam::0] [::P1_LOG_DUMP::] [ 21:43:16.825457_00842-09623= <3A.Get---> MagicNum(1114) FrameNum(1112) RequestNum(1113) (0) ] 
03-10 21:49:24.045   842  9627 I MtkCam/P1NodeUtility: [inspect] [Cam::0] [::P1_LOG_DUMP::] [ 19:00:00.000000_00000-00000= <3A.GetCur+++> MagicNum(0) FrameNum(0) RequestNum(0) (0) ] 
03-10 21:49:24.045   842  9627 I MtkCam/P1NodeUtility: [inspect] [Cam::0] [::P1_LOG_DUMP::] [ 19:00:00.000000_00000-00000= <3A.GetCur---> MagicNum(0) FrameNum(0) RequestNum(0) (0) ] 
03-10 21:49:24.045   842  9627 I MtkCam/P1NodeUtility: [inspect] [Cam::0] [::P1_LOG_DUMP::] [ 21:43:16.825463_00842-09623= <ISP.Get+++> MagicNum(1114) FrameNum(1112) RequestNum(1113) (0) ] 
03-10 21:49:24.045   842  9627 I MtkCam/P1NodeUtility: [inspect] [Cam::0] [::P1_LOG_DUMP::] [ 21:43:16.825467_00842-09623= <ISP.Get---> MagicNum(1114) FrameNum(1112) RequestNum(1113) (0) ] 
03-10 21:49:24.045   842  9627 I MtkCam/P1NodeUtility: [inspect] [Cam::0] [::P1_LOG_DUMP::] [ 19:00:00.000000_00000-00000= <ISP.GetCur+++> MagicNum(0) FrameNum(0) RequestNum(0) (0) ] 
03-10 21:49:24.045   842  9627 I MtkCam/P1NodeUtility: [inspect] [Cam::0] [::P1_LOG_DUMP::] [ 19:00:00.000000_00000-00000= <ISP.GetCur---> MagicNum(0) FrameNum(0) RequestNum(0) (0) ] 
03-10 21:49:24.046   842  9627 I MtkCam/P1NodeUtility: [inspect] [Cam::0] [::P1_LOG_DUMP::] [ 19:00:00.000000_00000-00000= <SYNC.syncResultCheck+++> MagicNum(0) FrameNum(0) RequestNum(0) (0) ] 
03-10 21:49:24.046   842  9627 I MtkCam/P1NodeUtility: [inspect] [Cam::0] [::P1_LOG_DUMP::] [ 19:00:00.000000_00000-00000= <SYNC.syncResultCheck---> MagicNum(0) FrameNum(0) RequestNum(0) (0) ] 
03-10 21:49:24.046   842  9627 I MtkCam/P1NodeUtility: [inspect] [Cam::0] [::P1_LOG_DUMP::] [ 21:43:16.896786_00842-09627= <DispatchNext+++> MagicNum(1117) FrameNum(1115) RequestNum(1116) (0) ] 
03-10 21:49:24.046   842  9627 I MtkCam/P1NodeUtility: [inspect] [Cam::0] [::P1_LOG_DUMP::] [ 21:43:16.898384_00842-09627= <DispatchNext---> MagicNum(1117) FrameNum(1115) RequestNum(1116) (0) ] 
03-10 21:49:24.046   842  9627 I MtkCam/P1NodeUtility: [inspect] [Cam::0] [::P1_LOG_DUMP::] [ 21:41:25.132285_00842-09621= <OpStart+++> BurstMode(1) StartCap(0) InitReq(0) (0) ] 
03-10 21:49:24.046   842  9627 I MtkCam/P1NodeUtility: [inspect] [Cam::0] [::P1_LOG_DUMP::] [ 21:41:25.168323_00842-09621= <OpStart.3aPwrOn+++> (0) (0) (0) (0) ] 
03-10 21:49:24.046   842  9627 I MtkCam/P1NodeUtility: [inspect] [Cam::0] [::P1_LOG_DUMP::] [ 21:41:25.168438_00842-09621= <OpStart.3aPwrOn---> (0) (0) (0) (0) ] 
03-10 21:49:24.046   842  9627 I MtkCam/P1NodeUtility: [inspect] [Cam::0] [::P1_LOG_DUMP::] [ 21:41:25.168624_00842-09621= <OpStart.3aCfg+++> (0) (0) (0) (0) ] 
03-10 21:49:24.046   842  9627 I MtkCam/P1NodeUtility: [inspect] [Cam::0] [::P1_LOG_DUMP::] [ 21:41:25.172150_00842-09621= <OpStart.3aCfg---> (0) (0) (0) (0) ] 
03-10 21:49:24.046   842  9627 I MtkCam/P1NodeUtility: [inspect] [Cam::0] [::P1_LOG_DUMP::] [ 21:41:25.172470_00842-09621= <OpStart.3aStart+++> (0) (0) (0) (0) ] 
03-10 21:49:24.046   842  9627 I MtkCam/P1NodeUtility: [inspect] [Cam::0] [::P1_LOG_DUMP::] [ 21:41:25.180152_00842-09621= <OpStart.3aStart---> (0) (0) (0) (0) ] 
03-10 21:49:24.046   842  9627 I MtkCam/P1NodeUtility: [inspect] [Cam::0] [::P1_LOG_DUMP::] [ 21:41:25.172160_00842-09621= <OpStart.ISPCfg+++> (0) (0) (0) (0) ] 
03-10 21:49:24.046   842  9627 I MtkCam/P1NodeUtility: [inspect] [Cam::0] [::P1_LOG_DUMP::] [ 21:41:25.172203_00842-09621= <OpStart.ISPCfg---> (0) (0) (0) (0) ] 
03-10 21:49:24.046   842  9627 I MtkCam/P1NodeUtility: [inspect] [Cam::0] [::P1_LOG_DUMP::] [ 21:41:25.180154_00842-09621= <OpStart.ISPStart+++> (0) (0) (0) (0) ] 
03-10 21:49:24.046   842  9627 I MtkCam/P1NodeUtility: [inspect] [Cam::0] [::P1_LOG_DUMP::] [ 21:41:25.180202_00842-09621= <OpStart.ISPStart---> (0) (0) (0) (0) ] 
03-10 21:49:24.046   842  9627 I MtkCam/P1NodeUtility: [inspect] [Cam::0] [::P1_LOG_DUMP::] [ 21:41:25.132449_00842-09621= <OpStart.DrvInit+++> (0) (0) (0) (0) ] 
03-10 21:49:24.046   842  9627 I MtkCam/P1NodeUtility: [inspect] [Cam::0] [::P1_LOG_DUMP::] [ 21:41:25.134464_00842-09621= <OpStart.DrvInit---> (0) (0) (0) (0) ] 
03-10 21:49:24.046   842  9627 I MtkCam/P1NodeUtility: [inspect] [Cam::0] [::P1_LOG_DUMP::] [ 21:41:25.135084_00842-09621= <OpStart.DrvCfg+++> (0) (0) (0) (0) ] 
03-10 21:49:24.046   842  9627 I MtkCam/P1NodeUtility: [inspect] [Cam::0] [::P1_LOG_DUMP::] [ 21:41:25.168194_00842-09621= <OpStart.DrvCfg---> (0) (0) (0) (0) ] 
03-10 21:49:24.046   842  9627 I MtkCam/P1NodeUtility: [inspect] [Cam::0] [::P1_LOG_DUMP::] [ 21:41:25.181121_00842-09621= <OpStart.DrvStart+++> (0) (0) (0) (0) ] 
03-10 21:49:24.046   842  9627 I MtkCam/P1NodeUtility: [inspect] [Cam::0] [::P1_LOG_DUMP::] [ 21:41:25.181907_00842-09621= <OpStart.DrvStart---> (0) (0) (0) (0) ] 
03-10 21:49:24.046   842  9627 I MtkCam/P1NodeUtility: [inspect] [Cam::0] [::P1_LOG_DUMP::] [ 19:00:00.000000_00000-00000= <OpStart.ReqWait+++> Type(0) (0) (0) (0) ] 
03-10 21:49:24.046   842  9627 I MtkCam/P1NodeUtility: [inspect] [Cam::0] [::P1_LOG_DUMP::] [ 19:00:00.000000_00000-00000= <OpStart.ReqWait---> Type(0) (0) (0) (0) ] 
03-10 21:49:24.046   842  9627 I MtkCam/P1NodeUtility: [inspect] [Cam::0] [::P1_LOG_DUMP::] [ 21:41:25.182031_00842-09621= <OpStart---> BurstMode(1) StartCap(0) InitReq(0) Type(0) ] 
03-10 21:49:24.046   842  9627 I MtkCam/P1NodeUtility: [inspect] [Cam::0] [::P1_LOG_DUMP::] [ 21:43:16.862721_00842-00954= <OpStop+++> LastFrameNum(1115) LastRequestNum(1116) PipelineCbButNotQueueCnt(0) (0) ] 
03-10 21:49:24.046   842  9627 I MtkCam/P1NodeUtility: [inspect] [Cam::0] [::P1_LOG_DUMP::] [ 21:43:16.906271_00842-00954= <OpStop.3aPwrOff+++> (0) (0) (0) (0) ] 
03-10 21:49:24.046   842  9627 I MtkCam/P1NodeUtility: [inspect] [Cam::0] [::P1_LOG_DUMP::] [ 21:43:16.906354_00842-00954= <OpStop.3aPwrOff---> (0) (0) (0) (0) ] 
03-10 21:49:24.046   842  9627 I MtkCam/P1NodeUtility: [inspect] [Cam::0] [::P1_LOG_DUMP::] [ 21:43:16.862726_00842-00954= <OpStop.3aStopStt+++> (0) (0) (0) (0) ] 
03-10 21:49:24.046   842  9627 I MtkCam/P1NodeUtility: [inspect] [Cam::0] [::P1_LOG_DUMP::] [ 21:43:16.863509_00842-00954= <OpStop.3aStopStt---> (0) (0) (0) (0) ] 
03-10 21:49:24.046   842  9627 I MtkCam/P1NodeUtility: [inspect] [Cam::0] [::P1_LOG_DUMP::] [ 21:43:16.892211_00842-00954= <OpStop.3aStop+++> (0) (0) (0) (0) ] 
03-10 21:49:24.046   842  9627 I MtkCam/P1NodeUtility: [inspect] [Cam::0] [::P1_LOG_DUMP::] [ 21:43:16.906188_00842-00954= <OpStop.3aStop---> (0) (0) (0) (0) ] 
03-10 21:49:24.046   842  9627 I MtkCam/P1NodeUtility: [inspect] [Cam::0] [::P1_LOG_DUMP::] [ 21:43:16.906191_00842-00954= <OpStop.ISPStop+++> (0) (0) (0) (0) ] 
03-10 21:49:24.046   842  9627 I MtkCam/P1NodeUtility: [inspect] [Cam::0] [::P1_LOG_DUMP::] [ 21:43:16.906270_00842-00954= <OpStop.ISPStop---> (0) (0) (0) (0) ] 
03-10 21:49:24.046   842  9627 I MtkCam/P1NodeUtility: [inspect] [Cam::0] [::P1_LOG_DUMP::] [ 21:43:16.906691_00842-00954= <OpStop.DrvUninit+++> (0) (0) (0) (0) ] 
03-10 21:49:24.046   842  9627 I MtkCam/P1NodeUtility: [inspect] [Cam::0] [::P1_LOG_DUMP::] [ 21:43:16.908729_00842-00954= <OpStop.DrvUninit---> (0) (0) (0) (0) ] 
03-10 21:49:24.047   842  9627 I MtkCam/P1NodeUtility: [inspect] [Cam::0] [::P1_LOG_DUMP::] [ 21:43:16.863513_00842-00954= <OpStop.DrvStop+++> (0) (0) (0) (0) ] 
03-10 21:49:24.047   842  9627 I MtkCam/P1NodeUtility: [inspect] [Cam::0] [::P1_LOG_DUMP::] [ 21:43:16.892047_00842-00954= <OpStop.DrvStop---> IsAbort(0) (0) (0) (0) ] 
03-10 21:49:24.047   842  9627 I MtkCam/P1NodeUtility: [inspect] [Cam::0] [::P1_LOG_DUMP::] [ 21:43:16.892049_00842-00954= <OpStop.HwLock+++> (0) (0) (0) (0) ] 
03-10 21:49:24.047   842  9627 I MtkCam/P1NodeUtility: [inspect] [Cam::0] [::P1_LOG_DUMP::] [ 21:43:16.892073_00842-00954= <OpStop.HwLock---> (0) (0) (0) (0) ] 
03-10 21:49:24.047   842  9627 I MtkCam/P1NodeUtility: [inspect] [Cam::0] [::P1_LOG_DUMP::] [ 21:43:16.909405_00842-00954= <OpStop---> LastFrameNum(1115) LastRequestNum(1116) PipelineCbButNotQueueCnt(0) (0) ] 
03-10 21:49:24.047   842  9627 I MtkCam/P1NodeUtility: [inspect] [Cam::0] [::P1_LOG_DUMP::] [ 21:43:16.862700_00842-00954= <ApiFlush+++> (0) (0) (0) (0) ] 
03-10 21:49:24.047   842  9627 I MtkCam/P1NodeUtility: [inspect] [Cam::0] [::P1_LOG_DUMP::] [ 21:43:16.909436_00842-00954= <ApiFlush---> (0) (0) (0) (0) ] 
03-10 21:49:24.047   842  9627 I MtkCam/P1NodeUtility: [inspect] [Cam::0] [::P1_LOG_DUMP::] [ 19:00:00.000000_00000-00000= <ApiUninit+++> (0) (0) (0) (0) ] 
03-10 21:49:24.047   842  9627 I MtkCam/P1NodeUtility: [inspect] [Cam::0] [::P1_LOG_DUMP::] [ 19:00:00.000000_00000-00000= <ApiUninit---> (0) (0) (0) (0) ] 
03-10 21:49:24.047   842  9627 I MtkCam/P1NodeUtility: [inspect] [Cam::0] [::P1_LOG_DUMP::] -------- -------- -------- -------- -------- -------- -------- -------- -------- -------- -------- -------- -------- -------- -------- --------
03-10 21:49:24.074   601   698 I BufferQueueProducer: [NavigationBar0#0](this:0xb40000740dbe8698,id:3,api:1,p:1418,c:601) queueBuffer: fps=35.63 dur=1010.46 max=432.51 min=8.72
03-10 21:49:24.289   586   759 D hwcomposer: (0:0) Layer+ (mva=0x0/sec=0/prot=0/alpha=0:0xff/blend=0001/dim=0/fmt=2820/range=1(20000000)/x=0 y=0 w=1200 h=2000 s=1200,2000 -> x=0 y=0 w=1200 h=2000/layer_type=0 ext_layer=-1 ds=0 fbdc=0) =
03-10 21:49:24.507   586   759 D hwcomposer: (0:1) Layer+ (mva=0x0/sec=0/prot=0/alpha=1:0xff/blend=0002/dim=0/fmt=4868/range=1(20000000)/x=0 y=0 w=36 h=2000 s=48,2000 -> x=0 y=0 w=36 h=2000/layer_type=0 ext_layer=-1 ds=0 fbdc=0) =
03-10 21:49:24.508   586   759 D hwcomposer: (0:2) Layer+ (mva=0x0/sec=0/prot=0/alpha=1:0xff/blend=0002/dim=0/fmt=4868/range=1(20000000)/x=0 y=0 w=72 h=2000 s=80,2000 -> x=1128 y=0 w=72 h=2000/layer_type=0 ext_layer=-1 ds=0 fbdc=0) =
03-10 21:49:24.628   397   397 I hwservicemanager: getTransport: Cannot find entry vendor.mediatek.hardware.mtkradioex@2.0::IMtkRadioEx/mtkCap1 in either framework or device manifest.
03-10 21:49:24.757   586   586 I hwcomposer: [HWCDisplay] [Display_0 (type:1)] fps:59.936947,dur:1001.05,max:17.48,min:16.26  
03-10 21:49:24.791   586   759 D hwcomposer: (0:0) Layer+ (mva=0x0/sec=0/prot=0/alpha=0:0xff/blend=0001/dim=0/fmt=2820/range=1(20000000)/x=0 y=0 w=1200 h=2000 s=1200,2000 -> x=0 y=0 w=1200 h=2000/layer_type=0 ext_layer=-1 ds=0 fbdc=0) =
03-10 21:49:24.902   963  1342 E WifiVendorHal: getWifiLinkLayerStats_1_3_Internal(l.973) failed {.code = ERROR_NOT_SUPPORTED, .description = }
03-10 21:49:25.024   586   759 D hwcomposer: (0:1) Layer+ (mva=0x0/sec=0/prot=0/alpha=1:0xff/blend=0002/dim=0/fmt=4868/range=1(20000000)/x=0 y=0 w=36 h=2000 s=48,2000 -> x=0 y=0 w=36 h=2000/layer_type=0 ext_layer=-1 ds=0 fbdc=0) =
03-10 21:49:25.024   586   759 D hwcomposer: (0:2) Layer+ (mva=0x0/sec=0/prot=0/alpha=1:0xff/blend=0002/dim=0/fmt=4868/range=1(20000000)/x=0 y=0 w=72 h=2000 s=80,2000 -> x=1128 y=0 w=72 h=2000/layer_type=0 ext_layer=-1 ds=0 fbdc=0) =
03-10 21:49:25.076   601   698 I BufferQueueProducer: [NavigationBar0#0](this:0xb40000740dbe8698,id:3,api:1,p:1418,c:601) queueBuffer: fps=59.88 dur=1002.09 max=18.32 min=14.95
03-10 21:49:26.027  1418  1418 V ViewRootImpl[NavigationBar0]: enqueueInputEvent: event = MotionEvent { action=ACTION_OUTSIDE, actionButton=0, id[0]=0, x[0]=0.0, y[0]=0.0, toolType[0]=TOOL_TYPE_FINGER, buttonState=0, classification=NONE, metaState=0, flags=0x0, edgeFlags=0x0, pointerCount=1, historySize=0, eventTime=1481006, downTime=1481006, deviceId=3, source=0x1002, displayId=0 },processImmediately = true,mProcessInputEventsScheduled = false, this = android.view.ViewRootImpl@c9d44e3
03-10 21:49:26.027  9904  9904 V ViewRootImpl[HomeActivity]: enqueueInputEvent: event = MotionEvent { action=ACTION_DOWN, actionButton=0, id[0]=0, x[0]=473.76312, y[0]=811.32385, toolType[0]=TOOL_TYPE_FINGER, buttonState=0, classification=NONE, metaState=0, flags=0x0, edgeFlags=0x0, pointerCount=1, historySize=0, eventTime=1481006, downTime=1481006, deviceId=3, source=0x1002, displayId=0 },processImmediately = true,mProcessInputEventsScheduled = false, this = android.view.ViewRootImpl@75c9afb
03-10 21:49:26.027   594   704 I libPowerHal: [perfLockAcq] idx:3 hdl:633 hint:25 pid:594 duration:10000 => ret_hdl:633
03-10 21:49:26.027   594   704 I libPowerHal: [PE] scn:3 hdl:633 hint:25 comm:mtkpower@1.0-se pid:594
03-10 21:49:26.028   594   704 I libPowerHal: [PE] MTKPOWER_HINT_APP_TOUCH update cmd:3408600 param:1
03-10 21:49:26.047   842  9627 I MtkCam/P1NodeImp: [deliverLoop] [Cam::0] Delivery(2000000000) NumList[0] NodeQueue[0]
03-10 21:49:26.047   842  9627 I MtkCam/P1NodeUtility: [analyze] [Cam::0] [::P1_LOG_NOTE::] ++++++++ ++++++++ ++++++++ ++++++++ ++++++++ ++++++++ ++++++++ ++++++++ ++++++++ ++++++++ ++++++++ ++++++++ ++++++++ ++++++++ ++++++++ ++++++++
03-10 21:49:26.047   842  9627 I MtkCam/P1NodeUtility: [analyze] [Cam::0] [::P1_LOG_NOTE::] ClueCode_ALL[0x100000000000]
03-10 21:49:26.047   842  9627 I MtkCam/P1NodeUtility: [analyze] [Cam::0] [::P1_LOG_NOTE::] ClueCode-bit[0x100000000000] = [CcDeduce_UninitNotCalledAfterFlush] the API function uninit() is not called after flush() done and the user also did not queue() acceptable request again  - reference tag <ApiFlush+++> <ApiFlush---> <ApiUninit+++> <ApiUninit---> <Queue@Arrive> <Queue@Accept> <Queue@REV> <Queue@RET>  
03-10 21:49:26.047   842  9627 I MtkCam/P1NodeUtility: [analyze] [Cam::0] [::P1_LOG_NOTE::] [ 21:43:16.862277_00842-07655= <Queue@Arrive> FrameNum(1116) RequestNum(1117) (0) (0) ] 
03-10 21:49:26.047   842  9627 I MtkCam/P1NodeUtility: [analyze] [Cam::0] [::P1_LOG_NOTE::] [ 21:43:16.862290_00842-07655= <Queue@Accept> FrameNum(1116) RequestNum(1117) IsAccepted(0) ReceivingResult(3) ] 
03-10 21:49:26.047   842  9627 I MtkCam/P1NodeUtility: [analyze] [Cam::0] [::P1_LOG_NOTE::] [ 21:43:16.791636_00842-07655= <Queue@REV> FrameNum(1115) RequestNum(1116) (0) (0) ] 
03-10 21:49:26.047   842  9627 I MtkCam/P1NodeUtility: [analyze] [Cam::0] [::P1_LOG_NOTE::] [ 21:43:16.792225_00842-07655= <Queue@RET> FrameNum(1115) RequestNum(1116) (0) (0) ] 
03-10 21:49:26.047   842  9627 I MtkCam/P1NodeUtility: [analyze] [Cam::0] [::P1_LOG_NOTE::] [ 21:43:16.862700_00842-00954= <ApiFlush+++> (0) (0) (0) (0) ] 
03-10 21:49:26.047   842  9627 I MtkCam/P1NodeUtility: [analyze] [Cam::0] [::P1_LOG_NOTE::] [ 21:43:16.909436_00842-00954= <ApiFlush---> (0) (0) (0) (0) ] 
03-10 21:49:26.047   842  9627 I MtkCam/P1NodeUtility: [analyze] [Cam::0] [::P1_LOG_NOTE::] [ 19:00:00.000000_00000-00000= <ApiUninit+++> (0) (0) (0) (0) ] 
03-10 21:49:26.047   842  9627 I MtkCam/P1NodeUtility: [analyze] [Cam::0] [::P1_LOG_NOTE::] [ 19:00:00.000000_00000-00000= <ApiUninit---> (0) (0) (0) (0) ] 
03-10 21:49:26.047   842  9627 I MtkCam/P1NodeUtility: [analyze] [Cam::0] [::P1_LOG_NOTE::] -------- -------- -------- -------- -------- -------- -------- -------- -------- -------- -------- -------- -------- -------- -------- --------
03-10 21:49:26.047   842  9627 I MtkCam/P1NodeUtility: [inspect] [Cam::0] [::P1_LOG_DUMP::] [Burst:1][Type:8] check since no more frame delivery
03-10 21:49:26.047   842  9627 I MtkCam/P1NodeUtility: [inspect] [Cam::0] [::P1_LOG_DUMP::] ++++++++ ++++++++ ++++++++ ++++++++ ++++++++ ++++++++ ++++++++ ++++++++ ++++++++ ++++++++ ++++++++ ++++++++ ++++++++ ++++++++ ++++++++ ++++++++
03-10 21:49:26.047   842  9627 I MtkCam/P1NodeUtility: [inspect] [Cam::0] [::P1_LOG_DUMP::] [ 21:43:16.862277_00842-07655= <Queue@Arrive> FrameNum(1116) RequestNum(1117) (0) (0) ] 
03-10 21:49:26.047   842  9627 I MtkCam/P1NodeUtility: [inspect] [Cam::0] [::P1_LOG_DUMP::] [ 21:43:16.862290_00842-07655= <Queue@Accept> FrameNum(1116) RequestNum(1117) IsAccepted(0) ReceivingResult(3) ] 
03-10 21:49:26.047   842  9627 I MtkCam/P1NodeUtility: [inspect] [Cam::0] [::P1_LOG_DUMP::] [ 21:43:16.791636_00842-07655= <Queue@REV> FrameNum(1115) RequestNum(1116) (0) (0) ] 
03-10 21:49:26.047   842  9627 I MtkCam/P1NodeUtility: [inspect] [Cam::0] [::P1_LOG_DUMP::] [ 21:43:16.792225_00842-07655= <Queue@RET> FrameNum(1115) RequestNum(1116) (0) (0) ] 
03-10 21:49:26.047   842  9627 I MtkCam/P1NodeUtility: [inspect] [Cam::0] [::P1_LOG_DUMP::] [ 21:43:16.791513_00842-09557= <ReqNotify+++> LastFrameNum(1114) LastRequestNum(1115) PipelineCbButNotQueueCnt(1) (0) ] 
03-10 21:49:26.048   842  9627 I MtkCam/P1NodeUtility: [inspect] [Cam::0] [::P1_LOG_DUMP::] [ 21:43:16.791603_00842-09557= <ReqNotify---> LastFrameNum(1114) LastRequestNum(1115) PipelineCbButNotQueueCnt(1) (0) ] 
03-10 21:49:26.048   842  9627 I MtkCam/P1NodeUtility: [inspect] [Cam::0] [::P1_LOG_DUMP::] [ 21:43:16.791456_00842-09557= <3A_CB_SYNC@REV> MsgType(4) (0) (0) (0) ] 
03-10 21:49:26.048   842  9627 I MtkCam/P1NodeUtility: [inspect] [Cam::0] [::P1_LOG_DUMP::] [ 21:43:16.791858_00842-09557= <3A_CB_SYNC@RET> MsgType(4) Skip(0) (0) (0) ] 
03-10 21:49:26.048   842  9627 I MtkCam/P1NodeUtility: [inspect] [Cam::0] [::P1_LOG_DUMP::] [ 21:43:16.795390_00842-09557= <3A_CB_PROC@REV> MsgType(0) MagicNum(1116) SofIdx(92) (0) ] 
03-10 21:49:26.048   842  9627 I MtkCam/P1NodeUtility: [inspect] [Cam::0] [::P1_LOG_DUMP::] [ 21:43:16.795975_00842-09557= <3A_CB_PROC@RET> MsgType(0) Skip(0) (0) (0) ] 
03-10 21:49:26.048   842  9627 I MtkCam/P1NodeUtility: [inspect] [Cam::0] [::P1_LOG_DUMP::] [ 21:41:25.197083_00842-07655= <3A.StartSet+++> Type(0) MagicNum(2) (0) (0) ] 
03-10 21:49:26.048   842  9627 I MtkCam/P1NodeUtility: [inspect] [Cam::0] [::P1_LOG_DUMP::] [ 21:41:25.197741_00842-07655= <3A.StartSet---> Type(0) MagicNum(2) (0) (0) ] 
03-10 21:49:26.048   842  9627 I MtkCam/P1NodeUtility: [inspect] [Cam::0] [::P1_LOG_DUMP::] [ 21:43:16.791961_00842-07655= <3A.PreSet+++> PreSetKey(1117) Dummy(0) FrameNum(1115) RequestNum(1116) ] 
03-10 21:49:26.048   842  9627 I MtkCam/P1NodeUtility: [inspect] [Cam::0] [::P1_LOG_DUMP::] [ 21:43:16.792180_00842-07655= <3A.PreSet---> PreSetKey(1117) Dummy(0) FrameNum(1115) RequestNum(1116) ] 
03-10 21:49:26.048   842  9627 I MtkCam/P1NodeUtility: [inspect] [Cam::0] [::P1_LOG_DUMP::] [ 21:43:16.791619_00842-09557= <3A.Set+++> PreSetKey(1116) MagicNum(1116) FrameNum(1114) RequestNum(1115) ] 
03-10 21:49:26.048   842  9627 I MtkCam/P1NodeUtility: [inspect] [Cam::0] [::P1_LOG_DUMP::] [ 21:43:16.791814_00842-09557= <3A.Set---> PreSetKey(1116) MagicNum(1116) FrameNum(1114) RequestNum(1115) ] 
03-10 21:49:26.048   842  9627 I MtkCam/P1NodeUtility: [inspect] [Cam::0] [::P1_LOG_DUMP::] [ 21:43:16.896462_00842-09627= <AcqBuf+++> StreamNum(7) StreamId(4294967299) FrameNum(1115) RequestNum(1116) ] 
03-10 21:49:26.048   842  9627 I MtkCam/P1NodeUtility: [inspect] [Cam::0] [::P1_LOG_DUMP::] [ 21:43:16.896498_00842-09627= <AcqBuf---> StreamNum(7) StreamId(4294967299) FrameNum(1115) RequestNum(1116) ] 
03-10 21:49:26.048   842  9627 I MtkCam/P1NodeUtility: [inspect] [Cam::0] [::P1_LOG_DUMP::] [ 21:43:16.795873_00842-09557= <DRV.EnQ+++> MagicNum(1116) FrameNum(1114) RequestNum(1115) SofIdx(92) ] 
03-10 21:49:26.048   842  9627 I MtkCam/P1NodeUtility: [inspect] [Cam::0] [::P1_LOG_DUMP::] [ 21:43:16.795957_00842-09557= <DRV.EnQ---> MagicNum(1116) FrameNum(1114) RequestNum(1115) SofIdx(92) ] 
03-10 21:49:26.048   842  9627 I MtkCam/P1NodeUtility: [inspect] [Cam::0] [::P1_LOG_DUMP::] [ 21:43:16.826934_00842-09623= <DRV.DeQ+++> (0) (0) (0) (0) ] 
03-10 21:49:26.048   842  9627 I MtkCam/P1NodeUtility: [inspect] [Cam::0] [::P1_LOG_DUMP::] [ 21:43:16.892048_00842-09623= <DRV.DeQ---> ResultMagicNum(0) (0) (0) (0) ] 
03-10 21:49:26.048   842  9627 I MtkCam/P1NodeUtility: [inspect] [Cam::0] [::P1_LOG_DUMP::] [ 21:43:16.825340_00842-09623= <3A.Get+++> MagicNum(1114) FrameNum(1112) RequestNum(1113) (0) ] 
03-10 21:49:26.048   842  9627 I MtkCam/P1NodeUtility: [inspect] [Cam::0] [::P1_LOG_DUMP::] [ 21:43:16.825457_00842-09623= <3A.Get---> MagicNum(1114) FrameNum(1112) RequestNum(1113) (0) ] 
03-10 21:49:26.048   842  9627 I MtkCam/P1NodeUtility: [inspect] [Cam::0] [::P1_LOG_DUMP::] [ 19:00:00.000000_00000-00000= <3A.GetCur+++> MagicNum(0) FrameNum(0) RequestNum(0) (0) ] 
03-10 21:49:26.048   842  9627 I MtkCam/P1NodeUtility: [inspect] [Cam::0] [::P1_LOG_DUMP::] [ 19:00:00.000000_00000-00000= <3A.GetCur---> MagicNum(0) FrameNum(0) RequestNum(0) (0) ] 
03-10 21:49:26.048   842  9627 I MtkCam/P1NodeUtility: [inspect] [Cam::0] [::P1_LOG_DUMP::] [ 21:43:16.825463_00842-09623= <ISP.Get+++> MagicNum(1114) FrameNum(1112) RequestNum(1113) (0) ] 
03-10 21:49:26.048   842  9627 I MtkCam/P1NodeUtility: [inspect] [Cam::0] [::P1_LOG_DUMP::] [ 21:43:16.825467_00842-09623= <ISP.Get---> MagicNum(1114) FrameNum(1112) RequestNum(1113) (0) ] 
03-10 21:49:26.048   842  9627 I MtkCam/P1NodeUtility: [inspect] [Cam::0] [::P1_LOG_DUMP::] [ 19:00:00.000000_00000-00000= <ISP.GetCur+++> MagicNum(0) FrameNum(0) RequestNum(0) (0) ] 
03-10 21:49:26.048   842  9627 I MtkCam/P1NodeUtility: [inspect] [Cam::0] [::P1_LOG_DUMP::] [ 19:00:00.000000_00000-00000= <ISP.GetCur---> MagicNum(0) FrameNum(0) RequestNum(0) (0) ] 
03-10 21:49:26.048   842  9627 I MtkCam/P1NodeUtility: [inspect] [Cam::0] [::P1_LOG_DUMP::] [ 19:00:00.000000_00000-00000= <SYNC.syncResultCheck+++> MagicNum(0) FrameNum(0) RequestNum(0) (0) ] 
03-10 21:49:26.048   842  9627 I MtkCam/P1NodeUtility: [inspect] [Cam::0] [::P1_LOG_DUMP::] [ 19:00:00.000000_00000-00000= <SYNC.syncResultCheck---> MagicNum(0) FrameNum(0) RequestNum(0) (0) ] 
03-10 21:49:26.048   842  9627 I MtkCam/P1NodeUtility: [inspect] [Cam::0] [::P1_LOG_DUMP::] [ 21:43:16.896786_00842-09627= <DispatchNext+++> MagicNum(1117) FrameNum(1115) RequestNum(1116) (0) ] 
03-10 21:49:26.048   842  9627 I MtkCam/P1NodeUtility: [inspect] [Cam::0] [::P1_LOG_DUMP::] [ 21:43:16.898384_00842-09627= <DispatchNext---> MagicNum(1117) FrameNum(1115) RequestNum(1116) (0) ] 
03-10 21:49:26.048   842  9627 I MtkCam/P1NodeUtility: [inspect] [Cam::0] [::P1_LOG_DUMP::] [ 21:41:25.132285_00842-09621= <OpStart+++> BurstMode(1) StartCap(0) InitReq(0) (0) ] 
03-10 21:49:26.048   842  9627 I MtkCam/P1NodeUtility: [inspect] [Cam::0] [::P1_LOG_DUMP::] [ 21:41:25.168323_00842-09621= <OpStart.3aPwrOn+++> (0) (0) (0) (0) ] 
03-10 21:49:26.048   842  9627 I MtkCam/P1NodeUtility: [inspect] [Cam::0] [::P1_LOG_DUMP::] [ 21:41:25.168438_00842-09621= <OpStart.3aPwrOn---> (0) (0) (0) (0) ] 
03-10 21:49:26.048   842  9627 I MtkCam/P1NodeUtility: [inspect] [Cam::0] [::P1_LOG_DUMP::] [ 21:41:25.168624_00842-09621= <OpStart.3aCfg+++> (0) (0) (0) (0) ] 
03-10 21:49:26.048   842  9627 I MtkCam/P1NodeUtility: [inspect] [Cam::0] [::P1_LOG_DUMP::] [ 21:41:25.172150_00842-09621= <OpStart.3aCfg---> (0) (0) (0) (0) ] 
03-10 21:49:26.048   842  9627 I MtkCam/P1NodeUtility: [inspect] [Cam::0] [::P1_LOG_DUMP::] [ 21:41:25.172470_00842-09621= <OpStart.3aStart+++> (0) (0) (0) (0) ] 
03-10 21:49:26.048   842  9627 I MtkCam/P1NodeUtility: [inspect] [Cam::0] [::P1_LOG_DUMP::] [ 21:41:25.180152_00842-09621= <OpStart.3aStart---> (0) (0) (0) (0) ] 
03-10 21:49:26.048   842  9627 I MtkCam/P1NodeUtility: [inspect] [Cam::0] [::P1_LOG_DUMP::] [ 21:41:25.172160_00842-09621= <OpStart.ISPCfg+++> (0) (0) (0) (0) ] 
03-10 21:49:26.048   842  9627 I MtkCam/P1NodeUtility: [inspect] [Cam::0] [::P1_LOG_DUMP::] [ 21:41:25.172203_00842-09621= <OpStart.ISPCfg---> (0) (0) (0) (0) ] 
03-10 21:49:26.048   842  9627 I MtkCam/P1NodeUtility: [inspect] [Cam::0] [::P1_LOG_DUMP::] [ 21:41:25.180154_00842-09621= <OpStart.ISPStart+++> (0) (0) (0) (0) ] 
03-10 21:49:26.048   842  9627 I MtkCam/P1NodeUtility: [inspect] [Cam::0] [::P1_LOG_DUMP::] [ 21:41:25.180202_00842-09621= <OpStart.ISPStart---> (0) (0) (0) (0) ] 
03-10 21:49:26.048   842  9627 I MtkCam/P1NodeUtility: [inspect] [Cam::0] [::P1_LOG_DUMP::] [ 21:41:25.132449_00842-09621= <OpStart.DrvInit+++> (0) (0) (0) (0) ] 
03-10 21:49:26.048   842  9627 I MtkCam/P1NodeUtility: [inspect] [Cam::0] [::P1_LOG_DUMP::] [ 21:41:25.134464_00842-09621= <OpStart.DrvInit---> (0) (0) (0) (0) ] 
03-10 21:49:26.048   842  9627 I MtkCam/P1NodeUtility: [inspect] [Cam::0] [::P1_LOG_DUMP::] [ 21:41:25.135084_00842-09621= <OpStart.DrvCfg+++> (0) (0) (0) (0) ] 
03-10 21:49:26.048   842  9627 I MtkCam/P1NodeUtility: [inspect] [Cam::0] [::P1_LOG_DUMP::] [ 21:41:25.168194_00842-09621= <OpStart.DrvCfg---> (0) (0) (0) (0) ] 
03-10 21:49:26.048   842  9627 I MtkCam/P1NodeUtility: [inspect] [Cam::0] [::P1_LOG_DUMP::] [ 21:41:25.181121_00842-09621= <OpStart.DrvStart+++> (0) (0) (0) (0) ] 
03-10 21:49:26.048   842  9627 I MtkCam/P1NodeUtility: [inspect] [Cam::0] [::P1_LOG_DUMP::] [ 21:41:25.181907_00842-09621= <OpStart.DrvStart---> (0) (0) (0) (0) ] 
03-10 21:49:26.048   842  9627 I MtkCam/P1NodeUtility: [inspect] [Cam::0] [::P1_LOG_DUMP::] [ 19:00:00.000000_00000-00000= <OpStart.ReqWait+++> Type(0) (0) (0) (0) ] 
03-10 21:49:26.049   842  9627 I MtkCam/P1NodeUtility: [inspect] [Cam::0] [::P1_LOG_DUMP::] [ 19:00:00.000000_00000-00000= <OpStart.ReqWait---> Type(0) (0) (0) (0) ] 
03-10 21:49:26.049   842  9627 I MtkCam/P1NodeUtility: [inspect] [Cam::0] [::P1_LOG_DUMP::] [ 21:41:25.182031_00842-09621= <OpStart---> BurstMode(1) StartCap(0) InitReq(0) Type(0) ] 
03-10 21:49:26.049   842  9627 I MtkCam/P1NodeUtility: [inspect] [Cam::0] [::P1_LOG_DUMP::] [ 21:43:16.862721_00842-00954= <OpStop+++> LastFrameNum(1115) LastRequestNum(1116) PipelineCbButNotQueueCnt(0) (0) ] 
03-10 21:49:26.049   842  9627 I MtkCam/P1NodeUtility: [inspect] [Cam::0] [::P1_LOG_DUMP::] [ 21:43:16.906271_00842-00954= <OpStop.3aPwrOff+++> (0) (0) (0) (0) ] 
03-10 21:49:26.049   842  9627 I MtkCam/P1NodeUtility: [inspect] [Cam::0] [::P1_LOG_DUMP::] [ 21:43:16.906354_00842-00954= <OpStop.3aPwrOff---> (0) (0) (0) (0) ] 
03-10 21:49:26.049   842  9627 I MtkCam/P1NodeUtility: [inspect] [Cam::0] [::P1_LOG_DUMP::] [ 21:43:16.862726_00842-00954= <OpStop.3aStopStt+++> (0) (0) (0) (0) ] 
03-10 21:49:26.049   842  9627 I MtkCam/P1NodeUtility: [inspect] [Cam::0] [::P1_LOG_DUMP::] [ 21:43:16.863509_00842-00954= <OpStop.3aStopStt---> (0) (0) (0) (0) ] 
03-10 21:49:26.049   842  9627 I MtkCam/P1NodeUtility: [inspect] [Cam::0] [::P1_LOG_DUMP::] [ 21:43:16.892211_00842-00954= <OpStop.3aStop+++> (0) (0) (0) (0) ] 
03-10 21:49:26.049   842  9627 I MtkCam/P1NodeUtility: [inspect] [Cam::0] [::P1_LOG_DUMP::] [ 21:43:16.906188_00842-00954= <OpStop.3aStop---> (0) (0) (0) (0) ] 
03-10 21:49:26.049   842  9627 I MtkCam/P1NodeUtility: [inspect] [Cam::0] [::P1_LOG_DUMP::] [ 21:43:16.906191_00842-00954= <OpStop.ISPStop+++> (0) (0) (0) (0) ] 
03-10 21:49:26.049   842  9627 I MtkCam/P1NodeUtility: [inspect] [Cam::0] [::P1_LOG_DUMP::] [ 21:43:16.906270_00842-00954= <OpStop.ISPStop---> (0) (0) (0) (0) ] 
03-10 21:49:26.049   842  9627 I MtkCam/P1NodeUtility: [inspect] [Cam::0] [::P1_LOG_DUMP::] [ 21:43:16.906691_00842-00954= <OpStop.DrvUninit+++> (0) (0) (0) (0) ] 
03-10 21:49:26.049   842  9627 I MtkCam/P1NodeUtility: [inspect] [Cam::0] [::P1_LOG_DUMP::] [ 21:43:16.908729_00842-00954= <OpStop.DrvUninit---> (0) (0) (0) (0) ] 
03-10 21:49:26.049   842  9627 I MtkCam/P1NodeUtility: [inspect] [Cam::0] [::P1_LOG_DUMP::] [ 21:43:16.863513_00842-00954= <OpStop.DrvStop+++> (0) (0) (0) (0) ] 
03-10 21:49:26.049   842  9627 I MtkCam/P1NodeUtility: [inspect] [Cam::0] [::P1_LOG_DUMP::] [ 21:43:16.892047_00842-00954= <OpStop.DrvStop---> IsAbort(0) (0) (0) (0) ] 
03-10 21:49:26.049   842  9627 I MtkCam/P1NodeUtility: [inspect] [Cam::0] [::P1_LOG_DUMP::] [ 21:43:16.892049_00842-00954= <OpStop.HwLock+++> (0) (0) (0) (0) ] 
03-10 21:49:26.049   842  9627 I MtkCam/P1NodeUtility: [inspect] [Cam::0] [::P1_LOG_DUMP::] [ 21:43:16.892073_00842-00954= <OpStop.HwLock---> (0) (0) (0) (0) ] 
03-10 21:49:26.049   842  9627 I MtkCam/P1NodeUtility: [inspect] [Cam::0] [::P1_LOG_DUMP::] [ 21:43:16.909405_00842-00954= <OpStop---> LastFrameNum(1115) LastRequestNum(1116) PipelineCbButNotQueueCnt(0) (0) ] 
03-10 21:49:26.049   842  9627 I MtkCam/P1NodeUtility: [inspect] [Cam::0] [::P1_LOG_DUMP::] [ 21:43:16.862700_00842-00954= <ApiFlush+++> (0) (0) (0) (0) ] 
03-10 21:49:26.049   842  9627 I MtkCam/P1NodeUtility: [inspect] [Cam::0] [::P1_LOG_DUMP::] [ 21:43:16.909436_00842-00954= <ApiFlush---> (0) (0) (0) (0) ] 
03-10 21:49:26.049   842  9627 I MtkCam/P1NodeUtility: [inspect] [Cam::0] [::P1_LOG_DUMP::] [ 19:00:00.000000_00000-00000= <ApiUninit+++> (0) (0) (0) (0) ] 
03-10 21:49:26.049   842  9627 I MtkCam/P1NodeUtility: [inspect] [Cam::0] [::P1_LOG_DUMP::] [ 19:00:00.000000_00000-00000= <ApiUninit---> (0) (0) (0) (0) ] 
03-10 21:49:26.049   842  9627 I MtkCam/P1NodeUtility: [inspect] [Cam::0] [::P1_LOG_DUMP::] -------- -------- -------- -------- -------- -------- -------- -------- -------- -------- -------- -------- -------- -------- -------- --------
03-10 21:49:26.055  9904  9904 V ViewRootImpl[HomeActivity]: enqueueInputEvent: event = MotionEvent { action=ACTION_MOVE, actionButton=0, id[0]=0, x[0]=473.76312, y[0]=811.32385, toolType[0]=TOOL_TYPE_FINGER, buttonState=0, classification=NONE, metaState=0, flags=0x0, edgeFlags=0x0, pointerCount=1, historySize=1, eventTime=1481030, downTime=1481006, deviceId=3, source=0x1002, displayId=0 },processImmediately = true,mProcessInputEventsScheduled = false, this = android.view.ViewRootImpl@75c9afb
03-10 21:49:26.061   601   698 I BufferQueueProducer: [com.google.android.apps.nbu.files/com.google.android.apps.nbu.files.home.HomeActivity#0](this:0xb40000740dc16978,id:162,api:1,p:9904,c:601) queueBuffer: fps=7.19 dur=2921.74 max=2599.36 min=6.53
03-10 21:49:26.072  9904  9904 V ViewRootImpl[HomeActivity]: enqueueInputEvent: event = MotionEvent { action=ACTION_MOVE, actionButton=0, id[0]=0, x[0]=473.76312, y[0]=794.32904, toolType[0]=TOOL_TYPE_FINGER, buttonState=0, classification=NONE, metaState=0, flags=0x0, edgeFlags=0x0, pointerCount=1, historySize=1, eventTime=1481047, downTime=1481006, deviceId=3, source=0x1002, displayId=0 },processImmediately = true,mProcessInputEventsScheduled = false, this = android.view.ViewRootImpl@75c9afb
03-10 21:49:26.073   586   586 I hwcomposer: [HWCDisplay] [Display_0 (type:1)] fps:20.515831,dur:1316.06,max:883.05,min:15.79  
03-10 21:49:26.074   586   759 D hwcomposer: (0:0) Layer+ (mva=0x0/sec=0/prot=0/alpha=0:0xff/blend=0001/dim=0/fmt=2820/range=1(20000000)/x=0 y=0 w=1200 h=2000 s=1200,2000 -> x=0 y=0 w=1200 h=2000/layer_type=0 ext_layer=-1 ds=0 fbdc=0) =
