03-10 21:33:34.726   963  1775 W WindowManager: Changing focus fromWindow{5a8aef6 u0 com.android.settings/com.android.settings.Settings} to null displayId=0 Callers=com.android.server.wm.RootWindowContainer.updateFocusedWindowLocked:457 com.android.server.wm.WindowManagerService.updateFocusedWindowLocked:5599 com.android.server.wm.DisplayContent.setFocusedApp:5517 com.android.server.wm.ActivityTaskManagerService.setResumedActivityUncheckLocked:5510 
03-10 21:33:34.774   963   963 I Telecom : DefaultDialerCache: Refreshing default dialer for user 0: now null: DDC.oR@AJE
03-10 21:33:34.823   963  5615 I SystemUpdateManagerService: No existing info file /data/system/system-update-info.xml
03-10 21:33:34.845   963  5641 I WindowManager: Relayout Window{e3e9b8f u0 com.android.settings/com.android.settings.SubSettings}: oldVis=4 newVis=0 focusMayChange = true
03-10 21:33:34.849   963  5641 W WindowManager: Changing focus fromnull to Window{e3e9b8f u0 com.android.settings/com.android.settings.SubSettings} displayId=0 Callers=com.android.server.wm.RootWindowContainer.updateFocusedWindowLocked:457 com.android.server.wm.WindowManagerService.updateFocusedWindowLocked:5599 com.android.server.wm.WindowManagerService.relayoutWindow:2392 com.android.server.wm.Session.relayout:213 
03-10 21:33:34.893   963  1025 E BOOTPROF: Failure open /proc/bootprof, not found!
03-10 21:33:34.893   963  1025 E BOOTPROF: java.io.FileNotFoundException: /proc/bootprof: open failed: ENOENT (No such file or directory)
03-10 21:33:34.893   963  1025 E BOOTPROF: 	at libcore.io.IoBridge.open(IoBridge.java:492)
03-10 21:33:34.893   963  1025 E BOOTPROF: 	at java.io.FileOutputStream.<init>(FileOutputStream.java:236)
03-10 21:33:34.893   963  1025 E BOOTPROF: 	at java.io.FileOutputStream.<init>(FileOutputStream.java:125)
03-10 21:33:34.893   963  1025 E BOOTPROF: 	at com.mediatek.server.MtkSystemServerImpl.addBootEvent(MtkSystemServerImpl.java:322)
03-10 21:33:34.893   963  1025 E BOOTPROF: 	at com.android.server.wm.ActivityMetricsLogger.logAppDisplayed(ActivityMetricsLogger.java:903)
03-10 21:33:34.893   963  1025 E BOOTPROF: 	at com.android.server.wm.ActivityMetricsLogger.lambda$logAppTransitionFinished$2$ActivityMetricsLogger(ActivityMetricsLogger.java:804)
03-10 21:33:34.893   963  1025 E BOOTPROF: 	at com.android.server.wm.-$$Lambda$ActivityMetricsLogger$fTBXciy3VZJ2vTW_ZJXaKfUj7_I.run(Unknown Source:4)
03-10 21:33:34.893   963  1025 E BOOTPROF: 	at android.os.Handler.handleCallback(Handler.java:938)
03-10 21:33:34.893   963  1025 E BOOTPROF: 	at android.os.Handler.dispatchMessage(Handler.java:99)
03-10 21:33:34.893   963  1025 E BOOTPROF: 	at android.os.Looper.loop(Looper.java:223)
03-10 21:33:34.893   963  1025 E BOOTPROF: 	at android.os.HandlerThread.run(HandlerThread.java:67)
03-10 21:33:34.893   963  1025 E BOOTPROF: Caused by: android.system.ErrnoException: open failed: ENOENT (No such file or directory)
03-10 21:33:34.893   963  1025 E BOOTPROF: 	at libcore.io.Linux.open(Native Method)
03-10 21:33:34.893   963  1025 E BOOTPROF: 	at libcore.io.ForwardingOs.open(ForwardingOs.java:166)
03-10 21:33:34.893   963  1025 E BOOTPROF: 	at libcore.io.BlockGuardOs.open(BlockGuardOs.java:254)
03-10 21:33:34.893   963  1025 E BOOTPROF: 	at libcore.io.IoBridge.open(IoBridge.java:478)
03-10 21:33:34.893   963  1025 E BOOTPROF: 	... 10 more
03-10 21:33:36.742   963  5636 I ActivityTaskManager: START u0 {act=android.intent.action.MAIN cmp=com.android.settings/.SubSettings (has extras)} from uid 1000
03-10 21:33:36.757   963  5636 W ActivityTaskManager: Tried to set launchTime (0) < mLastActivityLaunchTime (529705)
03-10 21:33:36.759   963  5636 W WindowManager: Changing focus fromWindow{e3e9b8f u0 com.android.settings/com.android.settings.SubSettings} to null displayId=0 Callers=com.android.server.wm.RootWindowContainer.updateFocusedWindowLocked:457 com.android.server.wm.WindowManagerService.updateFocusedWindowLocked:5599 com.android.server.wm.DisplayContent.setFocusedApp:5517 com.android.server.wm.ActivityTaskManagerService.setResumedActivityUncheckLocked:5510 
03-10 21:33:36.808   963  5615 E UserRestrictionsUtils: Unknown restriction queried by uid 1000 (com.mediatek.atci.service et al): null
03-10 21:33:36.811   963  5615 I chatty  : uid=1000(system) Binder:963_19 identical 2 lines
03-10 21:33:36.813   963  5615 E UserRestrictionsUtils: Unknown restriction queried by uid 1000 (com.mediatek.atci.service et al): null
03-10 21:33:36.871   963  5615 D ActivityManager: Freezer.killable not present, disabling freezer
03-10 21:33:36.923   963  5641 D ActivityManager: Freezer.killable not present, disabling freezer
03-10 21:33:36.935   963  1775 D ActivityManager: Freezer.killable not present, disabling freezer
03-10 21:33:36.946   963  1775 I WindowManager: Relayout Window{85fff0c u0 com.android.settings/com.android.settings.SubSettings}: oldVis=4 newVis=0 focusMayChange = true
03-10 21:33:36.949   963  1775 W WindowManager: Changing focus fromnull to Window{85fff0c u0 com.android.settings/com.android.settings.SubSettings} displayId=0 Callers=com.android.server.wm.RootWindowContainer.updateFocusedWindowLocked:457 com.android.server.wm.WindowManagerService.updateFocusedWindowLocked:5599 com.android.server.wm.WindowManagerService.relayoutWindow:2392 com.android.server.wm.Session.relayout:213 
03-10 21:33:36.980   963  1103 I UsbPortManager: ClientCallback V1_1: dual-role-type_c_port0
03-10 21:33:37.030   963  1025 E BOOTPROF: Failure open /proc/bootprof, not found!
03-10 21:33:37.030   963  1025 E BOOTPROF: java.io.FileNotFoundException: /proc/bootprof: open failed: ENOENT (No such file or directory)
03-10 21:33:37.030   963  1025 E BOOTPROF: 	at libcore.io.IoBridge.open(IoBridge.java:492)
03-10 21:33:37.030   963  1025 E BOOTPROF: 	at java.io.FileOutputStream.<init>(FileOutputStream.java:236)
03-10 21:33:37.030   963  1025 E BOOTPROF: 	at java.io.FileOutputStream.<init>(FileOutputStream.java:125)
03-10 21:33:37.030   963  1025 E BOOTPROF: 	at com.mediatek.server.MtkSystemServerImpl.addBootEvent(MtkSystemServerImpl.java:322)
03-10 21:33:37.030   963  1025 E BOOTPROF: 	at com.android.server.wm.ActivityMetricsLogger.logAppDisplayed(ActivityMetricsLogger.java:903)
03-10 21:33:37.030   963  1025 E BOOTPROF: 	at com.android.server.wm.ActivityMetricsLogger.lambda$logAppTransitionFinished$2$ActivityMetricsLogger(ActivityMetricsLogger.java:804)
03-10 21:33:37.030   963  1025 E BOOTPROF: 	at com.android.server.wm.-$$Lambda$ActivityMetricsLogger$fTBXciy3VZJ2vTW_ZJXaKfUj7_I.run(Unknown Source:4)
03-10 21:33:37.030   963  1025 E BOOTPROF: 	at android.os.Handler.handleCallback(Handler.java:938)
03-10 21:33:37.030   963  1025 E BOOTPROF: 	at android.os.Handler.dispatchMessage(Handler.java:99)
03-10 21:33:37.030   963  1025 E BOOTPROF: 	at android.os.Looper.loop(Looper.java:223)
03-10 21:33:37.030   963  1025 E BOOTPROF: 	at android.os.HandlerThread.run(HandlerThread.java:67)
03-10 21:33:37.030   963  1025 E BOOTPROF: Caused by: android.system.ErrnoException: open failed: ENOENT (No such file or directory)
03-10 21:33:37.030   963  1025 E BOOTPROF: 	at libcore.io.Linux.open(Native Method)
03-10 21:33:37.030   963  1025 E BOOTPROF: 	at libcore.io.ForwardingOs.open(ForwardingOs.java:166)
03-10 21:33:37.030   963  1025 E BOOTPROF: 	at libcore.io.BlockGuardOs.open(BlockGuardOs.java:254)
03-10 21:33:37.030   963  1025 E BOOTPROF: 	at libcore.io.IoBridge.open(IoBridge.java:478)
03-10 21:33:37.030   963  1025 E BOOTPROF: 	... 10 more
03-10 21:33:37.188   963  5641 D ActivityManager: Freezer.killable not present, disabling freezer
03-10 21:33:38.039   963   963 W WindowManager: removeWindowToken: Attempted to remove non-existing token: android.os.Binder@7487cc4
03-10 21:33:47.330   963  1363 D MtkConnectivityService: Data stall detected with methods: 2
03-10 21:33:47.700   963  1347 D MtkConnectivityService: [100 WIFI] validation passed
03-10 21:34:04.452   963  1347 D MtkConnectivityService: reportNetworkConnectivity(100, false) by 10108
03-10 21:34:04.840   963  1347 D MtkConnectivityService: [100 WIFI] validation passed
03-10 21:34:13.993   963  5641 D MtkConnectivityService: Data stall detected with methods: 2
03-10 21:34:14.359   963  1347 D MtkConnectivityService: [100 WIFI] validation passed
03-10 21:34:32.314   963  1042 V DisplayPowerController: Brightness [0.05] reason changing to: 'manual [ dim ]', previous reason: 'manual'.
03-10 21:34:32.580   963  5641 D MtkConnectivityService: Data stall detected with methods: 2
03-10 21:34:32.949   963  1347 D MtkConnectivityService: [100 WIFI] validation passed
03-10 21:34:39.311   963  1042 I PowerManagerService: Going to sleep due to timeout (uid 1000)...
03-10 21:34:39.314   963  1042 I PowerManagerService: Sleeping (uid 1000)...
03-10 21:34:39.399   963  1042 V DisplayPowerController: Brightness [0.20289086] reason changing to: 'manual', previous reason: 'manual [ dim ]'.
03-10 21:34:39.516   963  1042 I DisplayPowerController: Blocking screen off
03-10 21:34:39.517   963  1042 I DisplayPowerController: Unblocked screen off after 0 ms
03-10 21:34:39.541   963  1032 E KernelCpuSpeedReader: Failed to read cpu-freq: /sys/devices/system/cpu/cpu4/cpufreq/stats/time_in_state: open failed: ENOENT (No such file or directory)
03-10 21:34:39.541   963  1032 E KernelCpuSpeedReader: Failed to read cpu-freq: /sys/devices/system/cpu/cpu0/cpufreq/stats/time_in_state: open failed: ENOENT (No such file or directory)
03-10 21:34:39.543   963  1042 D ActivityTaskManager: Top Process State changed to PROCESS_STATE_TOP_SLEEPING
03-10 21:34:39.561   963  1042 D WindowOrientationListener: WindowOrientationListener disabled
03-10 21:34:39.568   963  1019 W ProcessStats: Tracking association SourceState{689094c com.android.settings/1000 Top #11445} whose proc state 1 is better than process ProcessState{5f64d95 com.google.android.setupwizard/10141 pkg=com.google.android.setupwizard} proc state 2 (63 skipped)
03-10 21:34:39.573   963  1042 V DisplayPowerController: Brightness [-1.0] reason changing to: 'screen_off', previous reason: 'manual'.
03-10 21:34:39.574   963  1019 I DisplayManagerService: Display device changed state: "内置屏幕", OFF
03-10 21:34:39.600   963  1019 W WindowManager: Changing focus fromWindow{85fff0c u0 com.android.settings/com.android.settings.SubSettings} to null displayId=0 Callers=com.android.server.wm.RootWindowContainer.updateFocusedWindowLocked:457 com.android.server.wm.WindowManagerService.updateFocusedWindowLocked:5599 com.android.server.wm.ActivityRecord.commitVisibility:4297 com.android.server.wm.ActivityRecord.setVisibility:4239 
03-10 21:34:43.142   963  1102 I PowerManagerService: Waking up from Asleep (uid=1000, reason=WAKE_REASON_POWER_BUTTON, details=android.policy:POWER)...
03-10 21:34:43.149   963  1042 I DisplayPowerController: Blocking screen on until initial contents have been drawn.
03-10 21:34:43.150   963  1042 D ActivityTaskManager: Top Process State changed to PROCESS_STATE_TOP
03-10 21:34:43.166   963  1032 E KernelCpuSpeedReader: Failed to read cpu-freq: /sys/devices/system/cpu/cpu4/cpufreq/stats/time_in_state: open failed: ENOENT (No such file or directory)
03-10 21:34:43.166   963  1032 E KernelCpuSpeedReader: Failed to read cpu-freq: /sys/devices/system/cpu/cpu0/cpufreq/stats/time_in_state: open failed: ENOENT (No such file or directory)
03-10 21:34:43.198   963  1042 V DisplayPowerController: Brightness [0.20289086] reason changing to: 'manual', previous reason: 'screen_off'.
03-10 21:34:43.201   963  5641 E BOOTPROF: Failure open /proc/bootprof, not found!
03-10 21:34:43.201   963  5641 E BOOTPROF: java.io.FileNotFoundException: /proc/bootprof: open failed: ENOENT (No such file or directory)
03-10 21:34:43.201   963  5641 E BOOTPROF: 	at libcore.io.IoBridge.open(IoBridge.java:492)
03-10 21:34:43.201   963  5641 E BOOTPROF: 	at java.io.FileOutputStream.<init>(FileOutputStream.java:236)
03-10 21:34:43.201   963  5641 E BOOTPROF: 	at java.io.FileOutputStream.<init>(FileOutputStream.java:125)
03-10 21:34:43.201   963  5641 E BOOTPROF: 	at com.mediatek.server.MtkSystemServerImpl.addBootEvent(MtkSystemServerImpl.java:322)
03-10 21:34:43.201   963  5641 E BOOTPROF: 	at com.android.server.policy.keyguard.KeyguardServiceDelegate$KeyguardShowDelegate.onDrawn(KeyguardServiceDelegate.java:111)
03-10 21:34:43.201   963  5641 E BOOTPROF: 	at com.android.internal.policy.IKeyguardDrawnCallback$Stub.onTransact(IKeyguardDrawnCallback.java:79)
03-10 21:34:43.201   963  5641 E BOOTPROF: 	at android.os.Binder.execTransactInternal(Binder.java:1159)
03-10 21:34:43.201   963  5641 E BOOTPROF: 	at android.os.Binder.execTransact(Binder.java:1123)
03-10 21:34:43.201   963  5641 E BOOTPROF: Caused by: android.system.ErrnoException: open failed: ENOENT (No such file or directory)
03-10 21:34:43.201   963  5641 E BOOTPROF: 	at libcore.io.Linux.open(Native Method)
03-10 21:34:43.201   963  5641 E BOOTPROF: 	at libcore.io.ForwardingOs.open(ForwardingOs.java:166)
03-10 21:34:43.201   963  5641 E BOOTPROF: 	at libcore.io.BlockGuardOs.open(BlockGuardOs.java:254)
03-10 21:34:43.201   963  5641 E BOOTPROF: 	at libcore.io.IoBridge.open(IoBridge.java:478)
03-10 21:34:43.201   963  5641 E BOOTPROF: 	... 7 more
03-10 21:34:43.217   963  1017 D WindowOrientationListener: WindowOrientationListener enabled clearCurrentRotation=true
03-10 21:34:43.221   963  1042 I DisplayPowerController: Unblocked screen on after 71 ms
03-10 21:34:43.254   963  1019 I DisplayManagerService: Display device changed state: "内置屏幕", ON
03-10 21:34:43.283   963  5636 D ActivityManager: Freezer.killable not present, disabling freezer
03-10 21:34:43.295   963  2591 I WindowManager: Relayout Window{85fff0c u0 com.android.settings/com.android.settings.SubSettings}: oldVis=4 newVis=0 focusMayChange = true
03-10 21:34:43.302   963  2591 W WindowManager: Changing focus fromnull to Window{85fff0c u0 com.android.settings/com.android.settings.SubSettings} displayId=0 Callers=com.android.server.wm.RootWindowContainer.updateFocusedWindowLocked:457 com.android.server.wm.WindowManagerService.updateFocusedWindowLocked:5599 com.android.server.wm.WindowManagerService.relayoutWindow:2392 com.android.server.wm.Session.relayout:213 
03-10 21:34:43.792   963  1042 W PowerManagerService: Screen on took 656 ms
03-10 21:34:52.970   963  1750 D MtkConnectivityService: Data stall detected with methods: 2
03-10 21:34:53.361   963  1347 D MtkConnectivityService: [100 WIFI] validation passed
03-10 21:34:53.863   963  2591 W WindowManager: Changing focus fromWindow{85fff0c u0 com.android.settings/com.android.settings.SubSettings} to null displayId=0 Callers=com.android.server.wm.RootWindowContainer.updateFocusedWindowLocked:457 com.android.server.wm.WindowManagerService.updateFocusedWindowLocked:5599 com.android.server.wm.DisplayContent.setFocusedApp:5517 com.android.server.wm.ActivityTaskManagerService.setResumedActivityUncheckLocked:5510 
03-10 21:34:53.915   963  1750 I SystemUpdateManagerService: No existing info file /data/system/system-update-info.xml
03-10 21:34:53.928   963  1750 I WindowManager: Relayout Window{e3e9b8f u0 com.android.settings/com.android.settings.SubSettings}: oldVis=4 newVis=0 focusMayChange = true
03-10 21:34:53.936   963  1750 W WindowManager: Changing focus fromnull to Window{e3e9b8f u0 com.android.settings/com.android.settings.SubSettings} displayId=0 Callers=com.android.server.wm.RootWindowContainer.updateFocusedWindowLocked:457 com.android.server.wm.WindowManagerService.updateFocusedWindowLocked:5599 com.android.server.wm.WindowManagerService.relayoutWindow:2392 com.android.server.wm.Session.relayout:213 
03-10 21:34:54.435  2357  2357 E ActivityThread: Activity com.android.settings.SubSettings has leaked ServiceConnection android.bluetooth.BluetoothProfileConnector$2@8a0529d that was originally bound here
03-10 21:34:54.435  2357  2357 E ActivityThread: android.app.ServiceConnectionLeaked: Activity com.android.settings.SubSettings has leaked ServiceConnection android.bluetooth.BluetoothProfileConnector$2@8a0529d that was originally bound here
03-10 21:34:54.435  2357  2357 E ActivityThread: 	at android.app.LoadedApk$ServiceDispatcher.<init>(LoadedApk.java:1829)
03-10 21:34:54.435  2357  2357 E ActivityThread: 	at android.app.LoadedApk.getServiceDispatcherCommon(LoadedApk.java:1701)
03-10 21:34:54.435  2357  2357 E ActivityThread: 	at android.app.LoadedApk.getServiceDispatcher(LoadedApk.java:1680)
03-10 21:34:54.435  2357  2357 E ActivityThread: 	at android.app.ContextImpl.bindServiceCommon(ContextImpl.java:1819)
03-10 21:34:54.435  2357  2357 E ActivityThread: 	at android.app.ContextImpl.bindServiceAsUser(ContextImpl.java:1773)
03-10 21:34:54.435  2357  2357 E ActivityThread: 	at android.content.ContextWrapper.bindServiceAsUser(ContextWrapper.java:775)
03-10 21:34:54.435  2357  2357 E ActivityThread: 	at android.bluetooth.BluetoothProfileConnector.doBind(BluetoothProfileConnector.java:92)
03-10 21:34:54.435  2357  2357 E ActivityThread: 	at android.bluetooth.BluetoothProfileConnector.connect(BluetoothProfileConnector.java:140)
03-10 21:34:54.435  2357  2357 E ActivityThread: 	at android.bluetooth.BluetoothA2dp.<init>(BluetoothA2dp.java:244)
03-10 21:34:54.435  2357  2357 E ActivityThread: 	at android.bluetooth.BluetoothAdapter.getProfileProxy(BluetoothAdapter.java:2809)
03-10 21:34:54.435  2357  2357 E ActivityThread: 	at com.android.settings.development.DevelopmentSettingsDashboardFragment.onCreateView(DevelopmentSettingsDashboardFragment.java:214)
03-10 21:34:54.435  2357  2357 E ActivityThread: 	at androidx.fragment.app.Fragment.performCreateView(Fragment.java:2897)
03-10 21:34:54.435  2357  2357 E ActivityThread: 	at androidx.fragment.app.FragmentStateManager.createView(FragmentStateManager.java:527)
03-10 21:34:54.435  2357  2357 E ActivityThread: 	at androidx.fragment.app.FragmentManager.moveToState(FragmentManager.java:1324)
03-10 21:34:54.435  2357  2357 E ActivityThread: 	at androidx.fragment.app.FragmentManager.moveToState(FragmentManager.java:1477)
03-10 21:34:54.435  2357  2357 E ActivityThread: 	at androidx.fragment.app.FragmentManager.moveFragmentToExpectedState(FragmentManager.java:1555)
03-10 21:34:54.435  2357  2357 E ActivityThread: 	at androidx.fragment.app.FragmentManager.moveToState(FragmentManager.java:1608)
03-10 21:34:54.435  2357  2357 E ActivityThread: 	at androidx.fragment.app.FragmentManager.dispatchStateChange(FragmentManager.java:3046)
03-10 21:34:54.435  2357  2357 E ActivityThread: 	at androidx.fragment.app.FragmentManager.dispatchActivityCreated(FragmentManager.java:2990)
03-10 21:34:54.435  2357  2357 E ActivityThread: 	at androidx.fragment.app.FragmentController.dispatchActivityCreated(FragmentController.java:251)
03-10 21:34:54.435  2357  2357 E ActivityThread: 	at androidx.fragment.app.FragmentActivity.onStart(FragmentActivity.java:458)
03-10 21:34:54.435  2357  2357 E ActivityThread: 	at android.app.Instrumentation.callActivityOnStart(Instrumentation.java:1435)
03-10 21:34:54.435  2357  2357 E ActivityThread: 	at android.app.Activity.performStart(Activity.java:8024)
03-10 21:34:54.435  2357  2357 E ActivityThread: 	at android.app.ActivityThread.handleStartActivity(ActivityThread.java:3510)
03-10 21:34:54.435  2357  2357 E ActivityThread: 	at android.app.servertransaction.TransactionExecutor.performLifecycleSequence(TransactionExecutor.java:221)
03-10 21:34:54.435  2357  2357 E ActivityThread: 	at android.app.servertransaction.TransactionExecutor.cycleToPath(TransactionExecutor.java:201)
03-10 21:34:54.435  2357  2357 E ActivityThread: 	at android.app.servertransaction.TransactionExecutor.executeLifecycleState(TransactionExecutor.java:173)
03-10 21:34:54.435  2357  2357 E ActivityThread: 	at android.app.servertransaction.TransactionExecutor.execute(TransactionExecutor.java:97)
03-10 21:34:54.435  2357  2357 E ActivityThread: 	at android.app.ActivityThread$H.handleMessage(ActivityThread.java:2116)
03-10 21:34:54.435  2357  2357 E ActivityThread: 	at android.os.Handler.dispatchMessage(Handler.java:106)
03-10 21:34:54.435  2357  2357 E ActivityThread: 	at android.os.Looper.loop(Looper.java:223)
03-10 21:34:54.435  2357  2357 E ActivityThread: 	at android.app.ActivityThread.main(ActivityThread.java:7723)
03-10 21:34:54.435  2357  2357 E ActivityThread: 	at java.lang.reflect.Method.invoke(Native Method)
03-10 21:34:54.435  2357  2357 E ActivityThread: 	at com.android.internal.os.RuntimeInit$MethodAndArgsCaller.run(RuntimeInit.java:612)
03-10 21:34:54.435  2357  2357 E ActivityThread: 	at com.android.internal.os.ZygoteInit.main(ZygoteInit.java:997)
03-10 21:34:54.440   963  5641 W ActivityManager: Unbind failed: could not find connection for android.os.BinderProxy@246b344
03-10 21:34:54.450   963  1018 I DropBoxManagerService: add tag=system_app_strictmode isTagEnabled=true flags=0x2
03-10 21:34:55.902   963  5636 W WindowManager: Changing focus fromWindow{e3e9b8f u0 com.android.settings/com.android.settings.SubSettings} to null displayId=0 Callers=com.android.server.wm.RootWindowContainer.updateFocusedWindowLocked:457 com.android.server.wm.WindowManagerService.updateFocusedWindowLocked:5599 com.android.server.wm.DisplayContent.setFocusedApp:5517 com.android.server.wm.ActivityTaskManagerService.setResumedActivityUncheckLocked:5510 
03-10 21:34:55.930   963  5615 I WindowManager: Relayout Window{5a8aef6 u0 com.android.settings/com.android.settings.Settings}: oldVis=8 newVis=0 focusMayChange = true
03-10 21:34:55.934   963  5615 W WindowManager: Changing focus fromnull to Window{5a8aef6 u0 com.android.settings/com.android.settings.Settings} displayId=0 Callers=com.android.server.wm.RootWindowContainer.updateFocusedWindowLocked:457 com.android.server.wm.WindowManagerService.updateFocusedWindowLocked:5599 com.android.server.wm.WindowManagerService.relayoutWindow:2392 com.android.server.wm.Session.relayout:213 
03-10 21:34:55.936   963  1032 E KernelCpuSpeedReader: Failed to read cpu-freq: /sys/devices/system/cpu/cpu4/cpufreq/stats/time_in_state: open failed: ENOENT (No such file or directory)
03-10 21:34:55.936   963  1032 E KernelCpuSpeedReader: Failed to read cpu-freq: /sys/devices/system/cpu/cpu0/cpufreq/stats/time_in_state: open failed: ENOENT (No such file or directory)
03-10 21:34:55.943   963  1032 W BatteryExternalStatsWorker: modem info is invalid: ModemActivityInfo{ mTimestamp=0 mSleepTimeMs=0 mIdleTimeMs=0 mTransmitPowerInfo[]=[TransmitPower{ mTimeInMillis=0 mPowerRangeInDbm={-2147483648,0}}, TransmitPower{ mTimeInMillis=0 mPowerRangeInDbm={0,5}}, TransmitPower{ mTimeInMillis=0 mPowerRangeInDbm={5,15}}, TransmitPower{ mTimeInMillis=0 mPowerRangeInDbm={15,20}}, TransmitPower{ mTimeInMillis=0 mPowerRangeInDbm={20,2147483647}}] mRxTimeMs=0}
03-10 21:34:55.954   963  1032 E KernelCpuSpeedReader: Failed to read cpu-freq: /sys/devices/system/cpu/cpu4/cpufreq/stats/time_in_state: open failed: ENOENT (No such file or directory)
03-10 21:34:55.955   963  1032 E KernelCpuSpeedReader: Failed to read cpu-freq: /sys/devices/system/cpu/cpu0/cpufreq/stats/time_in_state: open failed: ENOENT (No such file or directory)
03-10 21:34:55.960   963  1032 W BatteryExternalStatsWorker: modem info is invalid: ModemActivityInfo{ mTimestamp=0 mSleepTimeMs=0 mIdleTimeMs=0 mTransmitPowerInfo[]=[TransmitPower{ mTimeInMillis=0 mPowerRangeInDbm={-2147483648,0}}, TransmitPower{ mTimeInMillis=0 mPowerRangeInDbm={0,5}}, TransmitPower{ mTimeInMillis=0 mPowerRangeInDbm={5,15}}, TransmitPower{ mTimeInMillis=0 mPowerRangeInDbm={15,20}}, TransmitPower{ mTimeInMillis=0 mPowerRangeInDbm={20,2147483647}}] mRxTimeMs=0}
03-10 21:34:55.974   963  1032 E KernelCpuSpeedReader: Failed to read cpu-freq: /sys/devices/system/cpu/cpu4/cpufreq/stats/time_in_state: open failed: ENOENT (No such file or directory)
03-10 21:34:55.974   963  1032 E KernelCpuSpeedReader: Failed to read cpu-freq: /sys/devices/system/cpu/cpu0/cpufreq/stats/time_in_state: open failed: ENOENT (No such file or directory)
03-10 21:34:55.978   963  1032 W BatteryExternalStatsWorker: modem info is invalid: ModemActivityInfo{ mTimestamp=0 mSleepTimeMs=0 mIdleTimeMs=0 mTransmitPowerInfo[]=[TransmitPower{ mTimeInMillis=0 mPowerRangeInDbm={-2147483648,0}}, TransmitPower{ mTimeInMillis=0 mPowerRangeInDbm={0,5}}, TransmitPower{ mTimeInMillis=0 mPowerRangeInDbm={5,15}}, TransmitPower{ mTimeInMillis=0 mPowerRangeInDbm={15,20}}, TransmitPower{ mTimeInMillis=0 mPowerRangeInDbm={20,2147483647}}] mRxTimeMs=0}
03-10 21:34:56.463   963  1026 W BroadcastQueue: Background execution not allowed: receiving Intent { act=android.intent.action.DROPBOX_ENTRY_ADDED flg=0x10 (has extras) } to com.google.android.gms/.stats.service.DropBoxEntryAddedReceiver
03-10 21:34:56.463   963  1026 W BroadcastQueue: Background execution not allowed: receiving Intent { act=android.intent.action.DROPBOX_ENTRY_ADDED flg=0x10 (has extras) } to com.google.android.gms/.chimera.GmsIntentOperationService$PersistentTrustedReceiver
03-10 21:34:56.653   963  1032 E KernelCpuSpeedReader: Failed to read cpu-freq: /sys/devices/system/cpu/cpu4/cpufreq/stats/time_in_state: open failed: ENOENT (No such file or directory)
03-10 21:34:56.653   963  1032 E KernelCpuSpeedReader: Failed to read cpu-freq: /sys/devices/system/cpu/cpu0/cpufreq/stats/time_in_state: open failed: ENOENT (No such file or directory)
03-10 21:34:56.656   963  1032 W BatteryExternalStatsWorker: modem info is invalid: ModemActivityInfo{ mTimestamp=0 mSleepTimeMs=0 mIdleTimeMs=0 mTransmitPowerInfo[]=[TransmitPower{ mTimeInMillis=0 mPowerRangeInDbm={-2147483648,0}}, TransmitPower{ mTimeInMillis=0 mPowerRangeInDbm={0,5}}, TransmitPower{ mTimeInMillis=0 mPowerRangeInDbm={5,15}}, TransmitPower{ mTimeInMillis=0 mPowerRangeInDbm={15,20}}, TransmitPower{ mTimeInMillis=0 mPowerRangeInDbm={20,2147483647}}] mRxTimeMs=0}
03-10 21:34:56.672   963  1032 E KernelCpuSpeedReader: Failed to read cpu-freq: /sys/devices/system/cpu/cpu4/cpufreq/stats/time_in_state: open failed: ENOENT (No such file or directory)
03-10 21:34:56.672   963  1032 E KernelCpuSpeedReader: Failed to read cpu-freq: /sys/devices/system/cpu/cpu0/cpufreq/stats/time_in_state: open failed: ENOENT (No such file or directory)
03-10 21:34:56.676   963  1032 W BatteryExternalStatsWorker: modem info is invalid: ModemActivityInfo{ mTimestamp=0 mSleepTimeMs=0 mIdleTimeMs=0 mTransmitPowerInfo[]=[TransmitPower{ mTimeInMillis=0 mPowerRangeInDbm={-2147483648,0}}, TransmitPower{ mTimeInMillis=0 mPowerRangeInDbm={0,5}}, TransmitPower{ mTimeInMillis=0 mPowerRangeInDbm={5,15}}, TransmitPower{ mTimeInMillis=0 mPowerRangeInDbm={15,20}}, TransmitPower{ mTimeInMillis=0 mPowerRangeInDbm={20,2147483647}}] mRxTimeMs=0}
03-10 21:34:57.759   963  5636 I ActivityTaskManager: START u0 {act=android.intent.action.MAIN cmp=com.android.settings/.SubSettings (has extras)} from uid 1000
03-10 21:34:57.777   963  5636 W ActivityTaskManager: Tried to set launchTime (0) < mLastActivityLaunchTime (531738)
03-10 21:34:57.779   963  5636 W WindowManager: Changing focus fromWindow{5a8aef6 u0 com.android.settings/com.android.settings.Settings} to null displayId=0 Callers=com.android.server.wm.RootWindowContainer.updateFocusedWindowLocked:457 com.android.server.wm.WindowManagerService.updateFocusedWindowLocked:5599 com.android.server.wm.DisplayContent.setFocusedApp:5517 com.android.server.wm.ActivityTaskManagerService.setResumedActivityUncheckLocked:5510 
03-10 21:34:57.820   963  5636 E UserRestrictionsUtils: Unknown restriction queried by uid 1000 (com.mediatek.atci.service et al): null
03-10 21:34:57.850   963  1775 D MtkConnectivityService: requestNetwork for uid/pid:1000/2357 NetworkRequest [ TRACK_DEFAULT id=74, [ Capabilities: INTERNET&NOT_RESTRICTED&TRUSTED Uid: 1000 AdministratorUids: [] RequestorUid: 1000 RequestorPackageName: com.android.settings] ]
03-10 21:34:57.850   963  1347 D MtkConnectivityService: NetReassign [74 : null → 100]
03-10 21:34:57.854   963  1347 D MtkConnectivityService: NetReassign [no changes]
03-10 21:34:57.862  1418  1418 I EmergencyButton: mLocateAtNonSecureView = true
03-10 21:34:57.862  1418  1418 I EmergencyButton: ECC Button is located on Notification Keygaurd and OP do not ask to show. So this is a normal case ,we never show it.
03-10 21:34:57.867   963  1347 D MtkConnectivityService: NetReassign [no changes]
03-10 21:34:57.867   963  5615 D MtkConnectivityService: requestNetwork for uid/pid:1000/2357 NetworkRequest [ TRACK_DEFAULT id=77, [ Capabilities: INTERNET&NOT_RESTRICTED&TRUSTED Uid: 1000 AdministratorUids: [] RequestorUid: 1000 RequestorPackageName: com.android.settings] ]
03-10 21:34:57.869   963  1347 D MtkConnectivityService: NetReassign [77 : null → 100]
03-10 21:34:57.871   963  1347 D MtkConnectivityService: NetReassign [no changes]
03-10 21:34:57.878  1418  1418 I EmergencyButton: mLocateAtNonSecureView = true
03-10 21:34:57.878  1418  1418 I EmergencyButton: ECC Button is located on Notification Keygaurd and OP do not ask to show. So this is a normal case ,we never show it.
03-10 21:34:57.910   963  1347 D MtkConnectivityService: NetReassign [no changes]
03-10 21:34:57.927   963  5636 I WindowManager: Relayout Window{d8a5f32 u0 com.android.settings/com.android.settings.SubSettings}: oldVis=4 newVis=0 focusMayChange = true
03-10 21:34:57.931   963  5636 W WindowManager: Changing focus fromnull to Window{d8a5f32 u0 com.android.settings/com.android.settings.SubSettings} displayId=0 Callers=com.android.server.wm.RootWindowContainer.updateFocusedWindowLocked:457 com.android.server.wm.WindowManagerService.updateFocusedWindowLocked:5599 com.android.server.wm.WindowManagerService.relayoutWindow:2392 com.android.server.wm.Session.relayout:213 
03-10 21:34:57.993   963  1025 E BOOTPROF: Failure open /proc/bootprof, not found!
03-10 21:34:57.993   963  1025 E BOOTPROF: java.io.FileNotFoundException: /proc/bootprof: open failed: ENOENT (No such file or directory)
03-10 21:34:57.993   963  1025 E BOOTPROF: 	at libcore.io.IoBridge.open(IoBridge.java:492)
03-10 21:34:57.993   963  1025 E BOOTPROF: 	at java.io.FileOutputStream.<init>(FileOutputStream.java:236)
03-10 21:34:57.993   963  1025 E BOOTPROF: 	at java.io.FileOutputStream.<init>(FileOutputStream.java:125)
03-10 21:34:57.993   963  1025 E BOOTPROF: 	at com.mediatek.server.MtkSystemServerImpl.addBootEvent(MtkSystemServerImpl.java:322)
03-10 21:34:57.993   963  1025 E BOOTPROF: 	at com.android.server.wm.ActivityMetricsLogger.logAppDisplayed(ActivityMetricsLogger.java:903)
03-10 21:34:57.993   963  1025 E BOOTPROF: 	at com.android.server.wm.ActivityMetricsLogger.lambda$logAppTransitionFinished$2$ActivityMetricsLogger(ActivityMetricsLogger.java:804)
03-10 21:34:57.993   963  1025 E BOOTPROF: 	at com.android.server.wm.-$$Lambda$ActivityMetricsLogger$fTBXciy3VZJ2vTW_ZJXaKfUj7_I.run(Unknown Source:4)
03-10 21:34:57.993   963  1025 E BOOTPROF: 	at android.os.Handler.handleCallback(Handler.java:938)
03-10 21:34:57.993   963  1025 E BOOTPROF: 	at android.os.Handler.dispatchMessage(Handler.java:99)
03-10 21:34:57.993   963  1025 E BOOTPROF: 	at android.os.Looper.loop(Looper.java:223)
03-10 21:34:57.993   963  1025 E BOOTPROF: 	at android.os.HandlerThread.run(HandlerThread.java:67)
03-10 21:34:57.993   963  1025 E BOOTPROF: Caused by: android.system.ErrnoException: open failed: ENOENT (No such file or directory)
03-10 21:34:57.993   963  1025 E BOOTPROF: 	at libcore.io.Linux.open(Native Method)
03-10 21:34:57.993   963  1025 E BOOTPROF: 	at libcore.io.ForwardingOs.open(ForwardingOs.java:166)
03-10 21:34:57.993   963  1025 E BOOTPROF: 	at libcore.io.BlockGuardOs.open(BlockGuardOs.java:254)
03-10 21:34:57.993   963  1025 E BOOTPROF: 	at libcore.io.IoBridge.open(IoBridge.java:478)
03-10 21:34:57.993   963  1025 E BOOTPROF: 	... 10 more
03-10 21:34:59.341   963  5636 I ActivityTaskManager: START u0 {act=android.intent.action.MAIN cmp=com.android.settings/.SubSettings (has extras)} from uid 1000
03-10 21:34:59.373   963  1347 D MtkConnectivityService: releasing NetworkRequest [ TRACK_DEFAULT id=77, [ Capabilities: INTERNET&NOT_RESTRICTED&TRUSTED Uid: 1000 AdministratorUids: [] RequestorUid: 1000 RequestorPackageName: com.android.settings] ] (release request)
03-10 21:34:59.375   963  5636 W ActivityTaskManager: Tried to set launchTime (0) < mLastActivityLaunchTime (612758)
03-10 21:34:59.378   963  5636 W WindowManager: Changing focus fromWindow{d8a5f32 u0 com.android.settings/com.android.settings.SubSettings} to null displayId=0 Callers=com.android.server.wm.RootWindowContainer.updateFocusedWindowLocked:457 com.android.server.wm.WindowManagerService.updateFocusedWindowLocked:5599 com.android.server.wm.DisplayContent.setFocusedApp:5517 com.android.server.wm.ActivityTaskManagerService.setResumedActivityUncheckLocked:5510 
03-10 21:34:59.384  1418  1418 I EmergencyButton: mLocateAtNonSecureView = true
03-10 21:34:59.384  1418  1418 I EmergencyButton: ECC Button is located on Notification Keygaurd and OP do not ask to show. So this is a normal case ,we never show it.
03-10 21:34:59.407   963  1750 I ActivityTaskManager: START u0 {act=android.settings.WIFI_SETTINGS2 cmp=com.android.settings/.Settings$WifiSettings2Activity (has extras)} from uid 1000
03-10 21:34:59.423   963  1750 W ActivityTaskManager: Tried to set launchTime (0) < mLastActivityLaunchTime (614356)
03-10 21:34:59.503   963  1347 D MtkConnectivityService: NetReassign [no changes]
03-10 21:34:59.526   963  5615 I WindowManager: Relayout Window{b97e614 u0 com.android.settings/com.android.settings.Settings$WifiSettings2Activity}: oldVis=4 newVis=0 focusMayChange = true
03-10 21:34:59.530   963  5615 W WindowManager: Changing focus fromnull to Window{b97e614 u0 com.android.settings/com.android.settings.Settings$WifiSettings2Activity} displayId=0 Callers=com.android.server.wm.RootWindowContainer.updateFocusedWindowLocked:457 com.android.server.wm.WindowManagerService.updateFocusedWindowLocked:5599 com.android.server.wm.WindowManagerService.relayoutWindow:2392 com.android.server.wm.Session.relayout:213 
03-10 21:34:59.567   963  1025 E BOOTPROF: Failure open /proc/bootprof, not found!
03-10 21:34:59.567   963  1025 E BOOTPROF: java.io.FileNotFoundException: /proc/bootprof: open failed: ENOENT (No such file or directory)
03-10 21:34:59.567   963  1025 E BOOTPROF: 	at libcore.io.IoBridge.open(IoBridge.java:492)
03-10 21:34:59.567   963  1025 E BOOTPROF: 	at java.io.FileOutputStream.<init>(FileOutputStream.java:236)
03-10 21:34:59.567   963  1025 E BOOTPROF: 	at java.io.FileOutputStream.<init>(FileOutputStream.java:125)
03-10 21:34:59.567   963  1025 E BOOTPROF: 	at com.mediatek.server.MtkSystemServerImpl.addBootEvent(MtkSystemServerImpl.java:322)
03-10 21:34:59.567   963  1025 E BOOTPROF: 	at com.android.server.wm.ActivityMetricsLogger.logAppDisplayed(ActivityMetricsLogger.java:903)
03-10 21:34:59.567   963  1025 E BOOTPROF: 	at com.android.server.wm.ActivityMetricsLogger.lambda$logAppTransitionFinished$2$ActivityMetricsLogger(ActivityMetricsLogger.java:804)
03-10 21:34:59.567   963  1025 E BOOTPROF: 	at com.android.server.wm.-$$Lambda$ActivityMetricsLogger$fTBXciy3VZJ2vTW_ZJXaKfUj7_I.run(Unknown Source:4)
03-10 21:34:59.567   963  1025 E BOOTPROF: 	at android.os.Handler.handleCallback(Handler.java:938)
03-10 21:34:59.567   963  1025 E BOOTPROF: 	at android.os.Handler.dispatchMessage(Handler.java:99)
03-10 21:34:59.567   963  1025 E BOOTPROF: 	at android.os.Looper.loop(Looper.java:223)
03-10 21:34:59.567   963  1025 E BOOTPROF: 	at android.os.HandlerThread.run(HandlerThread.java:67)
03-10 21:34:59.567   963  1025 E BOOTPROF: Caused by: android.system.ErrnoException: open failed: ENOENT (No such file or directory)
03-10 21:34:59.567   963  1025 E BOOTPROF: 	at libcore.io.Linux.open(Native Method)
03-10 21:34:59.567   963  1025 E BOOTPROF: 	at libcore.io.ForwardingOs.open(ForwardingOs.java:166)
03-10 21:34:59.567   963  1025 E BOOTPROF: 	at libcore.io.BlockGuardOs.open(BlockGuardOs.java:254)
03-10 21:34:59.567   963  1025 E BOOTPROF: 	at libcore.io.IoBridge.open(IoBridge.java:478)
03-10 21:34:59.567   963  1025 E BOOTPROF: 	... 10 more
03-10 21:35:00.020   963  1347 D MtkConnectivityService: releasing NetworkRequest [ TRACK_DEFAULT id=74, [ Capabilities: INTERNET&NOT_RESTRICTED&TRUSTED Uid: 1000 AdministratorUids: [] RequestorUid: 1000 RequestorPackageName: com.android.settings] ] (release request)
03-10 21:35:00.036  1418  1418 I EmergencyButton: mLocateAtNonSecureView = true
03-10 21:35:00.036  1418  1418 I EmergencyButton: ECC Button is located on Notification Keygaurd and OP do not ask to show. So this is a normal case ,we never show it.
03-10 21:35:00.903   963  2591 I ActivityTaskManager: START u0 {act=android.intent.action.MAIN cmp=com.android.settings/.SubSettings (has extras)} from uid 1000
03-10 21:35:00.921   963  2591 W ActivityTaskManager: Tried to set launchTime (0) < mLastActivityLaunchTime (614405)
03-10 21:35:00.924   963  2591 W WindowManager: Changing focus fromWindow{b97e614 u0 com.android.settings/com.android.settings.Settings$WifiSettings2Activity} to null displayId=0 Callers=com.android.server.wm.RootWindowContainer.updateFocusedWindowLocked:457 com.android.server.wm.WindowManagerService.updateFocusedWindowLocked:5599 com.android.server.wm.DisplayContent.setFocusedApp:5517 com.android.server.wm.ActivityTaskManagerService.setResumedActivityUncheckLocked:5510 
03-10 21:35:01.004   963  1347 D MtkConnectivityService: NetReassign [no changes]
03-10 21:35:01.019   963  1347 D MtkConnectivityService: NetReassign [no changes]
03-10 21:35:01.042   963  1424 I WindowManager: Relayout Window{a56d899 u0 com.android.settings/com.android.settings.SubSettings}: oldVis=4 newVis=0 focusMayChange = true
03-10 21:35:01.046   963  1424 W WindowManager: Changing focus fromnull to Window{a56d899 u0 com.android.settings/com.android.settings.SubSettings} displayId=0 Callers=com.android.server.wm.RootWindowContainer.updateFocusedWindowLocked:457 com.android.server.wm.WindowManagerService.updateFocusedWindowLocked:5599 com.android.server.wm.WindowManagerService.relayoutWindow:2392 com.android.server.wm.Session.relayout:213 
03-10 21:35:01.091   963  1025 E BOOTPROF: Failure open /proc/bootprof, not found!
03-10 21:35:01.091   963  1025 E BOOTPROF: java.io.FileNotFoundException: /proc/bootprof: open failed: ENOENT (No such file or directory)
03-10 21:35:01.091   963  1025 E BOOTPROF: 	at libcore.io.IoBridge.open(IoBridge.java:492)
03-10 21:35:01.091   963  1025 E BOOTPROF: 	at java.io.FileOutputStream.<init>(FileOutputStream.java:236)
03-10 21:35:01.091   963  1025 E BOOTPROF: 	at java.io.FileOutputStream.<init>(FileOutputStream.java:125)
03-10 21:35:01.091   963  1025 E BOOTPROF: 	at com.mediatek.server.MtkSystemServerImpl.addBootEvent(MtkSystemServerImpl.java:322)
03-10 21:35:01.091   963  1025 E BOOTPROF: 	at com.android.server.wm.ActivityMetricsLogger.logAppDisplayed(ActivityMetricsLogger.java:903)
03-10 21:35:01.091   963  1025 E BOOTPROF: 	at com.android.server.wm.ActivityMetricsLogger.lambda$logAppTransitionFinished$2$ActivityMetricsLogger(ActivityMetricsLogger.java:804)
03-10 21:35:01.091   963  1025 E BOOTPROF: 	at com.android.server.wm.-$$Lambda$ActivityMetricsLogger$fTBXciy3VZJ2vTW_ZJXaKfUj7_I.run(Unknown Source:4)
03-10 21:35:01.091   963  1025 E BOOTPROF: 	at android.os.Handler.handleCallback(Handler.java:938)
03-10 21:35:01.091   963  1025 E BOOTPROF: 	at android.os.Handler.dispatchMessage(Handler.java:99)
03-10 21:35:01.091   963  1025 E BOOTPROF: 	at android.os.Looper.loop(Looper.java:223)
03-10 21:35:01.091   963  1025 E BOOTPROF: 	at android.os.HandlerThread.run(HandlerThread.java:67)
03-10 21:35:01.091   963  1025 E BOOTPROF: Caused by: android.system.ErrnoException: open failed: ENOENT (No such file or directory)
03-10 21:35:01.091   963  1025 E BOOTPROF: 	at libcore.io.Linux.open(Native Method)
03-10 21:35:01.091   963  1025 E BOOTPROF: 	at libcore.io.ForwardingOs.open(ForwardingOs.java:166)
03-10 21:35:01.091   963  1025 E BOOTPROF: 	at libcore.io.BlockGuardOs.open(BlockGuardOs.java:254)
03-10 21:35:01.091   963  1025 E BOOTPROF: 	at libcore.io.IoBridge.open(IoBridge.java:478)
03-10 21:35:01.091   963  1025 E BOOTPROF: 	... 10 more
03-10 21:35:04.324   963  1750 W ActivityManager: Unable to start service Intent { act=com.google.android.setupcompat.portal.SetupNotificationService.BIND pkg=com.google.android.setupwizard } U=0: not found
03-10 21:35:04.363  1863  1863 E ActivityThread: Service com.google.android.setupwizard.deferred.DeferredSetupNotificationSchedulerService has leaked ServiceConnection ayf@65eb513 that was originally bound here
03-10 21:35:04.363  1863  1863 E ActivityThread: android.app.ServiceConnectionLeaked: Service com.google.android.setupwizard.deferred.DeferredSetupNotificationSchedulerService has leaked ServiceConnection ayf@65eb513 that was originally bound here
03-10 21:35:04.363  1863  1863 E ActivityThread: 	at android.app.LoadedApk$ServiceDispatcher.<init>(LoadedApk.java:1829)
03-10 21:35:04.363  1863  1863 E ActivityThread: 	at android.app.LoadedApk.getServiceDispatcherCommon(LoadedApk.java:1701)
03-10 21:35:04.363  1863  1863 E ActivityThread: 	at android.app.LoadedApk.getServiceDispatcher(LoadedApk.java:1680)
03-10 21:35:04.363  1863  1863 E ActivityThread: 	at android.app.ContextImpl.bindServiceCommon(ContextImpl.java:1819)
03-10 21:35:04.363  1863  1863 E ActivityThread: 	at android.app.ContextImpl.bindService(ContextImpl.java:1749)
03-10 21:35:04.363  1863  1863 E ActivityThread: 	at android.content.ContextWrapper.bindService(ContextWrapper.java:756)
03-10 21:35:04.363  1863  1863 E ActivityThread: 	at aig.a(PG:3)
03-10 21:35:04.363  1863  1863 E ActivityThread: 	at ayh.a(PG:5)
03-10 21:35:04.363  1863  1863 E ActivityThread: 	at asb.apply(Unknown Source:6)
03-10 21:35:04.363  1863  1863 E ActivityThread: 	at java.util.concurrent.CompletableFuture.uniApply(CompletableFuture.java:612)
03-10 21:35:04.363  1863  1863 E ActivityThread: 	at java.util.concurrent.CompletableFuture$UniApply.tryFire(CompletableFuture.java:587)
03-10 21:35:04.363  1863  1863 E ActivityThread: 	at java.util.concurrent.CompletableFuture.postComplete(CompletableFuture.java:484)
03-10 21:35:04.363  1863  1863 E ActivityThread: 	at java.util.concurrent.CompletableFuture.complete(CompletableFuture.java:1990)
03-10 21:35:04.363  1863  1863 E ActivityThread: 	at alk.run(Unknown Source:1)
03-10 21:35:04.363  1863  1863 E ActivityThread: 	at android.accounts.AccountManager$Future2Task$1.run(AccountManager.java:2436)
03-10 21:35:04.363  1863  1863 E ActivityThread: 	at android.os.Handler.handleCallback(Handler.java:938)
03-10 21:35:04.363  1863  1863 E ActivityThread: 	at android.os.Handler.dispatchMessage(Handler.java:99)
03-10 21:35:04.363  1863  1863 E ActivityThread: 	at android.os.Looper.loop(Looper.java:223)
03-10 21:35:04.363  1863  1863 E ActivityThread: 	at android.app.ActivityThread.main(ActivityThread.java:7723)
03-10 21:35:04.363  1863  1863 E ActivityThread: 	at java.lang.reflect.Method.invoke(Native Method)
03-10 21:35:04.363  1863  1863 E ActivityThread: 	at com.android.internal.os.RuntimeInit$MethodAndArgsCaller.run(RuntimeInit.java:612)
03-10 21:35:04.363  1863  1863 E ActivityThread: 	at com.android.internal.os.ZygoteInit.main(ZygoteInit.java:997)
03-10 21:35:04.363   963  2591 W ActivityManager: Unbind failed: could not find connection for android.os.BinderProxy@d2372ed
03-10 21:35:04.548   963   963 W NotificationHistory: Attempted to add notif for locked/gone/disabled user 0
03-10 21:35:13.373   963  1750 D MtkConnectivityService: Data stall detected with methods: 2
03-10 21:35:19.602   963  2227 W AdbDebuggingManager: Read failed with count -1
03-10 21:35:19.605   963  2227 E AdbDebuggingManager: Caught an exception opening the socket: java.io.IOException: Connection refused
03-10 21:35:19.668   963  1347 D MtkConnectivityService: reportNetworkConnectivity(100, false) by 10108
03-10 21:35:23.516   963  1347 D MtkConnectivityService: [100 WIFI] validation failed
03-10 21:35:23.517   963  1347 D MtkConnectivityService: NetReassign [no changes]
03-10 21:35:23.571   963  1347 D MtkConnectivityService: handleNetworkUnvalidated [100 WIFI] cap=[ Transports: WIFI Capabilities: NOT_METERED&INTERNET&NOT_RESTRICTED&TRUSTED&NOT_VPN&NOT_ROAMING&FOREGROUND&NOT_CONGESTED&NOT_SUSPENDED LinkUpBandwidth>=49000Kbps LinkDnBandwidth>=49000Kbps SignalStrength: -34 OwnerUid: 1000 SSID: "TPLink-W530" RequestorUid: -1 RequestorPackageName: null]
03-10 21:35:34.665   963  1347 D MtkConnectivityService: [100 WIFI] validation failed
03-10 21:35:42.749   963  2585 V ActivityManager: Death received in com.android.server.am.ActivityManagerService$AppDeathRecipient@c78ba71 for thread android.os.BinderProxy@c9c0056
03-10 21:35:42.750   963  2585 I ActivityManager: Process com.google.android.apps.wellbeing (pid 2137) has died: cch+25 CEM 
03-10 21:35:43.328   963  1103 I UsbPortManager: ClientCallback V1_1: dual-role-type_c_port0
03-10 21:35:43.334   963  1016 I UsbPortManager: USB port changed: port=UsbPort{id=dual-role-type_c_port0, supportedModes=dualsupportedContaminantProtectionModes=0supportsEnableContaminantPresenceProtection=falsesupportsEnableContaminantPresenceDetection=false, status=UsbPortStatus{connected=false, currentMode=none, currentPowerRole=no-power, currentDataRole=no-data, supportedRoleCombinations=[no-power:no-data], contaminantDetectionStatus=0, contaminantProtectionStatus=0}, canChangeMode=false, canChangePowerRole=false, canChangeDataRole=false, connectedAtMillis=0, lastConnectDurationMillis=136364
03-10 21:35:43.379   963  1026 W BroadcastQueue: Background execution not allowed: receiving Intent { act=android.intent.action.ACTION_POWER_DISCONNECTED flg=0x4000010 (has extras) } to com.google.android.gms/.chimera.GmsIntentOperationService$PersistentTrustedReceiver
03-10 21:35:43.417   963  1032 E KernelCpuSpeedReader: Failed to read cpu-freq: /sys/devices/system/cpu/cpu4/cpufreq/stats/time_in_state: open failed: ENOENT (No such file or directory)
03-10 21:35:43.418   963  1032 E KernelCpuSpeedReader: Failed to read cpu-freq: /sys/devices/system/cpu/cpu0/cpufreq/stats/time_in_state: open failed: ENOENT (No such file or directory)
03-10 21:35:43.429   963  1032 W BatteryExternalStatsWorker: modem info is invalid: ModemActivityInfo{ mTimestamp=0 mSleepTimeMs=0 mIdleTimeMs=0 mTransmitPowerInfo[]=[TransmitPower{ mTimeInMillis=0 mPowerRangeInDbm={-2147483648,0}}, TransmitPower{ mTimeInMillis=0 mPowerRangeInDbm={0,5}}, TransmitPower{ mTimeInMillis=0 mPowerRangeInDbm={5,15}}, TransmitPower{ mTimeInMillis=0 mPowerRangeInDbm={15,20}}, TransmitPower{ mTimeInMillis=0 mPowerRangeInDbm={20,2147483647}}] mRxTimeMs=0}
03-10 21:35:44.325   963  1016 D UsbDeviceManager: Clear notification
03-10 21:35:46.785   963  1347 D MtkConnectivityService: [100 WIFI] validation failed
03-10 21:35:50.126   963  5695 V ActivityManager: Death received in com.android.server.am.ActivityManagerService$AppDeathRecipient@641ada2 for thread android.os.BinderProxy@a2a7a33
03-10 21:35:50.127   963  5695 I ActivityManager: Process com.google.android.contacts (pid 3246) has died: cch+25 CEM 
03-10 21:35:52.630   963  1505 V ActivityManager: Death received in com.android.server.am.ActivityManagerService$AppDeathRecipient@72d518e for thread android.os.BinderProxy@ef92daf
03-10 21:35:52.632   963  1505 I ActivityManager: Process com.google.android.apps.docs (pid 3405) has died: cch+25 CEM 
03-10 21:35:55.293   963  1505 V ActivityManager: Death received in com.android.server.am.ActivityManagerService$AppDeathRecipient@d66b899 for thread android.os.BinderProxy@51675e
03-10 21:35:55.295   963  1505 I ActivityManager: Process com.google.android.apps.photos (pid 3109) has died: prev LAST
03-10 21:35:55.298   963  4054 I WindowManager: WIN DEATH: Window{ef06834 u0 com.google.android.apps.photos/com.google.android.apps.photos.pager.HostPhotoPagerActivity}
03-10 21:35:55.301   963  2580 D MediaRouterService: Client com.google.android.apps.photos (pid 3109): Died!
03-10 21:35:55.310   963  1019 W ActivityManager: setHasOverlayUi called on unknown pid: 3109
03-10 21:36:00.036   963  5618 D MtkConnectivityService: ConnectivityService NetworkRequestInfo binderDied(NetworkRequest [ TRACK_DEFAULT id=29, [ Capabilities: INTERNET&NOT_RESTRICTED&TRUSTED Uid: 10127 AdministratorUids: [] RequestorUid: 10127 RequestorPackageName: com.google.android.apps.maps] ], android.os.BinderProxy@4eb6f7b)
03-10 21:36:00.036   963  2580 D MtkConnectivityService: ConnectivityService NetworkRequestInfo binderDied(NetworkRequest [ LISTEN id=31, [ Capabilities: INTERNET&NOT_RESTRICTED&TRUSTED Uid: 10127 AdministratorUids: [] RequestorUid: 10127 RequestorPackageName: com.google.android.apps.maps] ], android.os.BinderProxy@b52cdf1)
03-10 21:36:00.037   963  1347 D MtkConnectivityService: releasing NetworkRequest [ TRACK_DEFAULT id=29, [ Capabilities: INTERNET&NOT_RESTRICTED&TRUSTED Uid: 10127 AdministratorUids: [] RequestorUid: 10127 RequestorPackageName: com.google.android.apps.maps] ] (release request)
03-10 21:36:00.037   963  1509 V ActivityManager: Death received in com.android.server.am.ActivityManagerService$AppDeathRecipient@f31ef25 for thread android.os.BinderProxy@abe48fa
03-10 21:36:00.037   963  1509 I ActivityManager: Process com.google.android.apps.maps (pid 3701) has died: cch+25 CEM 
03-10 21:36:00.039   963  2585 D MtkConnectivityService: ConnectivityService NetworkRequestInfo binderDied(NetworkRequest [ TRACK_DEFAULT id=30, [ Capabilities: INTERNET&NOT_RESTRICTED&TRUSTED Uid: 10127 AdministratorUids: [] RequestorUid: 10127 RequestorPackageName: com.google.android.apps.maps] ], android.os.BinderProxy@8582198)
03-10 21:36:00.050   963  1347 D MtkConnectivityService: releasing NetworkRequest [ TRACK_DEFAULT id=30, [ Capabilities: INTERNET&NOT_RESTRICTED&TRUSTED Uid: 10127 AdministratorUids: [] RequestorUid: 10127 RequestorPackageName: com.google.android.apps.maps] ] (release request)
